Archive member included to satisfy reference by file (symbol)

/usr/lib/gcc/arm-none-eabi/7.3.1/../../../arm-none-eabi/lib/thumb/v7-m/libc_nano.a(lib_a-atexit.o)
                              /usr/lib/gcc/arm-none-eabi/7.3.1/../../../arm-none-eabi/lib/thumb/v7-m/crt0.o (atexit)
/usr/lib/gcc/arm-none-eabi/7.3.1/../../../arm-none-eabi/lib/thumb/v7-m/libc_nano.a(lib_a-exit.o)
                              /usr/lib/gcc/arm-none-eabi/7.3.1/../../../arm-none-eabi/lib/thumb/v7-m/crt0.o (exit)
/usr/lib/gcc/arm-none-eabi/7.3.1/../../../arm-none-eabi/lib/thumb/v7-m/libc_nano.a(lib_a-fini.o)
                              /usr/lib/gcc/arm-none-eabi/7.3.1/../../../arm-none-eabi/lib/thumb/v7-m/crt0.o (__libc_fini_array)
/usr/lib/gcc/arm-none-eabi/7.3.1/../../../arm-none-eabi/lib/thumb/v7-m/libc_nano.a(lib_a-impure.o)
                              /usr/lib/gcc/arm-none-eabi/7.3.1/../../../arm-none-eabi/lib/thumb/v7-m/libc_nano.a(lib_a-exit.o) (_global_impure_ptr)
/usr/lib/gcc/arm-none-eabi/7.3.1/../../../arm-none-eabi/lib/thumb/v7-m/libc_nano.a(lib_a-init.o)
                              /usr/lib/gcc/arm-none-eabi/7.3.1/../../../arm-none-eabi/lib/thumb/v7-m/crt0.o (__libc_init_array)
/usr/lib/gcc/arm-none-eabi/7.3.1/../../../arm-none-eabi/lib/thumb/v7-m/libc_nano.a(lib_a-memset.o)
                              /usr/lib/gcc/arm-none-eabi/7.3.1/../../../arm-none-eabi/lib/thumb/v7-m/crt0.o (memset)
/usr/lib/gcc/arm-none-eabi/7.3.1/../../../arm-none-eabi/lib/thumb/v7-m/libc_nano.a(lib_a-sprintf.o)
                              build/commandParser.o (sprintf)
/usr/lib/gcc/arm-none-eabi/7.3.1/../../../arm-none-eabi/lib/thumb/v7-m/libc_nano.a(lib_a-strlen-stub.o)
                              build/usbd_cdc_if.o (strlen)
/usr/lib/gcc/arm-none-eabi/7.3.1/../../../arm-none-eabi/lib/thumb/v7-m/libc_nano.a(lib_a-strncmp.o)
                              build/commandParser.o (strncmp)
/usr/lib/gcc/arm-none-eabi/7.3.1/../../../arm-none-eabi/lib/thumb/v7-m/libc_nano.a(lib_a-__atexit.o)
                              /usr/lib/gcc/arm-none-eabi/7.3.1/../../../arm-none-eabi/lib/thumb/v7-m/libc_nano.a(lib_a-atexit.o) (__register_exitproc)
/usr/lib/gcc/arm-none-eabi/7.3.1/../../../arm-none-eabi/lib/thumb/v7-m/libc_nano.a(lib_a-__call_atexit.o)
                              /usr/lib/gcc/arm-none-eabi/7.3.1/../../../arm-none-eabi/lib/thumb/v7-m/libc_nano.a(lib_a-__atexit.o) (__call_exitprocs)
/usr/lib/gcc/arm-none-eabi/7.3.1/../../../arm-none-eabi/lib/thumb/v7-m/libc_nano.a(lib_a-nano-svfprintf.o)
                              /usr/lib/gcc/arm-none-eabi/7.3.1/../../../arm-none-eabi/lib/thumb/v7-m/libc_nano.a(lib_a-sprintf.o) (_svfprintf_r)
/usr/lib/gcc/arm-none-eabi/7.3.1/../../../arm-none-eabi/lib/thumb/v7-m/libc_nano.a(lib_a-nano-vfprintf_i.o)
                              /usr/lib/gcc/arm-none-eabi/7.3.1/../../../arm-none-eabi/lib/thumb/v7-m/libc_nano.a(lib_a-nano-svfprintf.o) (_printf_i)
/usr/lib/gcc/arm-none-eabi/7.3.1/../../../arm-none-eabi/lib/thumb/v7-m/libc_nano.a(lib_a-memchr-stub.o)
                              /usr/lib/gcc/arm-none-eabi/7.3.1/../../../arm-none-eabi/lib/thumb/v7-m/libc_nano.a(lib_a-nano-svfprintf.o) (memchr)
/usr/lib/gcc/arm-none-eabi/7.3.1/../../../arm-none-eabi/lib/thumb/v7-m/libc_nano.a(lib_a-memcpy.o)
                              /usr/lib/gcc/arm-none-eabi/7.3.1/../../../arm-none-eabi/lib/thumb/v7-m/libc_nano.a(lib_a-nano-svfprintf.o) (memcpy)
/usr/lib/gcc/arm-none-eabi/7.3.1/../../../arm-none-eabi/lib/thumb/v7-m/libc_nano.a(lib_a-memmove.o)
                              /usr/lib/gcc/arm-none-eabi/7.3.1/../../../arm-none-eabi/lib/thumb/v7-m/libc_nano.a(lib_a-nano-svfprintf.o) (memmove)
/usr/lib/gcc/arm-none-eabi/7.3.1/../../../arm-none-eabi/lib/thumb/v7-m/libc_nano.a(lib_a-nano-freer.o)
                              /usr/lib/gcc/arm-none-eabi/7.3.1/../../../arm-none-eabi/lib/thumb/v7-m/libc_nano.a(lib_a-nano-svfprintf.o) (_free_r)
/usr/lib/gcc/arm-none-eabi/7.3.1/../../../arm-none-eabi/lib/thumb/v7-m/libc_nano.a(lib_a-nano-mallocr.o)
                              /usr/lib/gcc/arm-none-eabi/7.3.1/../../../arm-none-eabi/lib/thumb/v7-m/libc_nano.a(lib_a-nano-svfprintf.o) (_malloc_r)
/usr/lib/gcc/arm-none-eabi/7.3.1/../../../arm-none-eabi/lib/thumb/v7-m/libc_nano.a(lib_a-nano-reallocr.o)
                              /usr/lib/gcc/arm-none-eabi/7.3.1/../../../arm-none-eabi/lib/thumb/v7-m/libc_nano.a(lib_a-nano-svfprintf.o) (_realloc_r)
/usr/lib/gcc/arm-none-eabi/7.3.1/../../../arm-none-eabi/lib/thumb/v7-m/libc_nano.a(lib_a-sbrkr.o)
                              /usr/lib/gcc/arm-none-eabi/7.3.1/../../../arm-none-eabi/lib/thumb/v7-m/libc_nano.a(lib_a-nano-mallocr.o) (_sbrk_r)
/usr/lib/gcc/arm-none-eabi/7.3.1/../../../arm-none-eabi/lib/thumb/v7-m/libc_nano.a(lib_a-mlock.o)
                              /usr/lib/gcc/arm-none-eabi/7.3.1/../../../arm-none-eabi/lib/thumb/v7-m/libc_nano.a(lib_a-nano-freer.o) (__malloc_lock)
[...]
Memory Configuration

Name             Origin             Length             Attributes
RAM              0x0000000020000000 0x0000000000005000 xrw
FLASH            0x0000000008000000 0x0000000000010000 xr
*default*        0x0000000000000000 0xffffffffffffffff

Linker script and memory map

LOAD /usr/lib/gcc/arm-none-eabi/7.3.1/thumb/v7-m/crti.o
LOAD /usr/lib/gcc/arm-none-eabi/7.3.1/thumb/v7-m/crtbegin.o
LOAD /usr/lib/gcc/arm-none-eabi/7.3.1/../../../arm-none-eabi/lib/thumb/v7-m/crt0.o
LOAD build/main.o
LOAD build/gpio.o
LOAD build/adc.o
LOAD build/sys.o
LOAD build/stm32f1xx_it.o
LOAD build/stm32f1xx_hal_msp.o
LOAD build/stm32f1xx_hal_gpio_ex.o
LOAD build/stm32f1xx_hal_adc.o
LOAD build/stm32f1xx_hal_adc_ex.o
LOAD build/stm32f1xx_hal.o
LOAD build/stm32f1xx_hal_rcc.o
LOAD build/stm32f1xx_hal_rcc_ex.o
LOAD build/stm32f1xx_hal_gpio.o
LOAD build/stm32f1xx_hal_dma.o
LOAD build/stm32f1xx_hal_cortex.o
LOAD build/stm32f1xx_hal_pwr.o
LOAD build/stm32f1xx_hal_flash.o
LOAD build/stm32f1xx_hal_flash_ex.o
LOAD build/stm32f1xx_hal_exti.o
LOAD build/stm32f1xx_hal_tim.o
LOAD build/stm32f1xx_hal_tim_ex.o
LOAD build/stm32f1xx_hal_pcd.o
LOAD build/stm32f1xx_hal_pcd_ex.o
LOAD build/stm32f1xx_ll_usb.o
LOAD build/system_stm32f1xx.o
LOAD build/usb_device.o
LOAD build/usbd_conf.o
LOAD build/usbd_desc.o
LOAD build/usbd_cdc_if.o
LOAD build/usbd_core.o
LOAD build/usbd_ctlreq.o
LOAD build/usbd_ioreq.o
LOAD build/usbd_cdc.o
LOAD build/dwt_stm32_delay.o
LOAD build/tim.o
LOAD build/commandParser.o
LOAD build/max2871_registers.o
LOAD build/max2871.o
LOAD build/startup_stm32f103xb.o
LOAD /usr/lib/gcc/arm-none-eabi/7.3.1/../../../arm-none-eabi/lib/thumb/v7-m/libc_nano.a
LOAD /usr/lib/gcc/arm-none-eabi/7.3.1/../../../arm-none-eabi/lib/thumb/v7-m/libm.a
LOAD /usr/lib/gcc/arm-none-eabi/7.3.1/../../../arm-none-eabi/lib/thumb/v7-m/libnosys.a
START GROUP
LOAD /usr/lib/gcc/arm-none-eabi/7.3.1/thumb/v7-m/libgcc.a
LOAD /usr/lib/gcc/arm-none-eabi/7.3.1/../../../arm-none-eabi/lib/thumb/v7-m/libc_nano.a
END GROUP
START GROUP
LOAD /usr/lib/gcc/arm-none-eabi/7.3.1/thumb/v7-m/libgcc.a
LOAD /usr/lib/gcc/arm-none-eabi/7.3.1/../../../arm-none-eabi/lib/thumb/v7-m/libc_nano.a
END GROUP
LOAD /usr/lib/gcc/arm-none-eabi/7.3.1/thumb/v7-m/crtend.o
LOAD /usr/lib/gcc/arm-none-eabi/7.3.1/thumb/v7-m/crtn.o
                0x0000000020005000                _estack = 0x20005000
                0x0000000000000200                _Min_Heap_Size = 0x200
                0x0000000000000400                _Min_Stack_Size = 0x400

.isr_vector     0x0000000008000000      0x10c
                0x0000000008000000                . = ALIGN (0x4)
 *(.isr_vector)
 .isr_vector    0x0000000008000000      0x10c build/startup_stm32f103xb.o
                0x0000000008000000                g_pfnVectors
                0x000000000800010c                . = ALIGN (0x4)

.text           0x000000000800010c     0x5790
                0x000000000800010c                . = ALIGN (0x4)
 *(.text)
 .text          0x000000000800010c       0x88 /usr/lib/gcc/arm-none-eabi/7.3.1/thumb/v7-m/crtbegin.o
 .text          0x0000000008000194       0x48 /usr/lib/gcc/arm-none-eabi/7.3.1/../../../arm-none-eabi/lib/thumb/v7-m/libc_nano.a(lib_a-init.o)
                0x0000000008000194                __libc_init_array
 .text          0x00000000080001dc       0x94 /usr/lib/gcc/arm-none-eabi/7.3.1/../../../arm-none-eabi/lib/thumb/v7-m/libc_nano.a(lib_a-memset.o)
                0x00000000080001dc                memset
 .text          0x0000000008000270       0x80 /usr/lib/gcc/arm-none-eabi/7.3.1/../../../arm-none-eabi/lib/thumb/v7-m/libc_nano.a(lib_a-sprintf.o)
                0x0000000008000270                _siprintf_r
                0x0000000008000270                _sprintf_r
                0x00000000080002ac                sprintf
                0x00000000080002ac                siprintf
 .text          0x00000000080002f0       0x5c /usr/lib/gcc/arm-none-eabi/7.3.1/../../../arm-none-eabi/lib/thumb/v7-m/libc_nano.a(lib_a-strlen-stub.o)
                0x00000000080002f0                strlen
 .text          0x000000000800034c       0x94 /usr/lib/gcc/arm-none-eabi/7.3.1/../../../arm-none-eabi/lib/thumb/v7-m/libc_nano.a(lib_a-strncmp.o)
                0x000000000800034c                strncmp
 .text          0x00000000080003e0      0x440 /usr/lib/gcc/arm-none-eabi/7.3.1/../../../arm-none-eabi/lib/thumb/v7-m/libc_nano.a(lib_a-nano-svfprintf.o)
                0x00000000080003e0                __ssputs_r
                0x00000000080004a4                __ssprint_r
                0x0000000008000598                _svfprintf_r
                0x0000000008000598                _svfiprintf_r
 .text          0x0000000008000820      0x3a0 /usr/lib/gcc/arm-none-eabi/7.3.1/../../../arm-none-eabi/lib/thumb/v7-m/libc_nano.a(lib_a-nano-vfprintf_i.o)
                0x0000000008000820                _printf_common
                0x000000000800093c                _printf_i
 .text          0x0000000008000bc0       0x8c /usr/lib/gcc/arm-none-eabi/7.3.1/../../../arm-none-eabi/lib/thumb/v7-m/libc_nano.a(lib_a-memchr-stub.o)
                0x0000000008000bc0                memchr
 .text          0x0000000008000c4c       0xec /usr/lib/gcc/arm-none-eabi/7.3.1/../../../arm-none-eabi/lib/thumb/v7-m/libc_nano.a(lib_a-memcpy.o)
                0x0000000008000c4c                memcpy
 .text          0x0000000008000d38       0xc4 /usr/lib/gcc/arm-none-eabi/7.3.1/../../../arm-none-eabi/lib/thumb/v7-m/libc_nano.a(lib_a-memmove.o)
                0x0000000008000d38                memmove
 .text          0x0000000008000dfc       0xa8 /usr/lib/gcc/arm-none-eabi/7.3.1/../../../arm-none-eabi/lib/thumb/v7-m/libc_nano.a(lib_a-nano-freer.o)
                0x0000000008000dfc                _free_r
 .text          0x0000000008000ea4       0xc8 /usr/lib/gcc/arm-none-eabi/7.3.1/../../../arm-none-eabi/lib/thumb/v7-m/libc_nano.a(lib_a-nano-mallocr.o)
                0x0000000008000ea4                _malloc_r
 .text          0x0000000008000f6c       0x4c /usr/lib/gcc/arm-none-eabi/7.3.1/../../../arm-none-eabi/lib/thumb/v7-m/libc_nano.a(lib_a-nano-reallocr.o)
                0x0000000008000f6c                _realloc_r
 .text          0x0000000008000fb8       0x24 /usr/lib/gcc/arm-none-eabi/7.3.1/../../../arm-none-eabi/lib/thumb/v7-m/libc_nano.a(lib_a-sbrkr.o)
                0x0000000008000fb8                _sbrk_r
 .text          0x0000000008000fdc        0x8 /usr/lib/gcc/arm-none-eabi/7.3.1/../../../arm-none-eabi/lib/thumb/v7-m/libc_nano.a(lib_a-mlock.o)
                0x0000000008000fdc                __malloc_lock
                0x0000000008000fe0                __malloc_unlock
 .text          0x0000000008000fe4       0x10 /usr/lib/gcc/arm-none-eabi/7.3.1/../../../arm-none-eabi/lib/thumb/v7-m/libc_nano.a(lib_a-nano-msizer.o)
                0x0000000008000fe4                _malloc_usable_size_r
 .text          0x0000000008000ff4       0x1c /usr/lib/gcc/arm-none-eabi/7.3.1/../../../arm-none-eabi/lib/thumb/v7-m/libnosys.a(sbrk.o)
                0x0000000008000ff4                _sbrk
 .text          0x0000000008001010      0x378 /usr/lib/gcc/arm-none-eabi/7.3.1/thumb/v7-m/libgcc.a(_arm_addsubdf3.o)
                0x0000000008001010                __aeabi_drsub
                0x0000000008001018                __aeabi_dsub
                0x0000000008001018                __subdf3
                0x000000000800101c                __adddf3
                0x000000000800101c                __aeabi_dadd
                0x0000000008001294                __aeabi_ui2d
                0x0000000008001294                __floatunsidf
                0x00000000080012b4                __floatsidf
                0x00000000080012b4                __aeabi_i2d
                0x00000000080012d8                __extendsfdf2
                0x00000000080012d8                __aeabi_f2d
                0x000000000800131c                __aeabi_ul2d
                0x000000000800131c                __floatundidf
                0x000000000800132c                __floatdidf
                0x000000000800132c                __aeabi_l2d
 *(.text*)
 .text.SystemClock_Config
                0x0000000008001388       0x70 build/main.o
                0x0000000008001388                SystemClock_Config
 .text.enumerateUSB
                0x00000000080013f8       0x48 build/main.o
                0x00000000080013f8                enumerateUSB
 .text.main     0x0000000008001440       0x3c build/main.o
                0x0000000008001440                main
 .text.Error_Handler
                0x000000000800147c        0x2 build/main.o
                0x000000000800147c                Error_Handler
 *fill*         0x000000000800147e        0x2 
 .text.MX_GPIO_Init
                0x0000000008001480      0x118 build/gpio.o
                0x0000000008001480                MX_GPIO_Init
 .text.MX_ADC1_Init
                0x0000000008001598       0x58 build/adc.o
                0x0000000008001598                MX_ADC1_Init
 .text.HAL_ADC_MspInit
                0x00000000080015f0       0x60 build/adc.o
                0x00000000080015f0                HAL_ADC_MspInit
 .text.NMI_Handler
                0x0000000008001650        0x2 build/stm32f1xx_it.o
                0x0000000008001650                NMI_Handler
 .text.HardFault_Handler
                0x0000000008001652        0x2 build/stm32f1xx_it.o
                0x0000000008001652                HardFault_Handler
 .text.MemManage_Handler
                0x0000000008001654        0x2 build/stm32f1xx_it.o
                0x0000000008001654                MemManage_Handler
 .text.BusFault_Handler
                0x0000000008001656        0x2 build/stm32f1xx_it.o
                0x0000000008001656                BusFault_Handler
 .text.UsageFault_Handler
                0x0000000008001658        0x2 build/stm32f1xx_it.o
                0x0000000008001658                UsageFault_Handler
 .text.SVC_Handler
                0x000000000800165a        0x2 build/stm32f1xx_it.o
                0x000000000800165a                SVC_Handler
 .text.DebugMon_Handler
                0x000000000800165c        0x2 build/stm32f1xx_it.o
                0x000000000800165c                DebugMon_Handler
 .text.PendSV_Handler
                0x000000000800165e        0x2 build/stm32f1xx_it.o
                0x000000000800165e                PendSV_Handler
 .text.SysTick_Handler
                0x0000000008001660        0x8 build/stm32f1xx_it.o
                0x0000000008001660                SysTick_Handler
 .text.USB_LP_CAN1_RX0_IRQHandler
                0x0000000008001668       0x10 build/stm32f1xx_it.o
                0x0000000008001668                USB_LP_CAN1_RX0_IRQHandler
 .text.HAL_MspInit
                0x0000000008001678       0x44 build/stm32f1xx_hal_msp.o
                0x0000000008001678                HAL_MspInit
 .text.HAL_ADC_ConfigChannel
                0x00000000080016bc      0x138 build/stm32f1xx_hal_adc.o
                0x00000000080016bc                HAL_ADC_ConfigChannel
 .text.ADC_ConversionStop_Disable
                0x00000000080017f4       0x4c build/stm32f1xx_hal_adc.o
                0x00000000080017f4                ADC_ConversionStop_Disable
 .text.HAL_ADC_Init
                0x0000000008001840      0x110 build/stm32f1xx_hal_adc.o
                0x0000000008001840                HAL_ADC_Init
 .text.HAL_InitTick
                0x0000000008001950       0x4c build/stm32f1xx_hal.o
                0x0000000008001950                HAL_InitTick
 .text.HAL_Init
                0x000000000800199c       0x24 build/stm32f1xx_hal.o
                0x000000000800199c                HAL_Init
 .text.HAL_IncTick
                0x00000000080019c0       0x18 build/stm32f1xx_hal.o
                0x00000000080019c0                HAL_IncTick
 .text.HAL_GetTick
                0x00000000080019d8        0xc build/stm32f1xx_hal.o
                0x00000000080019d8                HAL_GetTick
 .text.HAL_Delay
                0x00000000080019e4       0x28 build/stm32f1xx_hal.o
                0x00000000080019e4                HAL_Delay
 .text.RCC_Delay
                0x0000000008001a0c       0x2c build/stm32f1xx_hal_rcc.o
 .text.HAL_RCC_OscConfig
                0x0000000008001a38      0x410 build/stm32f1xx_hal_rcc.o
                0x0000000008001a38                HAL_RCC_OscConfig
 .text.HAL_RCC_GetSysClockFreq
                0x0000000008001e48       0x70 build/stm32f1xx_hal_rcc.o
                0x0000000008001e48                HAL_RCC_GetSysClockFreq
 .text.HAL_RCC_ClockConfig
                0x0000000008001eb8      0x168 build/stm32f1xx_hal_rcc.o
                0x0000000008001eb8                HAL_RCC_ClockConfig
 .text.HAL_RCC_GetHCLKFreq
                0x0000000008002020        0xc build/stm32f1xx_hal_rcc.o
                0x0000000008002020                HAL_RCC_GetHCLKFreq
 .text.HAL_RCCEx_PeriphCLKConfig
                0x000000000800202c      0x114 build/stm32f1xx_hal_rcc_ex.o
                0x000000000800202c                HAL_RCCEx_PeriphCLKConfig
 .text.HAL_GPIO_Init
                0x0000000008002140      0x1d8 build/stm32f1xx_hal_gpio.o
                0x0000000008002140                HAL_GPIO_Init
 .text.HAL_GPIO_ReadPin
                0x0000000008002318        0xe build/stm32f1xx_hal_gpio.o
                0x0000000008002318                HAL_GPIO_ReadPin
 .text.HAL_GPIO_WritePin
                0x0000000008002326        0xc build/stm32f1xx_hal_gpio.o
                0x0000000008002326                HAL_GPIO_WritePin
 *fill*         0x0000000008002332        0x2 
 .text.HAL_NVIC_SetPriorityGrouping
                0x0000000008002334       0x24 build/stm32f1xx_hal_cortex.o
                0x0000000008002334                HAL_NVIC_SetPriorityGrouping
 .text.HAL_NVIC_SetPriority
                0x0000000008002358       0x68 build/stm32f1xx_hal_cortex.o
                0x0000000008002358                HAL_NVIC_SetPriority
 .text.HAL_NVIC_EnableIRQ
                0x00000000080023c0       0x1c build/stm32f1xx_hal_cortex.o
                0x00000000080023c0                HAL_NVIC_EnableIRQ
 .text.HAL_SYSTICK_Config
                0x00000000080023dc       0x2c build/stm32f1xx_hal_cortex.o
                0x00000000080023dc                HAL_SYSTICK_Config
 .text.TIM_OC1_SetConfig
                0x0000000008002408       0x5c build/stm32f1xx_hal_tim.o
 .text.TIM_OC3_SetConfig
                0x0000000008002464       0x64 build/stm32f1xx_hal_tim.o
 .text.TIM_OC4_SetConfig
                0x00000000080024c8       0x48 build/stm32f1xx_hal_tim.o
 .text.TIM_Base_SetConfig
                0x0000000008002510       0x74 build/stm32f1xx_hal_tim.o
                0x0000000008002510                TIM_Base_SetConfig
 .text.HAL_TIM_OC_Init
                0x0000000008002584       0x32 build/stm32f1xx_hal_tim.o
                0x0000000008002584                HAL_TIM_OC_Init
 *fill*         0x00000000080025b6        0x2 
 .text.TIM_OC2_SetConfig
                0x00000000080025b8       0x64 build/stm32f1xx_hal_tim.o
                0x00000000080025b8                TIM_OC2_SetConfig
 .text.HAL_TIM_OC_ConfigChannel
                0x000000000800261c       0x5e build/stm32f1xx_hal_tim.o
                0x000000000800261c                HAL_TIM_OC_ConfigChannel
 .text.HAL_TIMEx_MasterConfigSynchronization
                0x000000000800267a       0x46 build/stm32f1xx_hal_tim_ex.o
                0x000000000800267a                HAL_TIMEx_MasterConfigSynchronization
 .text.HAL_TIMEx_ConfigBreakDeadTime
                0x00000000080026c0       0x52 build/stm32f1xx_hal_tim_ex.o
                0x00000000080026c0                HAL_TIMEx_ConfigBreakDeadTime
 .text.HAL_PCD_Init
                0x0000000008002712       0xf4 build/stm32f1xx_hal_pcd.o
                0x0000000008002712                HAL_PCD_Init
 .text.HAL_PCD_Start
                0x0000000008002806       0x2e build/stm32f1xx_hal_pcd.o
                0x0000000008002806                HAL_PCD_Start
 .text.HAL_PCD_SetAddress
                0x0000000008002834       0x28 build/stm32f1xx_hal_pcd.o
                0x0000000008002834                HAL_PCD_SetAddress
 .text.HAL_PCD_EP_Open
                0x000000000800285c       0x70 build/stm32f1xx_hal_pcd.o
                0x000000000800285c                HAL_PCD_EP_Open
 .text.HAL_PCD_EP_Close
                0x00000000080028cc       0x5c build/stm32f1xx_hal_pcd.o
                0x00000000080028cc                HAL_PCD_EP_Close
 .text.HAL_PCD_EP_Receive
                0x0000000008002928       0x3e build/stm32f1xx_hal_pcd.o
                0x0000000008002928                HAL_PCD_EP_Receive
 .text.HAL_PCD_EP_GetRxCount
                0x0000000008002966        0xe build/stm32f1xx_hal_pcd.o
                0x0000000008002966                HAL_PCD_EP_GetRxCount
 .text.HAL_PCD_EP_Transmit
                0x0000000008002974       0x3c build/stm32f1xx_hal_pcd.o
                0x0000000008002974                HAL_PCD_EP_Transmit
 .text.PCD_EP_ISR_Handler
                0x00000000080029b0      0x370 build/stm32f1xx_hal_pcd.o
 .text.HAL_PCD_IRQHandler
                0x0000000008002d20      0x172 build/stm32f1xx_hal_pcd.o
                0x0000000008002d20                HAL_PCD_IRQHandler
 .text.HAL_PCD_EP_SetStall
                0x0000000008002e92       0x6e build/stm32f1xx_hal_pcd.o
                0x0000000008002e92                HAL_PCD_EP_SetStall
 .text.HAL_PCD_EP_ClrStall
                0x0000000008002f00       0x6e build/stm32f1xx_hal_pcd.o
                0x0000000008002f00                HAL_PCD_EP_ClrStall
 .text.HAL_PCDEx_PMAConfig
                0x0000000008002f6e       0x30 build/stm32f1xx_hal_pcd_ex.o
                0x0000000008002f6e                HAL_PCDEx_PMAConfig
 .text.USB_CoreInit
                0x0000000008002f9e        0xe build/stm32f1xx_ll_usb.o
                0x0000000008002f9e                USB_CoreInit
 .text.USB_EnableGlobalInt
                0x0000000008002fac       0x10 build/stm32f1xx_ll_usb.o
                0x0000000008002fac                USB_EnableGlobalInt
 .text.USB_DisableGlobalInt
                0x0000000008002fbc       0x14 build/stm32f1xx_ll_usb.o
                0x0000000008002fbc                USB_DisableGlobalInt
 .text.USB_SetCurrentMode
                0x0000000008002fd0        0x4 build/stm32f1xx_ll_usb.o
                0x0000000008002fd0                USB_SetCurrentMode
 .text.USB_DevInit
                0x0000000008002fd4       0x2c build/stm32f1xx_ll_usb.o
                0x0000000008002fd4                USB_DevInit
 .text.USB_ActivateEndpoint
                0x0000000008003000      0x368 build/stm32f1xx_ll_usb.o
                0x0000000008003000                USB_ActivateEndpoint
 .text.USB_DeactivateEndpoint
                0x0000000008003368      0x1d4 build/stm32f1xx_ll_usb.o
                0x0000000008003368                USB_DeactivateEndpoint
 .text.USB_EPSetStall
                0x000000000800353c       0x4a build/stm32f1xx_ll_usb.o
                0x000000000800353c                USB_EPSetStall
 .text.USB_EPClearStall
                0x0000000008003586       0xa2 build/stm32f1xx_ll_usb.o
                0x0000000008003586                USB_EPClearStall
 .text.USB_SetDevAddress
                0x0000000008003628        0xc build/stm32f1xx_ll_usb.o
                0x0000000008003628                USB_SetDevAddress
 .text.USB_DevConnect
                0x0000000008003634        0x4 build/stm32f1xx_ll_usb.o
                0x0000000008003634                USB_DevConnect
 .text.USB_DevDisconnect
                0x0000000008003638        0x4 build/stm32f1xx_ll_usb.o
                0x0000000008003638                USB_DevDisconnect
 .text.USB_ReadInterrupts
                0x000000000800363c        0x6 build/stm32f1xx_ll_usb.o
                0x000000000800363c                USB_ReadInterrupts
 .text.USB_EP0_OutStart
                0x0000000008003642        0x4 build/stm32f1xx_ll_usb.o
                0x0000000008003642                USB_EP0_OutStart
 .text.USB_WritePMA
                0x0000000008003646       0x2a build/stm32f1xx_ll_usb.o
                0x0000000008003646                USB_WritePMA
 .text.USB_EPStartXfer
                0x0000000008003670      0x320 build/stm32f1xx_ll_usb.o
                0x0000000008003670                USB_EPStartXfer
 .text.USB_ReadPMA
                0x0000000008003990       0x30 build/stm32f1xx_ll_usb.o
                0x0000000008003990                USB_ReadPMA
 .text.SystemInit
                0x00000000080039c0       0x4c build/system_stm32f1xx.o
                0x00000000080039c0                SystemInit
 .text.MX_USB_DEVICE_Init
                0x0000000008003a0c       0x54 build/usb_device.o
                0x0000000008003a0c                MX_USB_DEVICE_Init
 .text.USBD_Get_USB_Status
                0x0000000008003a60       0x12 build/usbd_conf.o
 *fill*         0x0000000008003a72        0x2 
 .text.HAL_PCD_MspInit
                0x0000000008003a74       0x40 build/usbd_conf.o
                0x0000000008003a74                HAL_PCD_MspInit
 .text.HAL_PCD_SetupStageCallback
                0x0000000008003ab4       0x10 build/usbd_conf.o
                0x0000000008003ab4                HAL_PCD_SetupStageCallback
 .text.HAL_PCD_DataOutStageCallback
                0x0000000008003ac4       0x14 build/usbd_conf.o
                0x0000000008003ac4                HAL_PCD_DataOutStageCallback
 .text.HAL_PCD_DataInStageCallback
                0x0000000008003ad8       0x12 build/usbd_conf.o
                0x0000000008003ad8                HAL_PCD_DataInStageCallback
 .text.HAL_PCD_SOFCallback
                0x0000000008003aea        0xc build/usbd_conf.o
                0x0000000008003aea                HAL_PCD_SOFCallback
 .text.HAL_PCD_ResetCallback
                0x0000000008003af6       0x22 build/usbd_conf.o
                0x0000000008003af6                HAL_PCD_ResetCallback
 .text.HAL_PCD_SuspendCallback
                0x0000000008003b18       0x20 build/usbd_conf.o
                0x0000000008003b18                HAL_PCD_SuspendCallback
 .text.HAL_PCD_ResumeCallback
                0x0000000008003b38        0xc build/usbd_conf.o
                0x0000000008003b38                HAL_PCD_ResumeCallback
 .text.USBD_LL_Init
                0x0000000008003b44       0x84 build/usbd_conf.o
                0x0000000008003b44                USBD_LL_Init
 .text.USBD_LL_Start
                0x0000000008003bc8       0x10 build/usbd_conf.o
                0x0000000008003bc8                USBD_LL_Start
 .text.USBD_LL_OpenEP
                0x0000000008003bd8       0x16 build/usbd_conf.o
                0x0000000008003bd8                USBD_LL_OpenEP
 .text.USBD_LL_CloseEP
                0x0000000008003bee       0x10 build/usbd_conf.o
                0x0000000008003bee                USBD_LL_CloseEP
 .text.USBD_LL_StallEP
                0x0000000008003bfe       0x10 build/usbd_conf.o
                0x0000000008003bfe                USBD_LL_StallEP
 .text.USBD_LL_ClearStallEP
                0x0000000008003c0e       0x10 build/usbd_conf.o
                0x0000000008003c0e                USBD_LL_ClearStallEP
 .text.USBD_LL_IsStallEP
                0x0000000008003c1e       0x26 build/usbd_conf.o
                0x0000000008003c1e                USBD_LL_IsStallEP
 .text.USBD_LL_SetUSBAddress
                0x0000000008003c44       0x10 build/usbd_conf.o
                0x0000000008003c44                USBD_LL_SetUSBAddress
 .text.USBD_LL_Transmit
                0x0000000008003c54       0x10 build/usbd_conf.o
                0x0000000008003c54                USBD_LL_Transmit
 .text.USBD_LL_PrepareReceive
                0x0000000008003c64       0x10 build/usbd_conf.o
                0x0000000008003c64                USBD_LL_PrepareReceive
 .text.USBD_LL_GetRxDataSize
                0x0000000008003c74        0xc build/usbd_conf.o
                0x0000000008003c74                USBD_LL_GetRxDataSize
 .text.USBD_static_malloc
                0x0000000008003c80        0x8 build/usbd_conf.o
                0x0000000008003c80                USBD_static_malloc
 .text.USBD_static_free
                0x0000000008003c88        0x2 build/usbd_conf.o
                0x0000000008003c88                USBD_static_free
 .text.HAL_PCDEx_SetConnectionState
                0x0000000008003c8a        0x2 build/usbd_conf.o
                0x0000000008003c8a                HAL_PCDEx_SetConnectionState
 .text.USBD_FS_DeviceDescriptor
                0x0000000008003c8c        0xc build/usbd_desc.o
                0x0000000008003c8c                USBD_FS_DeviceDescriptor
 .text.USBD_FS_LangIDStrDescriptor
                0x0000000008003c98        0xc build/usbd_desc.o
                0x0000000008003c98                USBD_FS_LangIDStrDescriptor
 .text.IntToUnicode
                0x0000000008003ca4       0x36 build/usbd_desc.o
 *fill*         0x0000000008003cda        0x2 
 .text.Get_SerialNum
                0x0000000008003cdc       0x34 build/usbd_desc.o
 .text.USBD_FS_SerialStrDescriptor
                0x0000000008003d10       0x14 build/usbd_desc.o
                0x0000000008003d10                USBD_FS_SerialStrDescriptor
 .text.USBD_FS_ProductStrDescriptor
                0x0000000008003d24       0x24 build/usbd_desc.o
                0x0000000008003d24                USBD_FS_ProductStrDescriptor
 .text.USBD_FS_ManufacturerStrDescriptor
                0x0000000008003d48       0x1c build/usbd_desc.o
                0x0000000008003d48                USBD_FS_ManufacturerStrDescriptor
 .text.USBD_FS_ConfigStrDescriptor
                0x0000000008003d64       0x24 build/usbd_desc.o
                0x0000000008003d64                USBD_FS_ConfigStrDescriptor
 .text.USBD_FS_InterfaceStrDescriptor
                0x0000000008003d88       0x24 build/usbd_desc.o
                0x0000000008003d88                USBD_FS_InterfaceStrDescriptor
 .text.CDC_DeInit_FS
                0x0000000008003dac        0x4 build/usbd_cdc_if.o
 .text.CDC_Control_FS
                0x0000000008003db0        0x4 build/usbd_cdc_if.o
 .text.CDC_Init_FS
                0x0000000008003db4       0x28 build/usbd_cdc_if.o
 .text.CDC_Transmit_FS
                0x0000000008003ddc       0x2c build/usbd_cdc_if.o
                0x0000000008003ddc                CDC_Transmit_FS
 .text.printUSB
                0x0000000008003e08       0x3c build/usbd_cdc_if.o
                0x0000000008003e08                printUSB
 .text.CDC_Receive_FS
                0x0000000008003e44       0x78 build/usbd_cdc_if.o
 .text.scanUSB  0x0000000008003ebc       0x4c build/usbd_cdc_if.o
                0x0000000008003ebc                scanUSB
 .text.USBD_Init
                0x0000000008003f08       0x2e build/usbd_core.o
                0x0000000008003f08                USBD_Init
 .text.USBD_RegisterClass
                0x0000000008003f36        0xe build/usbd_core.o
                0x0000000008003f36                USBD_RegisterClass
 .text.USBD_Start
                0x0000000008003f44        0xa build/usbd_core.o
                0x0000000008003f44                USBD_Start
 .text.USBD_SetClassConfig
                0x0000000008003f4e       0x1a build/usbd_core.o
                0x0000000008003f4e                USBD_SetClassConfig
 .text.USBD_ClrClassConfig
                0x0000000008003f68        0xe build/usbd_core.o
                0x0000000008003f68                USBD_ClrClassConfig
 .text.USBD_LL_SetupStage
                0x0000000008003f76       0x5a build/usbd_core.o
                0x0000000008003f76                USBD_LL_SetupStage
 .text.USBD_LL_DataOutStage
                0x0000000008003fd0       0x92 build/usbd_core.o
                0x0000000008003fd0                USBD_LL_DataOutStage
 .text.USBD_LL_DataInStage
                0x0000000008004062       0xd2 build/usbd_core.o
                0x0000000008004062                USBD_LL_DataInStage
 .text.USBD_LL_Reset
                0x0000000008004134       0x50 build/usbd_core.o
                0x0000000008004134                USBD_LL_Reset
 .text.USBD_LL_SetSpeed
                0x0000000008004184        0x6 build/usbd_core.o
                0x0000000008004184                USBD_LL_SetSpeed
 .text.USBD_LL_Suspend
                0x000000000800418a       0x12 build/usbd_core.o
                0x000000000800418a                USBD_LL_Suspend
 .text.USBD_LL_Resume
                0x000000000800419c       0x16 build/usbd_core.o
                0x000000000800419c                USBD_LL_Resume
 .text.USBD_LL_SOF
                0x00000000080041b2       0x1c build/usbd_core.o
                0x00000000080041b2                USBD_LL_SOF
 .text.USBD_GetLen
                0x00000000080041ce       0x14 build/usbd_ctlreq.o
 .text.USBD_SetFeature
                0x00000000080041e2       0x14 build/usbd_ctlreq.o
 .text.USBD_ParseSetupRequest
                0x00000000080041f6       0x28 build/usbd_ctlreq.o
                0x00000000080041f6                USBD_ParseSetupRequest
 .text.USBD_CtlError
                0x000000000800421e       0x14 build/usbd_ctlreq.o
                0x000000000800421e                USBD_CtlError
 .text.USBD_GetDescriptor
                0x0000000008004232      0x186 build/usbd_ctlreq.o
 .text.USBD_SetAddress
                0x00000000080043b8       0x4e build/usbd_ctlreq.o
 *fill*         0x0000000008004406        0x2 
 .text.USBD_SetConfig
                0x0000000008004408       0xb0 build/usbd_ctlreq.o
 .text.USBD_GetConfig
                0x00000000080044b8       0x3c build/usbd_ctlreq.o
 .text.USBD_GetStatus
                0x00000000080044f4       0x38 build/usbd_ctlreq.o
 .text.USBD_ClrFeature
                0x000000000800452c       0x26 build/usbd_ctlreq.o
 .text.USBD_StdDevReq
                0x0000000008004552       0x68 build/usbd_ctlreq.o
                0x0000000008004552                USBD_StdDevReq
 .text.USBD_StdItfReq
                0x00000000080045ba       0x60 build/usbd_ctlreq.o
                0x00000000080045ba                USBD_StdItfReq
 .text.USBD_StdEPReq
                0x000000000800461a      0x20e build/usbd_ctlreq.o
                0x000000000800461a                USBD_StdEPReq
 .text.USBD_GetString
                0x0000000008004828       0x38 build/usbd_ctlreq.o
                0x0000000008004828                USBD_GetString
 .text.USBD_CtlSendData
                0x0000000008004860       0x1a build/usbd_ioreq.o
                0x0000000008004860                USBD_CtlSendData
 .text.USBD_CtlContinueSendData
                0x000000000800487a       0x10 build/usbd_ioreq.o
                0x000000000800487a                USBD_CtlContinueSendData
 .text.USBD_CtlPrepareRx
                0x000000000800488a       0x1e build/usbd_ioreq.o
                0x000000000800488a                USBD_CtlPrepareRx
 .text.USBD_CtlContinueRx
                0x00000000080048a8       0x10 build/usbd_ioreq.o
                0x00000000080048a8                USBD_CtlContinueRx
 .text.USBD_CtlSendStatus
                0x00000000080048b8       0x16 build/usbd_ioreq.o
                0x00000000080048b8                USBD_CtlSendStatus
 .text.USBD_CtlReceiveStatus
                0x00000000080048ce       0x16 build/usbd_ioreq.o
                0x00000000080048ce                USBD_CtlReceiveStatus
 .text.USBD_CDC_EP0_RxReady
                0x00000000080048e4       0x28 build/usbd_cdc.o
 .text.USBD_CDC_GetFSCfgDesc
                0x000000000800490c        0xc build/usbd_cdc.o
 .text.USBD_CDC_GetHSCfgDesc
                0x0000000008004918        0xc build/usbd_cdc.o
 .text.USBD_CDC_GetOtherSpeedCfgDesc
                0x0000000008004924        0xc build/usbd_cdc.o
 .text.USBD_CDC_GetDeviceQualifierDescriptor
                0x0000000008004930        0xc build/usbd_cdc.o
                0x0000000008004930                USBD_CDC_GetDeviceQualifierDescriptor
 .text.USBD_CDC_DataOut
                0x000000000800493c       0x2e build/usbd_cdc.o
 .text.USBD_CDC_DataIn
                0x000000000800496a       0x4c build/usbd_cdc.o
 .text.USBD_CDC_Setup
                0x00000000080049b6       0xda build/usbd_cdc.o
 .text.USBD_CDC_DeInit
                0x0000000008004a90       0x42 build/usbd_cdc.o
 .text.USBD_CDC_Init
                0x0000000008004ad2       0xaa build/usbd_cdc.o
 .text.USBD_CDC_RegisterInterface
                0x0000000008004b7c        0xe build/usbd_cdc.o
                0x0000000008004b7c                USBD_CDC_RegisterInterface
 .text.USBD_CDC_SetTxBuffer
                0x0000000008004b8a       0x10 build/usbd_cdc.o
                0x0000000008004b8a                USBD_CDC_SetTxBuffer
 .text.USBD_CDC_SetRxBuffer
                0x0000000008004b9a        0xc build/usbd_cdc.o
                0x0000000008004b9a                USBD_CDC_SetRxBuffer
 .text.USBD_CDC_TransmitPacket
                0x0000000008004ba6       0x34 build/usbd_cdc.o
                0x0000000008004ba6                USBD_CDC_TransmitPacket
 .text.USBD_CDC_ReceivePacket
                0x0000000008004bda       0x32 build/usbd_cdc.o
                0x0000000008004bda                USBD_CDC_ReceivePacket
 .text.DWT_Delay_Init
                0x0000000008004c0c       0x44 build/dwt_stm32_delay.o
                0x0000000008004c0c                DWT_Delay_Init
 .text.HAL_TIM_OC_MspInit
                0x0000000008004c50       0x2c build/tim.o
                0x0000000008004c50                HAL_TIM_OC_MspInit
 .text.HAL_TIM_MspPostInit
                0x0000000008004c7c       0x50 build/tim.o
                0x0000000008004c7c                HAL_TIM_MspPostInit
 .text.MX_TIM1_Init
                0x0000000008004ccc       0xdc build/tim.o
                0x0000000008004ccc                MX_TIM1_Init
 .text.commandParser
                0x0000000008004da8      0x234 build/commandParser.o
                0x0000000008004da8                commandParser
 .text.max2871RegsInit
                0x0000000008004fdc       0x20 build/max2871_registers.o
                0x0000000008004fdc                max2871RegsInit
 .text.max2871GetRegister
                0x0000000008004ffc        0xc build/max2871_registers.o
                0x0000000008004ffc                max2871GetRegister
 .text.max2871Set_INT
                0x0000000008005008       0x14 build/max2871_registers.o
                0x0000000008005008                max2871Set_INT
 .text.max2871Set_N
                0x000000000800501c       0x18 build/max2871_registers.o
                0x000000000800501c                max2871Set_N
 .text.max2871Set_FRAC
                0x0000000008005034       0x18 build/max2871_registers.o
                0x0000000008005034                max2871Set_FRAC
 .text.max2871Set_CPOC
                0x000000000800504c       0x14 build/max2871_registers.o
                0x000000000800504c                max2871Set_CPOC
 .text.max2871Set_CPL
                0x0000000008005060       0x14 build/max2871_registers.o
                0x0000000008005060                max2871Set_CPL
 .text.max2871Set_CPT
                0x0000000008005074       0x14 build/max2871_registers.o
                0x0000000008005074                max2871Set_CPT
 .text.max2871Set_P
                0x0000000008005088       0x18 build/max2871_registers.o
                0x0000000008005088                max2871Set_P
 .text.max2871Set_M
                0x00000000080050a0       0x18 build/max2871_registers.o
                0x00000000080050a0                max2871Set_M
 .text.max2871Set_LDS
                0x00000000080050b8       0x14 build/max2871_registers.o
                0x00000000080050b8                max2871Set_LDS
 .text.max2871Set_SDN
                0x00000000080050cc       0x14 build/max2871_registers.o
                0x00000000080050cc                max2871Set_SDN
 .text.max2871Set_MUX
                0x00000000080050e0       0x30 build/max2871_registers.o
                0x00000000080050e0                max2871Set_MUX
 .text.max2871Set_DBR
                0x0000000008005110       0x14 build/max2871_registers.o
                0x0000000008005110                max2871Set_DBR
 .text.max2871Set_RDIV2
                0x0000000008005124       0x14 build/max2871_registers.o
                0x0000000008005124                max2871Set_RDIV2
 .text.max2871Set_R
                0x0000000008005138       0x18 build/max2871_registers.o
                0x0000000008005138                max2871Set_R
 .text.max2871Set_REG4DB
                0x0000000008005150       0x14 build/max2871_registers.o
                0x0000000008005150                max2871Set_REG4DB
 .text.max2871Set_TRI
                0x0000000008005164       0x14 build/max2871_registers.o
                0x0000000008005164                max2871Set_TRI
 .text.max2871Set_LDF
                0x0000000008005178       0x14 build/max2871_registers.o
                0x0000000008005178                max2871Set_LDF
 .text.max2871Set_LDP
                0x000000000800518c       0x14 build/max2871_registers.o
                0x000000000800518c                max2871Set_LDP
 .text.max2871Set_PDP
                0x00000000080051a0       0x14 build/max2871_registers.o
                0x00000000080051a0                max2871Set_PDP
 .text.max2871Set_SHDN
                0x00000000080051b4       0x14 build/max2871_registers.o
                0x00000000080051b4                max2871Set_SHDN
 .text.max2871Set_CP
                0x00000000080051c8       0x14 build/max2871_registers.o
                0x00000000080051c8                max2871Set_CP
 .text.max2871Set_RST
                0x00000000080051dc       0x14 build/max2871_registers.o
                0x00000000080051dc                max2871Set_RST
 .text.max2871Set_VCO
                0x00000000080051f0       0x14 build/max2871_registers.o
                0x00000000080051f0                max2871Set_VCO
 .text.max2871Set_VAS_SHDN
                0x0000000008005204       0x14 build/max2871_registers.o
                0x0000000008005204                max2871Set_VAS_SHDN
 .text.max2871Set_VAS_TEMP
                0x0000000008005218       0x20 build/max2871_registers.o
                0x0000000008005218                max2871Set_VAS_TEMP
 .text.max2871Set_CSM
                0x0000000008005238       0x14 build/max2871_registers.o
                0x0000000008005238                max2871Set_CSM
 .text.max2871Set_MUTEDEL
                0x000000000800524c       0x14 build/max2871_registers.o
                0x000000000800524c                max2871Set_MUTEDEL
 .text.max2871Set_CDM
                0x0000000008005260       0x14 build/max2871_registers.o
                0x0000000008005260                max2871Set_CDM
 .text.max2871Set_CDIV
                0x0000000008005274       0x18 build/max2871_registers.o
                0x0000000008005274                max2871Set_CDIV
 .text.max2871Set_SDLDO
                0x000000000800528c       0x14 build/max2871_registers.o
                0x000000000800528c                max2871Set_SDLDO
 .text.max2871Set_SDDIV
                0x00000000080052a0       0x14 build/max2871_registers.o
                0x00000000080052a0                max2871Set_SDDIV
 .text.max2871Set_SDREF
                0x00000000080052b4       0x14 build/max2871_registers.o
                0x00000000080052b4                max2871Set_SDREF
 .text.max2871Set_BS
                0x00000000080052c8       0x28 build/max2871_registers.o
                0x00000000080052c8                max2871Set_BS
 .text.max2871Set_FB
                0x00000000080052f0       0x14 build/max2871_registers.o
                0x00000000080052f0                max2871Set_FB
 .text.max2871Set_DIVA
                0x0000000008005304       0x14 build/max2871_registers.o
                0x0000000008005304                max2871Set_DIVA
 .text.max2871Set_SDVCO
                0x0000000008005318       0x14 build/max2871_registers.o
                0x0000000008005318                max2871Set_SDVCO
 .text.max2871Set_MTLD
                0x000000000800532c       0x14 build/max2871_registers.o
                0x000000000800532c                max2871Set_MTLD
 .text.max2871Set_BDIV
                0x0000000008005340       0x14 build/max2871_registers.o
                0x0000000008005340                max2871Set_BDIV
 .text.max2871Set_RFB_EN
                0x0000000008005354       0x14 build/max2871_registers.o
                0x0000000008005354                max2871Set_RFB_EN
 .text.max2871Set_BPWR
                0x0000000008005368       0x14 build/max2871_registers.o
                0x0000000008005368                max2871Set_BPWR
 .text.max2871Set_RFA_EN
                0x000000000800537c       0x14 build/max2871_registers.o
                0x000000000800537c                max2871Set_RFA_EN
 .text.max2871Set_APWR
                0x0000000008005390       0x14 build/max2871_registers.o
                0x0000000008005390                max2871Set_APWR
 .text.max2871Set_SDPLL
                0x00000000080053a4       0x14 build/max2871_registers.o
                0x00000000080053a4                max2871Set_SDPLL
 .text.max2871Set_F01
                0x00000000080053b8       0x14 build/max2871_registers.o
                0x00000000080053b8                max2871Set_F01
 .text.max2871Set_LD
                0x00000000080053cc       0x14 build/max2871_registers.o
                0x00000000080053cc                max2871Set_LD
 .text.max2871Set_Reserved
                0x00000000080053e0       0x20 build/max2871_registers.o
                0x00000000080053e0                max2871Set_Reserved
 .text.max2871SpiWrite
                0x0000000008005400       0xac build/max2871.o
                0x0000000008005400                max2871SpiWrite
 .text.max2871SpiRead
                0x00000000080054ac       0x3c build/max2871.o
                0x00000000080054ac                max2871SpiRead
 .text.max2871WriteRegisters
                0x00000000080054e8       0x18 build/max2871.o
                0x00000000080054e8                max2871WriteRegisters
 .text.max2871ChipEnable
                0x0000000008005500       0x18 build/max2871.o
                0x0000000008005500                max2871ChipEnable
 .text.max2871RFDisable
                0x0000000008005518       0x24 build/max2871.o
                0x0000000008005518                max2871RFDisable
 .text.max2871CheckLD
                0x000000000800553c       0x20 build/max2871.o
                0x000000000800553c                max2871CheckLD
 .text.max2871Setup
                0x000000000800555c      0x1b0 build/max2871.o
                0x000000000800555c                max2871Setup
 .text.max2871PrintRegisters
                0x000000000800570c       0x54 build/max2871.o
                0x000000000800570c                max2871PrintRegisters
 .text.max2871PrintStatus
                0x0000000008005760       0xd8 build/max2871.o
                0x0000000008005760                max2871PrintStatus
 .text.Reset_Handler
                0x0000000008005838       0x48 build/startup_stm32f103xb.o
                0x0000000008005838                Reset_Handler
 .text.Default_Handler
                0x0000000008005880        0x2 build/startup_stm32f103xb.o
                0x0000000008005880                RTC_Alarm_IRQHandler
                0x0000000008005880                EXTI2_IRQHandler
                0x0000000008005880                TIM1_CC_IRQHandler
                0x0000000008005880                PVD_IRQHandler
                0x0000000008005880                EXTI3_IRQHandler
                0x0000000008005880                EXTI0_IRQHandler
                0x0000000008005880                I2C2_EV_IRQHandler
                0x0000000008005880                ADC1_2_IRQHandler
                0x0000000008005880                SPI1_IRQHandler
                0x0000000008005880                TAMPER_IRQHandler
                0x0000000008005880                DMA1_Channel4_IRQHandler
                0x0000000008005880                USART3_IRQHandler
                0x0000000008005880                RTC_IRQHandler
                0x0000000008005880                DMA1_Channel7_IRQHandler
                0x0000000008005880                CAN1_RX1_IRQHandler
                0x0000000008005880                TIM4_IRQHandler
                0x0000000008005880                I2C1_EV_IRQHandler
                0x0000000008005880                DMA1_Channel6_IRQHandler
                0x0000000008005880                TIM3_IRQHandler
                0x0000000008005880                RCC_IRQHandler
                0x0000000008005880                TIM1_TRG_COM_IRQHandler
                0x0000000008005880                DMA1_Channel1_IRQHandler
                0x0000000008005880                Default_Handler
                0x0000000008005880                EXTI15_10_IRQHandler
                0x0000000008005880                EXTI9_5_IRQHandler
                0x0000000008005880                SPI2_IRQHandler
                0x0000000008005880                DMA1_Channel5_IRQHandler
                0x0000000008005880                EXTI4_IRQHandler
                0x0000000008005880                USB_HP_CAN1_TX_IRQHandler
                0x0000000008005880                DMA1_Channel3_IRQHandler
                0x0000000008005880                TIM1_UP_IRQHandler
                0x0000000008005880                WWDG_IRQHandler
                0x0000000008005880                TIM2_IRQHandler
                0x0000000008005880                TIM1_BRK_IRQHandler
                0x0000000008005880                EXTI1_IRQHandler
                0x0000000008005880                USART2_IRQHandler
                0x0000000008005880                I2C2_ER_IRQHandler
                0x0000000008005880                DMA1_Channel2_IRQHandler
                0x0000000008005880                CAN1_SCE_IRQHandler
                0x0000000008005880                FLASH_IRQHandler
                0x0000000008005880                USART1_IRQHandler
                0x0000000008005880                I2C1_ER_IRQHandler
                0x0000000008005880                USBWakeUp_IRQHandler
 *(.glue_7)
 .glue_7        0x0000000008005882        0x0 linker stubs
 *(.glue_7t)
 .glue_7t       0x0000000008005882        0x0 linker stubs
 *(.eh_frame)
 *fill*         0x0000000008005882        0x2 
 .eh_frame      0x0000000008005884        0x0 /usr/lib/gcc/arm-none-eabi/7.3.1/thumb/v7-m/crtbegin.o
 *(.init)
 .init          0x0000000008005884        0x4 /usr/lib/gcc/arm-none-eabi/7.3.1/thumb/v7-m/crti.o
                0x0000000008005884                _init
 .init          0x0000000008005888        0x8 /usr/lib/gcc/arm-none-eabi/7.3.1/thumb/v7-m/crtn.o
 *(.fini)
 .fini          0x0000000008005890        0x4 /usr/lib/gcc/arm-none-eabi/7.3.1/thumb/v7-m/crti.o
                0x0000000008005890                _fini
 .fini          0x0000000008005894        0x8 /usr/lib/gcc/arm-none-eabi/7.3.1/thumb/v7-m/crtn.o
                0x000000000800589c                . = ALIGN (0x4)
                0x000000000800589c                _etext = .

.vfp11_veneer   0x000000000800589c        0x0
 .vfp11_veneer  0x000000000800589c        0x0 linker stubs

.v4_bx          0x000000000800589c        0x0
 .v4_bx         0x000000000800589c        0x0 linker stubs

.iplt           0x000000000800589c        0x0
 .iplt          0x000000000800589c        0x0 /usr/lib/gcc/arm-none-eabi/7.3.1/thumb/v7-m/crtbegin.o

.rodata         0x000000000800589c      0x354
                0x000000000800589c                . = ALIGN (0x4)
 *(.rodata)
 .rodata        0x000000000800589c       0x12 build/stm32f1xx_hal_rcc.o
 *fill*         0x00000000080058ae        0x2 
 .rodata        0x00000000080058b0        0x4 build/max2871.o
 *(.rodata*)
 .rodata.AHBPrescTable
                0x00000000080058b4       0x10 build/system_stm32f1xx.o
                0x00000000080058b4                AHBPrescTable
 .rodata.USBD_FS_ConfigStrDescriptor.str1.4
                0x00000000080058c4        0xb build/usbd_desc.o
 *fill*         0x00000000080058cf        0x1 
 .rodata.USBD_FS_InterfaceStrDescriptor.str1.4
                0x00000000080058d0        0xe build/usbd_desc.o
 *fill*         0x00000000080058de        0x2 
 .rodata.USBD_FS_ManufacturerStrDescriptor.str1.4
                0x00000000080058e0        0xd build/usbd_desc.o
 *fill*         0x00000000080058ed        0x3 
 .rodata.USBD_FS_ProductStrDescriptor.str1.4
                0x00000000080058f0       0x14 build/usbd_desc.o
 .rodata.CDC_Receive_FS.str1.4
                0x0000000008005904       0x13 build/usbd_cdc_if.o
 *fill*         0x0000000008005917        0x1 
 .rodata.commandParser.str1.4
                0x0000000008005918      0x1ae build/commandParser.o
                                        0x1b2 (size before relaxing)
 *fill*         0x0000000008005ac6        0x2 
 .rodata.max2871PrintRegisters.str1.4
                0x0000000008005ac8       0x2d build/max2871.o
 *fill*         0x0000000008005af5        0x3 
 .rodata.max2871PrintStatus.str1.4
                0x0000000008005af8       0xb9 build/max2871.o
 *fill*         0x0000000008005bb1        0x3 
 .rodata.str1.4
                0x0000000008005bb4       0x13 /usr/lib/gcc/arm-none-eabi/7.3.1/../../../arm-none-eabi/lib/thumb/v7-m/libc_nano.a(lib_a-nano-svfprintf.o)
 *fill*         0x0000000008005bc7        0x1 
 .rodata.str1.4
                0x0000000008005bc8       0x28 /usr/lib/gcc/arm-none-eabi/7.3.1/../../../arm-none-eabi/lib/thumb/v7-m/libc_nano.a(lib_a-nano-vfprintf_i.o)
                                         0x25 (size before relaxing)
                0x0000000008005bf0                . = ALIGN (0x4)

.rel.dyn        0x0000000008005bf0        0x0
 .rel.iplt      0x0000000008005bf0        0x0 /usr/lib/gcc/arm-none-eabi/7.3.1/thumb/v7-m/crtbegin.o

.ARM.extab
 *(.ARM.extab* .gnu.linkonce.armextab.*)

.ARM            0x0000000008005bf0        0x0
                0x0000000008005bf0                __exidx_start = .
 *(.ARM.exidx*)
                0x0000000008005bf0                __exidx_end = .

.preinit_array  0x0000000008005bf0        0x0
                0x0000000008005bf0                PROVIDE (__preinit_array_start = .)
 *(.preinit_array*)
                0x0000000008005bf0                PROVIDE (__preinit_array_end = .)

.init_array     0x0000000008005bf0        0x4
                0x0000000008005bf0                PROVIDE (__init_array_start = .)
 *(SORT_BY_NAME(.init_array.*))
 *(.init_array*)
 .init_array    0x0000000008005bf0        0x4 /usr/lib/gcc/arm-none-eabi/7.3.1/thumb/v7-m/crtbegin.o
                0x0000000008005bf4                PROVIDE (__init_array_end = .)

.fini_array     0x0000000008005bf4        0x4
                0x0000000008005bf4                PROVIDE (__fini_array_start = .)
 *(SORT_BY_NAME(.fini_array.*))
 *(.fini_array*)
 .fini_array    0x0000000008005bf4        0x4 /usr/lib/gcc/arm-none-eabi/7.3.1/thumb/v7-m/crtbegin.o
                0x0000000008005bf8                PROVIDE (__fini_array_end = .)
                0x0000000008005bf8                _sidata = LOADADDR (.data)

.data           0x0000000020000000      0x1e0 load address 0x0000000008005bf8
                0x0000000020000000                . = ALIGN (0x4)
                0x0000000020000000                _sdata = .
 *(.data)
 .data          0x0000000020000000       0x64 /usr/lib/gcc/arm-none-eabi/7.3.1/../../../arm-none-eabi/lib/thumb/v7-m/libc_nano.a(lib_a-impure.o)
                0x0000000020000000                _impure_ptr
 *(.data*)
 .data.uwTickFreq
                0x0000000020000064        0x1 build/stm32f1xx_hal.o
                0x0000000020000064                uwTickFreq
 *fill*         0x0000000020000065        0x3 
 .data.uwTickPrio
                0x0000000020000068        0x4 build/stm32f1xx_hal.o
                0x0000000020000068                uwTickPrio
 .data.SystemCoreClock
                0x000000002000006c        0x4 build/system_stm32f1xx.o
                0x000000002000006c                SystemCoreClock
 .data.FS_Desc  0x0000000020000070       0x1c build/usbd_desc.o
                0x0000000020000070                FS_Desc
 .data.USBD_FS_DeviceDesc
                0x000000002000008c       0x12 build/usbd_desc.o
                0x000000002000008c                USBD_FS_DeviceDesc
 *fill*         0x000000002000009e        0x2 
 .data.USBD_LangIDDesc
                0x00000000200000a0        0x4 build/usbd_desc.o
                0x00000000200000a0                USBD_LangIDDesc
 .data.USBD_StringSerial
                0x00000000200000a4       0x1a build/usbd_desc.o
                0x00000000200000a4                USBD_StringSerial
 *fill*         0x00000000200000be        0x2 
 .data.USBD_Interface_fops_FS
                0x00000000200000c0       0x10 build/usbd_cdc_if.o
                0x00000000200000c0                USBD_Interface_fops_FS
 .data.USBD_CDC
                0x00000000200000d0       0x38 build/usbd_cdc.o
                0x00000000200000d0                USBD_CDC
 .data.USBD_CDC_CfgFSDesc
                0x0000000020000108       0x43 build/usbd_cdc.o
                0x0000000020000108                USBD_CDC_CfgFSDesc
 *fill*         0x000000002000014b        0x1 
 .data.USBD_CDC_CfgHSDesc
                0x000000002000014c       0x43 build/usbd_cdc.o
                0x000000002000014c                USBD_CDC_CfgHSDesc
 *fill*         0x000000002000018f        0x1 
 .data.USBD_CDC_DeviceQualifierDesc
                0x0000000020000190        0xa build/usbd_cdc.o
 *fill*         0x000000002000019a        0x2 
 .data.USBD_CDC_OtherSpeedCfgDesc
                0x000000002000019c       0x43 build/usbd_cdc.o
                0x000000002000019c                USBD_CDC_OtherSpeedCfgDesc
                0x00000000200001e0                . = ALIGN (0x4)
 *fill*         0x00000000200001df        0x1 
                0x00000000200001e0                _edata = .

.tm_clone_table
                0x00000000200001e0        0x0 load address 0x0000000008005dd8
 .tm_clone_table
                0x00000000200001e0        0x0 /usr/lib/gcc/arm-none-eabi/7.3.1/thumb/v7-m/crtbegin.o
 .tm_clone_table
                0x00000000200001e0        0x0 /usr/lib/gcc/arm-none-eabi/7.3.1/thumb/v7-m/crtend.o

.igot.plt       0x00000000200001e0        0x0 load address 0x0000000008005dd8
 .igot.plt      0x00000000200001e0        0x0 /usr/lib/gcc/arm-none-eabi/7.3.1/thumb/v7-m/crtbegin.o
                0x00000000200001e0                . = ALIGN (0x4)

.bss            0x00000000200001e0     0x13f4 load address 0x0000000008005dd8
                0x00000000200001e0                _sbss = .
                0x00000000200001e0                __bss_start__ = _sbss
 *(.bss)
 .bss           0x00000000200001e0       0x1c /usr/lib/gcc/arm-none-eabi/7.3.1/thumb/v7-m/crtbegin.o
 .bss           0x00000000200001fc        0x8 /usr/lib/gcc/arm-none-eabi/7.3.1/../../../arm-none-eabi/lib/thumb/v7-m/libc_nano.a(lib_a-nano-mallocr.o)
                0x00000000200001fc                __malloc_free_list
                0x0000000020000200                __malloc_sbrk_start
 .bss           0x0000000020000204        0x4 /usr/lib/gcc/arm-none-eabi/7.3.1/../../../arm-none-eabi/lib/thumb/v7-m/libnosys.a(sbrk.o)
 *(.bss*)
 .bss.RX_FIFO   0x0000000020000208      0x10c build/main.o
                0x0000000020000208                RX_FIFO
 .bss.mem.8322  0x0000000020000314      0x220 build/usbd_conf.o
 .bss.cfgidx.8257
                0x0000000020000534        0x1 build/usbd_ctlreq.o
 *fill*         0x0000000020000535        0x3 
 .bss.txStr     0x0000000020000538       0x80 build/commandParser.o
                0x0000000020000538                txStr
 .bss.registers
                0x00000000200005b8       0x18 build/max2871_registers.o
 .bss.str1      0x00000000200005d0       0x80 build/max2871.o
                0x00000000200005d0                str1
 *(COMMON)
 COMMON         0x0000000020000650       0x30 build/adc.o
                0x0000000020000650                hadc1
 COMMON         0x0000000020000680        0x4 build/stm32f1xx_hal.o
                0x0000000020000680                uwTick
 COMMON         0x0000000020000684      0x2c4 build/usb_device.o
                0x0000000020000684                hUsbDeviceFS
 COMMON         0x0000000020000948      0x26c build/usbd_conf.o
                0x0000000020000948                hpcd_USB_FS
 COMMON         0x0000000020000bb4      0x200 build/usbd_desc.o
                0x0000000020000bb4                USBD_StrDesc
 COMMON         0x0000000020000db4      0x7d0 build/usbd_cdc_if.o
                0x0000000020000db4                UserRxBufferFS
                0x000000002000119c                UserTxBufferFS
 COMMON         0x0000000020001584       0x40 build/tim.o
                0x0000000020001584                htim1
 COMMON         0x00000000200015c4        0xc build/max2871.o
                0x00000000200015c4                max2871Status
 COMMON         0x00000000200015d0        0x4 /usr/lib/gcc/arm-none-eabi/7.3.1/../../../arm-none-eabi/lib/thumb/v7-m/libc_nano.a(lib_a-reent.o)
                0x00000000200015d0                errno
                0x00000000200015d4                . = ALIGN (0x4)
                0x00000000200015d4                _ebss = .
                0x00000000200015d4                __bss_end__ = _ebss

._user_heap_stack
                0x00000000200015d4      0x604 load address 0x0000000008005dd8
                0x00000000200015d8                . = ALIGN (0x8)
 *fill*         0x00000000200015d4        0x4 
                0x00000000200015d8                PROVIDE (end = .)
                [!provide]                        PROVIDE (_end = .)
                0x00000000200017d8                . = (. + _Min_Heap_Size)
 *fill*         0x00000000200015d8      0x200 
                0x0000000020001bd8                . = (. + _Min_Stack_Size)
 *fill*         0x00000000200017d8      0x400 
                0x0000000020001bd8                . = ALIGN (0x8)

/DISCARD/
 libc.a(*)
 libm.a(*)
 libgcc.a(*)

.ARM.attributes
                0x0000000000000000       0x29
 *(.ARM.attributes)
 .ARM.attributes
                0x0000000000000000       0x1d /usr/lib/gcc/arm-none-eabi/7.3.1/thumb/v7-m/crti.o
 .ARM.attributes
                0x000000000000001d       0x2d /usr/lib/gcc/arm-none-eabi/7.3.1/thumb/v7-m/crtbegin.o
 .ARM.attributes
                0x000000000000004a       0x33 build/main.o
 .ARM.attributes
                0x000000000000007d       0x33 build/gpio.o
 .ARM.attributes
                0x00000000000000b0       0x33 build/adc.o
 .ARM.attributes
                0x00000000000000e3       0x33 build/stm32f1xx_it.o
 .ARM.attributes
                0x0000000000000116       0x33 build/stm32f1xx_hal_msp.o
 .ARM.attributes
                0x0000000000000149       0x33 build/stm32f1xx_hal_adc.o
 .ARM.attributes
                0x000000000000017c       0x33 build/stm32f1xx_hal.o
 .ARM.attributes
                0x00000000000001af       0x33 build/stm32f1xx_hal_rcc.o
 .ARM.attributes
                0x00000000000001e2       0x33 build/stm32f1xx_hal_rcc_ex.o
 .ARM.attributes
                0x0000000000000215       0x33 build/stm32f1xx_hal_gpio.o
 .ARM.attributes
                0x0000000000000248       0x33 build/stm32f1xx_hal_cortex.o
 .ARM.attributes
                0x000000000000027b       0x33 build/stm32f1xx_hal_tim.o
 .ARM.attributes
                0x00000000000002ae       0x33 build/stm32f1xx_hal_tim_ex.o
 .ARM.attributes
                0x00000000000002e1       0x33 build/stm32f1xx_hal_pcd.o
 .ARM.attributes
                0x0000000000000314       0x33 build/stm32f1xx_hal_pcd_ex.o
 .ARM.attributes
                0x0000000000000347       0x33 build/stm32f1xx_ll_usb.o
 .ARM.attributes
                0x000000000000037a       0x33 build/system_stm32f1xx.o
 .ARM.attributes
                0x00000000000003ad       0x33 build/usb_device.o
 .ARM.attributes
                0x00000000000003e0       0x33 build/usbd_conf.o
 .ARM.attributes
                0x0000000000000413       0x33 build/usbd_desc.o
 .ARM.attributes
                0x0000000000000446       0x33 build/usbd_cdc_if.o
 .ARM.attributes
                0x0000000000000479       0x33 build/usbd_core.o
 .ARM.attributes
                0x00000000000004ac       0x33 build/usbd_ctlreq.o
 .ARM.attributes
                0x00000000000004df       0x33 build/usbd_ioreq.o
 .ARM.attributes
                0x0000000000000512       0x33 build/usbd_cdc.o
 .ARM.attributes
                0x0000000000000545       0x33 build/dwt_stm32_delay.o
 .ARM.attributes
                0x0000000000000578       0x33 build/tim.o
 .ARM.attributes
                0x00000000000005ab       0x33 build/commandParser.o
 .ARM.attributes
                0x00000000000005de       0x33 build/max2871_registers.o
 .ARM.attributes
                0x0000000000000611       0x33 build/max2871.o
 .ARM.attributes
                0x0000000000000644       0x21 build/startup_stm32f103xb.o
 .ARM.attributes
                0x0000000000000665       0x2d /usr/lib/gcc/arm-none-eabi/7.3.1/../../../arm-none-eabi/lib/thumb/v7-m/libc_nano.a(lib_a-impure.o)
 .ARM.attributes
                0x0000000000000692       0x2d /usr/lib/gcc/arm-none-eabi/7.3.1/../../../arm-none-eabi/lib/thumb/v7-m/libc_nano.a(lib_a-init.o)
 .ARM.attributes
                0x00000000000006bf       0x2d /usr/lib/gcc/arm-none-eabi/7.3.1/../../../arm-none-eabi/lib/thumb/v7-m/libc_nano.a(lib_a-memset.o)
 .ARM.attributes
                0x00000000000006ec       0x2d /usr/lib/gcc/arm-none-eabi/7.3.1/../../../arm-none-eabi/lib/thumb/v7-m/libc_nano.a(lib_a-sprintf.o)
 .ARM.attributes
                0x0000000000000719       0x2d /usr/lib/gcc/arm-none-eabi/7.3.1/../../../arm-none-eabi/lib/thumb/v7-m/libc_nano.a(lib_a-strlen-stub.o)
 .ARM.attributes
                0x0000000000000746       0x2d /usr/lib/gcc/arm-none-eabi/7.3.1/../../../arm-none-eabi/lib/thumb/v7-m/libc_nano.a(lib_a-strncmp.o)
 .ARM.attributes
                0x0000000000000773       0x2d /usr/lib/gcc/arm-none-eabi/7.3.1/../../../arm-none-eabi/lib/thumb/v7-m/libc_nano.a(lib_a-nano-svfprintf.o)
 .ARM.attributes
                0x00000000000007a0       0x2d /usr/lib/gcc/arm-none-eabi/7.3.1/../../../arm-none-eabi/lib/thumb/v7-m/libc_nano.a(lib_a-nano-vfprintf_i.o)
 .ARM.attributes
                0x00000000000007cd       0x2d /usr/lib/gcc/arm-none-eabi/7.3.1/../../../arm-none-eabi/lib/thumb/v7-m/libc_nano.a(lib_a-memchr-stub.o)
 .ARM.attributes
                0x00000000000007fa       0x1b /usr/lib/gcc/arm-none-eabi/7.3.1/../../../arm-none-eabi/lib/thumb/v7-m/libc_nano.a(lib_a-memcpy.o)
 .ARM.attributes
                0x0000000000000815       0x2d /usr/lib/gcc/arm-none-eabi/7.3.1/../../../arm-none-eabi/lib/thumb/v7-m/libc_nano.a(lib_a-memmove.o)
 .ARM.attributes
                0x0000000000000842       0x2d /usr/lib/gcc/arm-none-eabi/7.3.1/../../../arm-none-eabi/lib/thumb/v7-m/libc_nano.a(lib_a-nano-freer.o)
 .ARM.attributes
                0x000000000000086f       0x2d /usr/lib/gcc/arm-none-eabi/7.3.1/../../../arm-none-eabi/lib/thumb/v7-m/libc_nano.a(lib_a-nano-mallocr.o)
 .ARM.attributes
                0x000000000000089c       0x2d /usr/lib/gcc/arm-none-eabi/7.3.1/../../../arm-none-eabi/lib/thumb/v7-m/libc_nano.a(lib_a-nano-reallocr.o)
 .ARM.attributes
                0x00000000000008c9       0x2d /usr/lib/gcc/arm-none-eabi/7.3.1/../../../arm-none-eabi/lib/thumb/v7-m/libc_nano.a(lib_a-sbrkr.o)
 .ARM.attributes
                0x00000000000008f6       0x2d /usr/lib/gcc/arm-none-eabi/7.3.1/../../../arm-none-eabi/lib/thumb/v7-m/libc_nano.a(lib_a-mlock.o)
 .ARM.attributes
                0x0000000000000923       0x2d /usr/lib/gcc/arm-none-eabi/7.3.1/../../../arm-none-eabi/lib/thumb/v7-m/libc_nano.a(lib_a-nano-msizer.o)
 .ARM.attributes
                0x0000000000000950       0x2d /usr/lib/gcc/arm-none-eabi/7.3.1/../../../arm-none-eabi/lib/thumb/v7-m/libc_nano.a(lib_a-reent.o)
 .ARM.attributes
                0x000000000000097d       0x2d /usr/lib/gcc/arm-none-eabi/7.3.1/../../../arm-none-eabi/lib/thumb/v7-m/libnosys.a(sbrk.o)
 .ARM.attributes
                0x00000000000009aa       0x1d /usr/lib/gcc/arm-none-eabi/7.3.1/thumb/v7-m/libgcc.a(_arm_addsubdf3.o)
 .ARM.attributes
                0x00000000000009c7       0x2d /usr/lib/gcc/arm-none-eabi/7.3.1/thumb/v7-m/crtend.o
 .ARM.attributes
                0x00000000000009f4       0x1d /usr/lib/gcc/arm-none-eabi/7.3.1/thumb/v7-m/crtn.o
OUTPUT(build/rf-sig-gen.elf elf32-littlearm)

.comment        0x0000000000000000       0xae
 .comment       0x0000000000000000       0x57 /usr/lib/gcc/arm-none-eabi/7.3.1/thumb/v7-m/crtbegin.o
                                         0x58 (size before relaxing)
 .comment       0x0000000000000057       0x58 build/main.o
 .comment       0x0000000000000057       0x58 build/gpio.o
 .comment       0x0000000000000057       0x58 build/adc.o
 .comment       0x0000000000000057       0x58 build/stm32f1xx_it.o
 .comment       0x0000000000000057       0x58 build/stm32f1xx_hal_msp.o
 .comment       0x0000000000000057       0x58 build/stm32f1xx_hal_adc.o
 .comment       0x0000000000000057       0x58 build/stm32f1xx_hal.o
 .comment       0x0000000000000057       0x58 build/stm32f1xx_hal_rcc.o
 .comment       0x0000000000000057       0x58 build/stm32f1xx_hal_rcc_ex.o
 .comment       0x0000000000000057       0x58 build/stm32f1xx_hal_gpio.o
 .comment       0x0000000000000057       0x58 build/stm32f1xx_hal_cortex.o
 .comment       0x0000000000000057       0x58 build/stm32f1xx_hal_tim.o
 .comment       0x0000000000000057       0x58 build/stm32f1xx_hal_tim_ex.o
 .comment       0x0000000000000057       0x58 build/stm32f1xx_hal_pcd.o
 .comment       0x0000000000000057       0x58 build/stm32f1xx_hal_pcd_ex.o
 .comment       0x0000000000000057       0x58 build/stm32f1xx_ll_usb.o
 .comment       0x0000000000000057       0x58 build/system_stm32f1xx.o
 .comment       0x0000000000000057       0x58 build/usb_device.o
 .comment       0x0000000000000057       0x58 build/usbd_conf.o
 .comment       0x0000000000000057       0x58 build/usbd_desc.o
 .comment       0x0000000000000057       0x58 build/usbd_cdc_if.o
 .comment       0x0000000000000057       0x58 build/usbd_core.o
 .comment       0x0000000000000057       0x58 build/usbd_ctlreq.o
 .comment       0x0000000000000057       0x58 build/usbd_ioreq.o
 .comment       0x0000000000000057       0x58 build/usbd_cdc.o
 .comment       0x0000000000000057       0x58 build/dwt_stm32_delay.o
 .comment       0x0000000000000057       0x58 build/tim.o
 .comment       0x0000000000000057       0x58 build/commandParser.o
 .comment       0x0000000000000057       0x58 build/max2871_registers.o
 .comment       0x0000000000000057       0x58 build/max2871.o
 .comment       0x0000000000000057       0x57 /usr/lib/gcc/arm-none-eabi/7.3.1/../../../arm-none-eabi/lib/thumb/v7-m/libc_nano.a(lib_a-impure.o)
                                         0x58 (size before relaxing)
 .comment       0x00000000000000ae       0x58 /usr/lib/gcc/arm-none-eabi/7.3.1/../../../arm-none-eabi/lib/thumb/v7-m/libc_nano.a(lib_a-init.o)
 .comment       0x00000000000000ae       0x58 /usr/lib/gcc/arm-none-eabi/7.3.1/../../../arm-none-eabi/lib/thumb/v7-m/libc_nano.a(lib_a-memset.o)
 .comment       0x00000000000000ae       0x58 /usr/lib/gcc/arm-none-eabi/7.3.1/../../../arm-none-eabi/lib/thumb/v7-m/libc_nano.a(lib_a-sprintf.o)
 .comment       0x00000000000000ae       0x58 /usr/lib/gcc/arm-none-eabi/7.3.1/../../../arm-none-eabi/lib/thumb/v7-m/libc_nano.a(lib_a-strlen-stub.o)
 .comment       0x00000000000000ae       0x58 /usr/lib/gcc/arm-none-eabi/7.3.1/../../../arm-none-eabi/lib/thumb/v7-m/libc_nano.a(lib_a-strncmp.o)
 .comment       0x00000000000000ae       0x58 /usr/lib/gcc/arm-none-eabi/7.3.1/../../../arm-none-eabi/lib/thumb/v7-m/libc_nano.a(lib_a-nano-svfprintf.o)
 .comment       0x00000000000000ae       0x58 /usr/lib/gcc/arm-none-eabi/7.3.1/../../../arm-none-eabi/lib/thumb/v7-m/libc_nano.a(lib_a-nano-vfprintf_i.o)
 .comment       0x00000000000000ae       0x58 /usr/lib/gcc/arm-none-eabi/7.3.1/../../../arm-none-eabi/lib/thumb/v7-m/libc_nano.a(lib_a-memchr-stub.o)
 .comment       0x00000000000000ae       0x58 /usr/lib/gcc/arm-none-eabi/7.3.1/../../../arm-none-eabi/lib/thumb/v7-m/libc_nano.a(lib_a-memmove.o)
 .comment       0x00000000000000ae       0x58 /usr/lib/gcc/arm-none-eabi/7.3.1/../../../arm-none-eabi/lib/thumb/v7-m/libc_nano.a(lib_a-nano-freer.o)
 .comment       0x00000000000000ae       0x58 /usr/lib/gcc/arm-none-eabi/7.3.1/../../../arm-none-eabi/lib/thumb/v7-m/libc_nano.a(lib_a-nano-mallocr.o)
 .comment       0x00000000000000ae       0x58 /usr/lib/gcc/arm-none-eabi/7.3.1/../../../arm-none-eabi/lib/thumb/v7-m/libc_nano.a(lib_a-nano-reallocr.o)
 .comment       0x00000000000000ae       0x58 /usr/lib/gcc/arm-none-eabi/7.3.1/../../../arm-none-eabi/lib/thumb/v7-m/libc_nano.a(lib_a-sbrkr.o)
 .comment       0x00000000000000ae       0x58 /usr/lib/gcc/arm-none-eabi/7.3.1/../../../arm-none-eabi/lib/thumb/v7-m/libc_nano.a(lib_a-mlock.o)
 .comment       0x00000000000000ae       0x58 /usr/lib/gcc/arm-none-eabi/7.3.1/../../../arm-none-eabi/lib/thumb/v7-m/libc_nano.a(lib_a-nano-msizer.o)
 .comment       0x00000000000000ae       0x58 /usr/lib/gcc/arm-none-eabi/7.3.1/../../../arm-none-eabi/lib/thumb/v7-m/libc_nano.a(lib_a-reent.o)
 .comment       0x00000000000000ae       0x58 /usr/lib/gcc/arm-none-eabi/7.3.1/../../../arm-none-eabi/lib/thumb/v7-m/libnosys.a(sbrk.o)
 .comment       0x00000000000000ae       0x58 /usr/lib/gcc/arm-none-eabi/7.3.1/thumb/v7-m/crtend.o

.debug_info     0x0000000000000000    0x2c38f
 .debug_info    0x0000000000000000     0x1c7d build/main.o
 .debug_info    0x0000000000001c7d      0x540 build/gpio.o
 .debug_info    0x00000000000021bd      0x9f2 build/adc.o
 .debug_info    0x0000000000002baf      0x7e7 build/stm32f1xx_it.o
 .debug_info    0x0000000000003396      0x377 build/stm32f1xx_hal_msp.o
 .debug_info    0x000000000000370d      0xf7b build/stm32f1xx_hal_adc.o
 .debug_info    0x0000000000004688      0x857 build/stm32f1xx_hal.o
 .debug_info    0x0000000000004edf      0xa9a build/stm32f1xx_hal_rcc.o
 .debug_info    0x0000000000005979      0x4ca build/stm32f1xx_hal_rcc_ex.o
 .debug_info    0x0000000000005e43      0x700 build/stm32f1xx_hal_gpio.o
 .debug_info    0x0000000000006543      0xd55 build/stm32f1xx_hal_cortex.o
 .debug_info    0x0000000000007298     0x346c build/stm32f1xx_hal_tim.o
 .debug_info    0x000000000000a704     0x1607 build/stm32f1xx_hal_tim_ex.o
 .debug_info    0x000000000000bd0b     0x142c build/stm32f1xx_hal_pcd.o
 .debug_info    0x000000000000d137      0x7f3 build/stm32f1xx_hal_pcd_ex.o
 .debug_info    0x000000000000d92a     0x16b0 build/stm32f1xx_ll_usb.o
 .debug_info    0x000000000000efda      0x489 build/system_stm32f1xx.o
 .debug_info    0x000000000000f463     0x112a build/usb_device.o
 .debug_info    0x000000000001058d     0x2537 build/usbd_conf.o
 .debug_info    0x0000000000012ac4      0xff7 build/usbd_desc.o
 .debug_info    0x0000000000013abb     0x15b2 build/usbd_cdc_if.o
 .debug_info    0x000000000001506d     0x17a4 build/usbd_core.o
 .debug_info    0x0000000000016811     0x1a9b build/usbd_ctlreq.o
 .debug_info    0x00000000000182ac     0x1223 build/usbd_ioreq.o
 .debug_info    0x00000000000194cf     0x1d94 build/usbd_cdc.o
 .debug_info    0x000000000001b263      0x361 build/dwt_stm32_delay.o
 .debug_info    0x000000000001b5c4      0xc8a build/tim.o
 .debug_info    0x000000000001c24e     0x1575 build/commandParser.o
 .debug_info    0x000000000001d7c3      0x7c1 build/max2871_registers.o
 .debug_info    0x000000000001df84     0x2433 build/max2871.o
 .debug_info    0x00000000000203b7       0x22 build/startup_stm32f103xb.o
 .debug_info    0x00000000000203d9      0x8a4 /usr/lib/gcc/arm-none-eabi/7.3.1/../../../arm-none-eabi/lib/thumb/v7-m/libc_nano.a(lib_a-impure.o)
 .debug_info    0x0000000000020c7d      0x109 /usr/lib/gcc/arm-none-eabi/7.3.1/../../../arm-none-eabi/lib/thumb/v7-m/libc_nano.a(lib_a-init.o)
 .debug_info    0x0000000000020d86      0xe1d /usr/lib/gcc/arm-none-eabi/7.3.1/../../../arm-none-eabi/lib/thumb/v7-m/libc_nano.a(lib_a-memset.o)
 .debug_info    0x0000000000021ba3      0xbd2 /usr/lib/gcc/arm-none-eabi/7.3.1/../../../arm-none-eabi/lib/thumb/v7-m/libc_nano.a(lib_a-sprintf.o)
 .debug_info    0x0000000000022775      0x8b5 /usr/lib/gcc/arm-none-eabi/7.3.1/../../../arm-none-eabi/lib/thumb/v7-m/libc_nano.a(lib_a-strlen-stub.o)
 .debug_info    0x000000000002302a      0x8f5 /usr/lib/gcc/arm-none-eabi/7.3.1/../../../arm-none-eabi/lib/thumb/v7-m/libc_nano.a(lib_a-strncmp.o)
 .debug_info    0x000000000002391f     0x1651 /usr/lib/gcc/arm-none-eabi/7.3.1/../../../arm-none-eabi/lib/thumb/v7-m/libc_nano.a(lib_a-nano-svfprintf.o)
 .debug_info    0x0000000000024f70     0x142c /usr/lib/gcc/arm-none-eabi/7.3.1/../../../arm-none-eabi/lib/thumb/v7-m/libc_nano.a(lib_a-nano-vfprintf_i.o)
 .debug_info    0x000000000002639c      0x934 /usr/lib/gcc/arm-none-eabi/7.3.1/../../../arm-none-eabi/lib/thumb/v7-m/libc_nano.a(lib_a-memchr-stub.o)
 .debug_info    0x0000000000026cd0       0x26 /usr/lib/gcc/arm-none-eabi/7.3.1/../../../arm-none-eabi/lib/thumb/v7-m/libc_nano.a(lib_a-memcpy.o)
 .debug_info    0x0000000000026cf6      0xe2c /usr/lib/gcc/arm-none-eabi/7.3.1/../../../arm-none-eabi/lib/thumb/v7-m/libc_nano.a(lib_a-memmove.o)
 .debug_info    0x0000000000027b22      0xac1 /usr/lib/gcc/arm-none-eabi/7.3.1/../../../arm-none-eabi/lib/thumb/v7-m/libc_nano.a(lib_a-nano-freer.o)
 .debug_info    0x00000000000285e3      0xb75 /usr/lib/gcc/arm-none-eabi/7.3.1/../../../arm-none-eabi/lib/thumb/v7-m/libc_nano.a(lib_a-nano-mallocr.o)
 .debug_info    0x0000000000029158      0xac6 /usr/lib/gcc/arm-none-eabi/7.3.1/../../../arm-none-eabi/lib/thumb/v7-m/libc_nano.a(lib_a-nano-reallocr.o)
 .debug_info    0x0000000000029c1e      0x95a /usr/lib/gcc/arm-none-eabi/7.3.1/../../../arm-none-eabi/lib/thumb/v7-m/libc_nano.a(lib_a-sbrkr.o)
 .debug_info    0x000000000002a578      0x8d7 /usr/lib/gcc/arm-none-eabi/7.3.1/../../../arm-none-eabi/lib/thumb/v7-m/libc_nano.a(lib_a-mlock.o)
 .debug_info    0x000000000002ae4f      0x9fa /usr/lib/gcc/arm-none-eabi/7.3.1/../../../arm-none-eabi/lib/thumb/v7-m/libc_nano.a(lib_a-nano-msizer.o)
 .debug_info    0x000000000002b849      0xa90 /usr/lib/gcc/arm-none-eabi/7.3.1/../../../arm-none-eabi/lib/thumb/v7-m/libc_nano.a(lib_a-reent.o)
 .debug_info    0x000000000002c2d9       0x90 /usr/lib/gcc/arm-none-eabi/7.3.1/../../../arm-none-eabi/lib/thumb/v7-m/libnosys.a(sbrk.o)
 .debug_info    0x000000000002c369       0x26 /usr/lib/gcc/arm-none-eabi/7.3.1/thumb/v7-m/libgcc.a(_arm_addsubdf3.o)

.debug_abbrev   0x0000000000000000     0x6477
 .debug_abbrev  0x0000000000000000      0x27a build/main.o
 .debug_abbrev  0x000000000000027a      0x171 build/gpio.o
 .debug_abbrev  0x00000000000003eb      0x1d9 build/adc.o
 .debug_abbrev  0x00000000000005c4      0x173 build/stm32f1xx_it.o
 .debug_abbrev  0x0000000000000737      0x126 build/stm32f1xx_hal_msp.o
 .debug_abbrev  0x000000000000085d      0x224 build/stm32f1xx_hal_adc.o
 .debug_abbrev  0x0000000000000a81      0x1fe build/stm32f1xx_hal.o
 .debug_abbrev  0x0000000000000c7f      0x272 build/stm32f1xx_hal_rcc.o
 .debug_abbrev  0x0000000000000ef1      0x1c9 build/stm32f1xx_hal_rcc_ex.o
 .debug_abbrev  0x00000000000010ba      0x213 build/stm32f1xx_hal_gpio.o
 .debug_abbrev  0x00000000000012cd      0x318 build/stm32f1xx_hal_cortex.o
 .debug_abbrev  0x00000000000015e5      0x286 build/stm32f1xx_hal_tim.o
 .debug_abbrev  0x000000000000186b      0x26d build/stm32f1xx_hal_tim_ex.o
 .debug_abbrev  0x0000000000001ad8      0x2b1 build/stm32f1xx_hal_pcd.o
 .debug_abbrev  0x0000000000001d89      0x187 build/stm32f1xx_hal_pcd_ex.o
 .debug_abbrev  0x0000000000001f10      0x271 build/stm32f1xx_ll_usb.o
 .debug_abbrev  0x0000000000002181      0x133 build/system_stm32f1xx.o
 .debug_abbrev  0x00000000000022b4      0x1fe build/usb_device.o
 .debug_abbrev  0x00000000000024b2      0x34f build/usbd_conf.o
 .debug_abbrev  0x0000000000002801      0x2e3 build/usbd_desc.o
 .debug_abbrev  0x0000000000002ae4      0x380 build/usbd_cdc_if.o
 .debug_abbrev  0x0000000000002e64      0x2c6 build/usbd_core.o
 .debug_abbrev  0x000000000000312a      0x325 build/usbd_ctlreq.o
 .debug_abbrev  0x000000000000344f      0x1f7 build/usbd_ioreq.o
 .debug_abbrev  0x0000000000003646      0x344 build/usbd_cdc.o
 .debug_abbrev  0x000000000000398a       0xd8 build/dwt_stm32_delay.o
 .debug_abbrev  0x0000000000003a62      0x231 build/tim.o
 .debug_abbrev  0x0000000000003c93      0x25d build/commandParser.o
 .debug_abbrev  0x0000000000003ef0      0x121 build/max2871_registers.o
 .debug_abbrev  0x0000000000004011      0x3e2 build/max2871.o
 .debug_abbrev  0x00000000000043f3       0x12 build/startup_stm32f103xb.o
 .debug_abbrev  0x0000000000004405      0x15c /usr/lib/gcc/arm-none-eabi/7.3.1/../../../arm-none-eabi/lib/thumb/v7-m/libc_nano.a(lib_a-impure.o)
 .debug_abbrev  0x0000000000004561       0xba /usr/lib/gcc/arm-none-eabi/7.3.1/../../../arm-none-eabi/lib/thumb/v7-m/libc_nano.a(lib_a-init.o)
 .debug_abbrev  0x000000000000461b      0x1a8 /usr/lib/gcc/arm-none-eabi/7.3.1/../../../arm-none-eabi/lib/thumb/v7-m/libc_nano.a(lib_a-memset.o)
 .debug_abbrev  0x00000000000047c3      0x222 /usr/lib/gcc/arm-none-eabi/7.3.1/../../../arm-none-eabi/lib/thumb/v7-m/libc_nano.a(lib_a-sprintf.o)
 .debug_abbrev  0x00000000000049e5      0x171 /usr/lib/gcc/arm-none-eabi/7.3.1/../../../arm-none-eabi/lib/thumb/v7-m/libc_nano.a(lib_a-strlen-stub.o)
 .debug_abbrev  0x0000000000004b56      0x182 /usr/lib/gcc/arm-none-eabi/7.3.1/../../../arm-none-eabi/lib/thumb/v7-m/libc_nano.a(lib_a-strncmp.o)
 .debug_abbrev  0x0000000000004cd8      0x2cc /usr/lib/gcc/arm-none-eabi/7.3.1/../../../arm-none-eabi/lib/thumb/v7-m/libc_nano.a(lib_a-nano-svfprintf.o)
 .debug_abbrev  0x0000000000004fa4      0x28b /usr/lib/gcc/arm-none-eabi/7.3.1/../../../arm-none-eabi/lib/thumb/v7-m/libc_nano.a(lib_a-nano-vfprintf_i.o)
 .debug_abbrev  0x000000000000522f      0x1a5 /usr/lib/gcc/arm-none-eabi/7.3.1/../../../arm-none-eabi/lib/thumb/v7-m/libc_nano.a(lib_a-memchr-stub.o)
 .debug_abbrev  0x00000000000053d4       0x14 /usr/lib/gcc/arm-none-eabi/7.3.1/../../../arm-none-eabi/lib/thumb/v7-m/libc_nano.a(lib_a-memcpy.o)
 .debug_abbrev  0x00000000000053e8      0x1ad /usr/lib/gcc/arm-none-eabi/7.3.1/../../../arm-none-eabi/lib/thumb/v7-m/libc_nano.a(lib_a-memmove.o)
 .debug_abbrev  0x0000000000005595      0x244 /usr/lib/gcc/arm-none-eabi/7.3.1/../../../arm-none-eabi/lib/thumb/v7-m/libc_nano.a(lib_a-nano-freer.o)
 .debug_abbrev  0x00000000000057d9      0x27f /usr/lib/gcc/arm-none-eabi/7.3.1/../../../arm-none-eabi/lib/thumb/v7-m/libc_nano.a(lib_a-nano-mallocr.o)
 .debug_abbrev  0x0000000000005a58      0x1f9 /usr/lib/gcc/arm-none-eabi/7.3.1/../../../arm-none-eabi/lib/thumb/v7-m/libc_nano.a(lib_a-nano-reallocr.o)
 .debug_abbrev  0x0000000000005c51      0x1df /usr/lib/gcc/arm-none-eabi/7.3.1/../../../arm-none-eabi/lib/thumb/v7-m/libc_nano.a(lib_a-sbrkr.o)
 .debug_abbrev  0x0000000000005e30      0x1a1 /usr/lib/gcc/arm-none-eabi/7.3.1/../../../arm-none-eabi/lib/thumb/v7-m/libc_nano.a(lib_a-mlock.o)
 .debug_abbrev  0x0000000000005fd1      0x1b4 /usr/lib/gcc/arm-none-eabi/7.3.1/../../../arm-none-eabi/lib/thumb/v7-m/libc_nano.a(lib_a-nano-msizer.o)
 .debug_abbrev  0x0000000000006185      0x24c /usr/lib/gcc/arm-none-eabi/7.3.1/../../../arm-none-eabi/lib/thumb/v7-m/libc_nano.a(lib_a-reent.o)
 .debug_abbrev  0x00000000000063d1       0x92 /usr/lib/gcc/arm-none-eabi/7.3.1/../../../arm-none-eabi/lib/thumb/v7-m/libnosys.a(sbrk.o)
 .debug_abbrev  0x0000000000006463       0x14 /usr/lib/gcc/arm-none-eabi/7.3.1/thumb/v7-m/libgcc.a(_arm_addsubdf3.o)

.debug_loc      0x0000000000000000    0x10359
 .debug_loc     0x0000000000000000       0x91 build/main.o
 .debug_loc     0x0000000000000091       0x39 build/gpio.o
 .debug_loc     0x00000000000000ca      0x11c build/adc.o
 .debug_loc     0x00000000000001e6       0x40 build/stm32f1xx_it.o
 .debug_loc     0x0000000000000226       0x2c build/stm32f1xx_hal_msp.o
 .debug_loc     0x0000000000000252      0xd12 build/stm32f1xx_hal_adc.o
 .debug_loc     0x0000000000000f64      0x1b0 build/stm32f1xx_hal.o
 .debug_loc     0x0000000000001114      0x683 build/stm32f1xx_hal_rcc.o
 .debug_loc     0x0000000000001797      0x358 build/stm32f1xx_hal_rcc_ex.o
 .debug_loc     0x0000000000001aef      0x497 build/stm32f1xx_hal_gpio.o
 .debug_loc     0x0000000000001f86      0x63d build/stm32f1xx_hal_cortex.o
 .debug_loc     0x00000000000025c3     0x43f5 build/stm32f1xx_hal_tim.o
 .debug_loc     0x00000000000069b8     0x15e9 build/stm32f1xx_hal_tim_ex.o
 .debug_loc     0x0000000000007fa1      0xdaf build/stm32f1xx_hal_pcd.o
 .debug_loc     0x0000000000008d50       0xdc build/stm32f1xx_hal_pcd_ex.o
 .debug_loc     0x0000000000008e2c     0x120a build/stm32f1xx_ll_usb.o
 .debug_loc     0x000000000000a036       0xdf build/system_stm32f1xx.o
 .debug_loc     0x000000000000a115       0x20 build/usb_device.o
 .debug_loc     0x000000000000a135      0xd5b build/usbd_conf.o
 .debug_loc     0x000000000000ae90      0x3fa build/usbd_desc.o
 .debug_loc     0x000000000000b28a      0x294 build/usbd_cdc_if.o
 .debug_loc     0x000000000000b51e      0x879 build/usbd_core.o
 .debug_loc     0x000000000000bd97     0x120b build/usbd_ctlreq.o
 .debug_loc     0x000000000000cfa2      0x31c build/usbd_ioreq.o
 .debug_loc     0x000000000000d2be      0x859 build/usbd_cdc.o
 .debug_loc     0x000000000000db17       0xf0 build/tim.o
 .debug_loc     0x000000000000dc07      0x10a build/commandParser.o
 .debug_loc     0x000000000000dd11      0x176 build/max2871_registers.o
 .debug_loc     0x000000000000de87      0x6a7 build/max2871.o
 .debug_loc     0x000000000000e52e       0xa2 /usr/lib/gcc/arm-none-eabi/7.3.1/../../../arm-none-eabi/lib/thumb/v7-m/libc_nano.a(lib_a-init.o)
 .debug_loc     0x000000000000e5d0      0x175 /usr/lib/gcc/arm-none-eabi/7.3.1/../../../arm-none-eabi/lib/thumb/v7-m/libc_nano.a(lib_a-memset.o)
 .debug_loc     0x000000000000e745       0x93 /usr/lib/gcc/arm-none-eabi/7.3.1/../../../arm-none-eabi/lib/thumb/v7-m/libc_nano.a(lib_a-sprintf.o)
 .debug_loc     0x000000000000e7d8       0x21 /usr/lib/gcc/arm-none-eabi/7.3.1/../../../arm-none-eabi/lib/thumb/v7-m/libc_nano.a(lib_a-strlen-stub.o)
 .debug_loc     0x000000000000e7f9      0x138 /usr/lib/gcc/arm-none-eabi/7.3.1/../../../arm-none-eabi/lib/thumb/v7-m/libc_nano.a(lib_a-strncmp.o)
 .debug_loc     0x000000000000e931      0x69e /usr/lib/gcc/arm-none-eabi/7.3.1/../../../arm-none-eabi/lib/thumb/v7-m/libc_nano.a(lib_a-nano-svfprintf.o)
 .debug_loc     0x000000000000efcf      0x709 /usr/lib/gcc/arm-none-eabi/7.3.1/../../../arm-none-eabi/lib/thumb/v7-m/libc_nano.a(lib_a-nano-vfprintf_i.o)
 .debug_loc     0x000000000000f6d8      0x1e0 /usr/lib/gcc/arm-none-eabi/7.3.1/../../../arm-none-eabi/lib/thumb/v7-m/libc_nano.a(lib_a-memchr-stub.o)
 .debug_loc     0x000000000000f8b8      0x247 /usr/lib/gcc/arm-none-eabi/7.3.1/../../../arm-none-eabi/lib/thumb/v7-m/libc_nano.a(lib_a-memmove.o)
 .debug_loc     0x000000000000faff      0x181 /usr/lib/gcc/arm-none-eabi/7.3.1/../../../arm-none-eabi/lib/thumb/v7-m/libc_nano.a(lib_a-nano-freer.o)
 .debug_loc     0x000000000000fc80      0x355 /usr/lib/gcc/arm-none-eabi/7.3.1/../../../arm-none-eabi/lib/thumb/v7-m/libc_nano.a(lib_a-nano-mallocr.o)
 .debug_loc     0x000000000000ffd5      0x13d /usr/lib/gcc/arm-none-eabi/7.3.1/../../../arm-none-eabi/lib/thumb/v7-m/libc_nano.a(lib_a-nano-reallocr.o)
 .debug_loc     0x0000000000010112       0x4d /usr/lib/gcc/arm-none-eabi/7.3.1/../../../arm-none-eabi/lib/thumb/v7-m/libc_nano.a(lib_a-sbrkr.o)
 .debug_loc     0x000000000001015f       0x78 /usr/lib/gcc/arm-none-eabi/7.3.1/../../../arm-none-eabi/lib/thumb/v7-m/libc_nano.a(lib_a-nano-msizer.o)
 .debug_loc     0x00000000000101d7      0x14a /usr/lib/gcc/arm-none-eabi/7.3.1/../../../arm-none-eabi/lib/thumb/v7-m/libc_nano.a(lib_a-reent.o)
 .debug_loc     0x0000000000010321       0x38 /usr/lib/gcc/arm-none-eabi/7.3.1/../../../arm-none-eabi/lib/thumb/v7-m/libnosys.a(sbrk.o)

.debug_aranges  0x0000000000000000     0x1540
 .debug_aranges
                0x0000000000000000       0x38 build/main.o
 .debug_aranges
                0x0000000000000038       0x20 build/gpio.o
 .debug_aranges
                0x0000000000000058       0x30 build/adc.o
 .debug_aranges
                0x0000000000000088       0x68 build/stm32f1xx_it.o
 .debug_aranges
                0x00000000000000f0       0x20 build/stm32f1xx_hal_msp.o
 .debug_aranges
                0x0000000000000110       0xf0 build/stm32f1xx_hal_adc.o
 .debug_aranges
                0x0000000000000200       0xe0 build/stm32f1xx_hal.o
 .debug_aranges
                0x00000000000002e0       0x90 build/stm32f1xx_hal_rcc.o
 .debug_aranges
                0x0000000000000370       0x30 build/stm32f1xx_hal_rcc_ex.o
 .debug_aranges
                0x00000000000003a0       0x58 build/stm32f1xx_hal_gpio.o
 .debug_aranges
                0x00000000000003f8       0x90 build/stm32f1xx_hal_cortex.o
 .debug_aranges
                0x0000000000000488      0x3a8 build/stm32f1xx_hal_tim.o
 .debug_aranges
                0x0000000000000830      0x150 build/stm32f1xx_hal_tim_ex.o
 .debug_aranges
                0x0000000000000980      0x120 build/stm32f1xx_hal_pcd.o
 .debug_aranges
                0x0000000000000aa0       0x38 build/stm32f1xx_hal_pcd_ex.o
 .debug_aranges
                0x0000000000000ad8      0x108 build/stm32f1xx_ll_usb.o
 .debug_aranges
                0x0000000000000be0       0x28 build/system_stm32f1xx.o
 .debug_aranges
                0x0000000000000c08       0x20 build/usb_device.o
 .debug_aranges
                0x0000000000000c28      0x118 build/usbd_conf.o
 .debug_aranges
                0x0000000000000d40       0x60 build/usbd_desc.o
 .debug_aranges
                0x0000000000000da0       0x50 build/usbd_cdc_if.o
 .debug_aranges
                0x0000000000000df0       0xb8 build/usbd_core.o
 .debug_aranges
                0x0000000000000ea8       0x88 build/usbd_ctlreq.o
 .debug_aranges
                0x0000000000000f30       0x50 build/usbd_ioreq.o
 .debug_aranges
                0x0000000000000f80       0x90 build/usbd_cdc.o
 .debug_aranges
                0x0000000000001010       0x20 build/dwt_stm32_delay.o
 .debug_aranges
                0x0000000000001030       0x38 build/tim.o
 .debug_aranges
                0x0000000000001068       0x20 build/commandParser.o
 .debug_aranges
                0x0000000000001088      0x198 build/max2871_registers.o
 .debug_aranges
                0x0000000000001220       0x80 build/max2871.o
 .debug_aranges
                0x00000000000012a0       0x28 build/startup_stm32f103xb.o
 .debug_aranges
                0x00000000000012c8       0x18 /usr/lib/gcc/arm-none-eabi/7.3.1/../../../arm-none-eabi/lib/thumb/v7-m/libc_nano.a(lib_a-impure.o)
 .debug_aranges
                0x00000000000012e0       0x20 /usr/lib/gcc/arm-none-eabi/7.3.1/../../../arm-none-eabi/lib/thumb/v7-m/libc_nano.a(lib_a-init.o)
 .debug_aranges
                0x0000000000001300       0x20 /usr/lib/gcc/arm-none-eabi/7.3.1/../../../arm-none-eabi/lib/thumb/v7-m/libc_nano.a(lib_a-memset.o)
 .debug_aranges
                0x0000000000001320       0x20 /usr/lib/gcc/arm-none-eabi/7.3.1/../../../arm-none-eabi/lib/thumb/v7-m/libc_nano.a(lib_a-sprintf.o)
 .debug_aranges
                0x0000000000001340       0x20 /usr/lib/gcc/arm-none-eabi/7.3.1/../../../arm-none-eabi/lib/thumb/v7-m/libc_nano.a(lib_a-strlen-stub.o)
 .debug_aranges
                0x0000000000001360       0x20 /usr/lib/gcc/arm-none-eabi/7.3.1/../../../arm-none-eabi/lib/thumb/v7-m/libc_nano.a(lib_a-strncmp.o)
 .debug_aranges
                0x0000000000001380       0x20 /usr/lib/gcc/arm-none-eabi/7.3.1/../../../arm-none-eabi/lib/thumb/v7-m/libc_nano.a(lib_a-nano-svfprintf.o)
 .debug_aranges
                0x00000000000013a0       0x20 /usr/lib/gcc/arm-none-eabi/7.3.1/../../../arm-none-eabi/lib/thumb/v7-m/libc_nano.a(lib_a-nano-vfprintf_i.o)
 .debug_aranges
                0x00000000000013c0       0x20 /usr/lib/gcc/arm-none-eabi/7.3.1/../../../arm-none-eabi/lib/thumb/v7-m/libc_nano.a(lib_a-memchr-stub.o)
 .debug_aranges
                0x00000000000013e0       0x20 /usr/lib/gcc/arm-none-eabi/7.3.1/../../../arm-none-eabi/lib/thumb/v7-m/libc_nano.a(lib_a-memcpy.o)
 .debug_aranges
                0x0000000000001400       0x20 /usr/lib/gcc/arm-none-eabi/7.3.1/../../../arm-none-eabi/lib/thumb/v7-m/libc_nano.a(lib_a-memmove.o)
 .debug_aranges
                0x0000000000001420       0x20 /usr/lib/gcc/arm-none-eabi/7.3.1/../../../arm-none-eabi/lib/thumb/v7-m/libc_nano.a(lib_a-nano-freer.o)
 .debug_aranges
                0x0000000000001440       0x20 /usr/lib/gcc/arm-none-eabi/7.3.1/../../../arm-none-eabi/lib/thumb/v7-m/libc_nano.a(lib_a-nano-mallocr.o)
 .debug_aranges
                0x0000000000001460       0x20 /usr/lib/gcc/arm-none-eabi/7.3.1/../../../arm-none-eabi/lib/thumb/v7-m/libc_nano.a(lib_a-nano-reallocr.o)
 .debug_aranges
                0x0000000000001480       0x20 /usr/lib/gcc/arm-none-eabi/7.3.1/../../../arm-none-eabi/lib/thumb/v7-m/libc_nano.a(lib_a-sbrkr.o)
 .debug_aranges
                0x00000000000014a0       0x20 /usr/lib/gcc/arm-none-eabi/7.3.1/../../../arm-none-eabi/lib/thumb/v7-m/libc_nano.a(lib_a-mlock.o)
 .debug_aranges
                0x00000000000014c0       0x20 /usr/lib/gcc/arm-none-eabi/7.3.1/../../../arm-none-eabi/lib/thumb/v7-m/libc_nano.a(lib_a-nano-msizer.o)
 .debug_aranges
                0x00000000000014e0       0x20 /usr/lib/gcc/arm-none-eabi/7.3.1/../../../arm-none-eabi/lib/thumb/v7-m/libc_nano.a(lib_a-reent.o)
 .debug_aranges
                0x0000000000001500       0x20 /usr/lib/gcc/arm-none-eabi/7.3.1/../../../arm-none-eabi/lib/thumb/v7-m/libnosys.a(sbrk.o)
 .debug_aranges
                0x0000000000001520       0x20 /usr/lib/gcc/arm-none-eabi/7.3.1/thumb/v7-m/libgcc.a(_arm_addsubdf3.o)

.debug_ranges   0x0000000000000000     0x1400
 .debug_ranges  0x0000000000000000       0x28 build/main.o
 .debug_ranges  0x0000000000000028       0x10 build/gpio.o
 .debug_ranges  0x0000000000000038       0x20 build/adc.o
 .debug_ranges  0x0000000000000058       0x58 build/stm32f1xx_it.o
 .debug_ranges  0x00000000000000b0       0x10 build/stm32f1xx_hal_msp.o
 .debug_ranges  0x00000000000000c0       0xe0 build/stm32f1xx_hal_adc.o
 .debug_ranges  0x00000000000001a0       0xd0 build/stm32f1xx_hal.o
 .debug_ranges  0x0000000000000270       0xa0 build/stm32f1xx_hal_rcc.o
 .debug_ranges  0x0000000000000310       0x38 build/stm32f1xx_hal_rcc_ex.o
 .debug_ranges  0x0000000000000348       0x48 build/stm32f1xx_hal_gpio.o
 .debug_ranges  0x0000000000000390       0xe0 build/stm32f1xx_hal_cortex.o
 .debug_ranges  0x0000000000000470      0x398 build/stm32f1xx_hal_tim.o
 .debug_ranges  0x0000000000000808      0x140 build/stm32f1xx_hal_tim_ex.o
 .debug_ranges  0x0000000000000948      0x140 build/stm32f1xx_hal_pcd.o
 .debug_ranges  0x0000000000000a88       0x28 build/stm32f1xx_hal_pcd_ex.o
 .debug_ranges  0x0000000000000ab0      0x218 build/stm32f1xx_ll_usb.o
 .debug_ranges  0x0000000000000cc8       0x18 build/system_stm32f1xx.o
 .debug_ranges  0x0000000000000ce0       0x10 build/usb_device.o
 .debug_ranges  0x0000000000000cf0      0x108 build/usbd_conf.o
 .debug_ranges  0x0000000000000df8       0x50 build/usbd_desc.o
 .debug_ranges  0x0000000000000e48       0x40 build/usbd_cdc_if.o
 .debug_ranges  0x0000000000000e88       0xa8 build/usbd_core.o
 .debug_ranges  0x0000000000000f30       0x78 build/usbd_ctlreq.o
 .debug_ranges  0x0000000000000fa8       0x40 build/usbd_ioreq.o
 .debug_ranges  0x0000000000000fe8       0x80 build/usbd_cdc.o
 .debug_ranges  0x0000000000001068       0x10 build/dwt_stm32_delay.o
 .debug_ranges  0x0000000000001078       0x28 build/tim.o
 .debug_ranges  0x00000000000010a0       0x28 build/commandParser.o
 .debug_ranges  0x00000000000010c8      0x188 build/max2871_registers.o
 .debug_ranges  0x0000000000001250       0x88 build/max2871.o
 .debug_ranges  0x00000000000012d8       0x20 build/startup_stm32f103xb.o
 .debug_ranges  0x00000000000012f8       0x10 /usr/lib/gcc/arm-none-eabi/7.3.1/../../../arm-none-eabi/lib/thumb/v7-m/libc_nano.a(lib_a-strlen-stub.o)
 .debug_ranges  0x0000000000001308       0x48 /usr/lib/gcc/arm-none-eabi/7.3.1/../../../arm-none-eabi/lib/thumb/v7-m/libc_nano.a(lib_a-nano-svfprintf.o)
 .debug_ranges  0x0000000000001350       0x70 /usr/lib/gcc/arm-none-eabi/7.3.1/../../../arm-none-eabi/lib/thumb/v7-m/libc_nano.a(lib_a-nano-vfprintf_i.o)
 .debug_ranges  0x00000000000013c0       0x40 /usr/lib/gcc/arm-none-eabi/7.3.1/../../../arm-none-eabi/lib/thumb/v7-m/libc_nano.a(lib_a-nano-mallocr.o)

.debug_line     0x0000000000000000     0x9d2a
 .debug_line    0x0000000000000000      0x3c6 build/main.o
 .debug_line    0x00000000000003c6      0x181 build/gpio.o
 .debug_line    0x0000000000000547      0x204 build/adc.o
 .debug_line    0x000000000000074b      0x22b build/stm32f1xx_it.o
 .debug_line    0x0000000000000976      0x158 build/stm32f1xx_hal_msp.o
 .debug_line    0x0000000000000ace      0x724 build/stm32f1xx_hal_adc.o
 .debug_line    0x00000000000011f2      0x35e build/stm32f1xx_hal.o
 .debug_line    0x0000000000001550      0x4a5 build/stm32f1xx_hal_rcc.o
 .debug_line    0x00000000000019f5      0x270 build/stm32f1xx_hal_rcc_ex.o
 .debug_line    0x0000000000001c65      0x32f build/stm32f1xx_hal_gpio.o
 .debug_line    0x0000000000001f94      0x34a build/stm32f1xx_hal_cortex.o
 .debug_line    0x00000000000022de     0x12eb build/stm32f1xx_hal_tim.o
 .debug_line    0x00000000000035c9      0x7da build/stm32f1xx_hal_tim_ex.o
 .debug_line    0x0000000000003da3      0x69a build/stm32f1xx_hal_pcd.o
 .debug_line    0x000000000000443d      0x1eb build/stm32f1xx_hal_pcd_ex.o
 .debug_line    0x0000000000004628      0x630 build/stm32f1xx_ll_usb.o
 .debug_line    0x0000000000004c58      0x195 build/system_stm32f1xx.o
 .debug_line    0x0000000000004ded      0x270 build/usb_device.o
 .debug_line    0x000000000000505d      0x544 build/usbd_conf.o
 .debug_line    0x00000000000055a1      0x2ce build/usbd_desc.o
 .debug_line    0x000000000000586f      0x32e build/usbd_cdc_if.o
 .debug_line    0x0000000000005b9d      0x47b build/usbd_core.o
 .debug_line    0x0000000000006018      0x530 build/usbd_ctlreq.o
 .debug_line    0x0000000000006548      0x2a3 build/usbd_ioreq.o
 .debug_line    0x00000000000067eb      0x4b6 build/usbd_cdc.o
 .debug_line    0x0000000000006ca1      0x140 build/dwt_stm32_delay.o
 .debug_line    0x0000000000006de1      0x248 build/tim.o