Archive member included to satisfy reference by file (symbol)

/usr/lib/gcc/arm-none-eabi/7.3.1/../../../arm-none-eabi/lib/thumb/v7-m/libc_nano.a(lib_a-atexit.o)
                              /usr/lib/gcc/arm-none-eabi/7.3.1/../../../arm-none-eabi/lib/thumb/v7-m/crt0.o (atexit)
/usr/lib/gcc/arm-none-eabi/7.3.1/../../../arm-none-eabi/lib/thumb/v7-m/libc_nano.a(lib_a-atof.o)
                              build/commandParser.o (atof)
/usr/lib/gcc/arm-none-eabi/7.3.1/../../../arm-none-eabi/lib/thumb/v7-m/libc_nano.a(lib_a-atoi.o)
                              build/commandParser.o (atoi)
/usr/lib/gcc/arm-none-eabi/7.3.1/../../../arm-none-eabi/lib/thumb/v7-m/libc_nano.a(lib_a-exit.o)
                              /usr/lib/gcc/arm-none-eabi/7.3.1/../../../arm-none-eabi/lib/thumb/v7-m/crt0.o (exit)
/usr/lib/gcc/arm-none-eabi/7.3.1/../../../arm-none-eabi/lib/thumb/v7-m/libc_nano.a(lib_a-fini.o)
                              /usr/lib/gcc/arm-none-eabi/7.3.1/../../../arm-none-eabi/lib/thumb/v7-m/crt0.o (__libc_fini_array)
/usr/lib/gcc/arm-none-eabi/7.3.1/../../../arm-none-eabi/lib/thumb/v7-m/libc_nano.a(lib_a-impure.o)
                              /usr/lib/gcc/arm-none-eabi/7.3.1/../../../arm-none-eabi/lib/thumb/v7-m/libc_nano.a(lib_a-exit.o) (_global_impure_ptr)
/usr/lib/gcc/arm-none-eabi/7.3.1/../../../arm-none-eabi/lib/thumb/v7-m/libc_nano.a(lib_a-init.o)
                              /usr/lib/gcc/arm-none-eabi/7.3.1/../../../arm-none-eabi/lib/thumb/v7-m/crt0.o (__libc_init_array)
/usr/lib/gcc/arm-none-eabi/7.3.1/../../../arm-none-eabi/lib/thumb/v7-m/libc_nano.a(lib_a-memset.o)
                              /usr/lib/gcc/arm-none-eabi/7.3.1/../../../arm-none-eabi/lib/thumb/v7-m/crt0.o (memset)
/usr/lib/gcc/arm-none-eabi/7.3.1/../../../arm-none-eabi/lib/thumb/v7-m/libc_nano.a(lib_a-nano-vfprintf_float.o)
                              (_printf_float)
/usr/lib/gcc/arm-none-eabi/7.3.1/../../../arm-none-eabi/lib/thumb/v7-m/libc_nano.a(lib_a-nano-vfprintf_i.o)
                              /usr/lib/gcc/arm-none-eabi/7.3.1/../../../arm-none-eabi/lib/thumb/v7-m/libc_nano.a(lib_a-nano-vfprintf_float.o) (_printf_common)
/usr/lib/gcc/arm-none-eabi/7.3.1/../../../arm-none-eabi/lib/thumb/v7-m/libc_nano.a(lib_a-sprintf.o)
                              build/commandParser.o (sprintf)
/usr/lib/gcc/arm-none-eabi/7.3.1/../../../arm-none-eabi/lib/thumb/v7-m/libc_nano.a(lib_a-strlen-stub.o)
                              build/usbd_cdc_if.o (strlen)
/usr/lib/gcc/arm-none-eabi/7.3.1/../../../arm-none-eabi/lib/thumb/v7-m/libc_nano.a(lib_a-strncmp.o)
                              build/commandParser.o (strncmp)
/usr/lib/gcc/arm-none-eabi/7.3.1/../../../arm-none-eabi/lib/thumb/v7-m/libc_nano.a(lib_a-strtod.o)
                              /usr/lib/gcc/arm-none-eabi/7.3.1/../../../arm-none-eabi/lib/thumb/v7-m/libc_nano.a(lib_a-atof.o) (strtod)
/usr/lib/gcc/arm-none-eabi/7.3.1/../../../arm-none-eabi/lib/thumb/v7-m/libc_nano.a(lib_a-strtol.o)
                              /usr/lib/gcc/arm-none-eabi/7.3.1/../../../arm-none-eabi/lib/thumb/v7-m/libc_nano.a(lib_a-atoi.o) (_strtol_r)
/usr/lib/gcc/arm-none-eabi/7.3.1/../../../arm-none-eabi/lib/thumb/v7-m/libc_nano.a(lib_a-__atexit.o)
                              /usr/lib/gcc/arm-none-eabi/7.3.1/../../../arm-none-eabi/lib/thumb/v7-m/libc_nano.a(lib_a-atexit.o) (__register_exitproc)
/usr/lib/gcc/arm-none-eabi/7.3.1/../../../arm-none-eabi/lib/thumb/v7-m/libc_nano.a(lib_a-__call_atexit.o)
                              /usr/lib/gcc/arm-none-eabi/7.3.1/../../../arm-none-eabi/lib/thumb/v7-m/libc_nano.a(lib_a-__atexit.o) (__call_exitprocs)
/usr/lib/gcc/arm-none-eabi/7.3.1/../../../arm-none-eabi/lib/thumb/v7-m/libc_nano.a(lib_a-ctype_.o)
                              /usr/lib/gcc/arm-none-eabi/7.3.1/../../../arm-none-eabi/lib/thumb/v7-m/libc_nano.a(lib_a-strtol.o) (_ctype_)
/usr/lib/gcc/arm-none-eabi/7.3.1/../../../arm-none-eabi/lib/thumb/v7-m/libc_nano.a(lib_a-dtoa.o)
                              /usr/lib/gcc/arm-none-eabi/7.3.1/../../../arm-none-eabi/lib/thumb/v7-m/libc_nano.a(lib_a-nano-vfprintf_float.o) (_dtoa_r)
/usr/lib/gcc/arm-none-eabi/7.3.1/../../../arm-none-eabi/lib/thumb/v7-m/libc_nano.a(lib_a-gdtoa-gethex.o)
                              /usr/lib/gcc/arm-none-eabi/7.3.1/../../../arm-none-eabi/lib/thumb/v7-m/libc_nano.a(lib_a-strtod.o) (__gethex)
/usr/lib/gcc/arm-none-eabi/7.3.1/../../../arm-none-eabi/lib/thumb/v7-m/libc_nano.a(lib_a-gdtoa-hexnan.o)
                              /usr/lib/gcc/arm-none-eabi/7.3.1/../../../arm-none-eabi/lib/thumb/v7-m/libc_nano.a(lib_a-strtod.o) (__match)
/usr/lib/gcc/arm-none-eabi/7.3.1/../../../arm-none-eabi/lib/thumb/v7-m/libc_nano.a(lib_a-lnumeric.o)
                              /usr/lib/gcc/arm-none-eabi/7.3.1/../../../arm-none-eabi/lib/thumb/v7-m/libc_nano.a(lib_a-strtod.o) (_C_numeric_locale)
/usr/lib/gcc/arm-none-eabi/7.3.1/../../../arm-none-eabi/lib/thumb/v7-m/libc_nano.a(lib_a-locale.o)
[...]
Memory Configuration

Name             Origin             Length             Attributes
RAM              0x0000000020000000 0x0000000000005000 xrw
FLASH            0x0000000008000000 0x0000000000010000 xr
*default*        0x0000000000000000 0xffffffffffffffff

Linker script and memory map

LOAD /usr/lib/gcc/arm-none-eabi/7.3.1/thumb/v7-m/crti.o
LOAD /usr/lib/gcc/arm-none-eabi/7.3.1/thumb/v7-m/crtbegin.o
LOAD /usr/lib/gcc/arm-none-eabi/7.3.1/../../../arm-none-eabi/lib/thumb/v7-m/crt0.o
LOAD build/main.o
LOAD build/gpio.o
LOAD build/adc.o
LOAD build/sys.o
LOAD build/stm32f1xx_it.o
LOAD build/stm32f1xx_hal_msp.o
LOAD build/stm32f1xx_hal_gpio_ex.o
LOAD build/stm32f1xx_hal_adc.o
LOAD build/stm32f1xx_hal_adc_ex.o
LOAD build/stm32f1xx_hal.o
LOAD build/stm32f1xx_hal_rcc.o
LOAD build/stm32f1xx_hal_rcc_ex.o
LOAD build/stm32f1xx_hal_gpio.o
LOAD build/stm32f1xx_hal_dma.o
LOAD build/stm32f1xx_hal_cortex.o
LOAD build/stm32f1xx_hal_pwr.o
LOAD build/stm32f1xx_hal_flash.o
LOAD build/stm32f1xx_hal_flash_ex.o
LOAD build/stm32f1xx_hal_exti.o
LOAD build/stm32f1xx_hal_tim.o
LOAD build/stm32f1xx_hal_tim_ex.o
LOAD build/stm32f1xx_hal_pcd.o
LOAD build/stm32f1xx_hal_pcd_ex.o
LOAD build/stm32f1xx_ll_usb.o
LOAD build/system_stm32f1xx.o
LOAD build/usb_device.o
LOAD build/usbd_conf.o
LOAD build/usbd_desc.o
LOAD build/usbd_cdc_if.o
LOAD build/usbd_core.o
LOAD build/usbd_ctlreq.o
LOAD build/usbd_ioreq.o
LOAD build/usbd_cdc.o
LOAD build/dwt_stm32_delay.o
LOAD build/tim.o
LOAD build/commandParser.o
LOAD build/max2871_registers.o
LOAD build/max2871.o
LOAD build/txChain.o
LOAD build/STP08CP05.o
LOAD build/startup_stm32f103xb.o
LOAD /usr/lib/gcc/arm-none-eabi/7.3.1/../../../arm-none-eabi/lib/thumb/v7-m/libc_nano.a
LOAD /usr/lib/gcc/arm-none-eabi/7.3.1/../../../arm-none-eabi/lib/thumb/v7-m/libm.a
LOAD /usr/lib/gcc/arm-none-eabi/7.3.1/../../../arm-none-eabi/lib/thumb/v7-m/libnosys.a
START GROUP
LOAD /usr/lib/gcc/arm-none-eabi/7.3.1/thumb/v7-m/libgcc.a
LOAD /usr/lib/gcc/arm-none-eabi/7.3.1/../../../arm-none-eabi/lib/thumb/v7-m/libc_nano.a
END GROUP
START GROUP
LOAD /usr/lib/gcc/arm-none-eabi/7.3.1/thumb/v7-m/libgcc.a
LOAD /usr/lib/gcc/arm-none-eabi/7.3.1/../../../arm-none-eabi/lib/thumb/v7-m/libc_nano.a
END GROUP
LOAD /usr/lib/gcc/arm-none-eabi/7.3.1/thumb/v7-m/crtend.o
LOAD /usr/lib/gcc/arm-none-eabi/7.3.1/thumb/v7-m/crtn.o
                0x0000000020005000                _estack = 0x20005000
                0x0000000000000200                _Min_Heap_Size = 0x200
                0x0000000000000400                _Min_Stack_Size = 0x400

.isr_vector     0x0000000008000000      0x10c
                0x0000000008000000                . = ALIGN (0x4)
 *(.isr_vector)
 .isr_vector    0x0000000008000000      0x10c build/startup_stm32f103xb.o
                0x0000000008000000                g_pfnVectors
                0x000000000800010c                . = ALIGN (0x4)

.text           0x0000000008000110     0xc240
                0x0000000008000110                . = ALIGN (0x4)
 *(.text)
 .text          0x0000000008000110       0x88 /usr/lib/gcc/arm-none-eabi/7.3.1/thumb/v7-m/crtbegin.o
 .text          0x0000000008000198        0x8 /usr/lib/gcc/arm-none-eabi/7.3.1/../../../arm-none-eabi/lib/thumb/v7-m/libc_nano.a(lib_a-atof.o)
                0x0000000008000198                atof
 .text          0x00000000080001a0       0x10 /usr/lib/gcc/arm-none-eabi/7.3.1/../../../arm-none-eabi/lib/thumb/v7-m/libc_nano.a(lib_a-atoi.o)
                0x00000000080001a0                atoi
                0x00000000080001a8                _atoi_r
 .text          0x00000000080001b0       0x48 /usr/lib/gcc/arm-none-eabi/7.3.1/../../../arm-none-eabi/lib/thumb/v7-m/libc_nano.a(lib_a-init.o)
                0x00000000080001b0                __libc_init_array
 .text          0x00000000080001f8       0x94 /usr/lib/gcc/arm-none-eabi/7.3.1/../../../arm-none-eabi/lib/thumb/v7-m/libc_nano.a(lib_a-memset.o)
                0x00000000080001f8                memset
 .text          0x000000000800028c      0x6ec /usr/lib/gcc/arm-none-eabi/7.3.1/../../../arm-none-eabi/lib/thumb/v7-m/libc_nano.a(lib_a-nano-vfprintf_float.o)
                0x000000000800028c                __cvt
                0x0000000008000374                __exponent
                0x0000000008000400                _printf_float
 .text          0x0000000008000978      0x3a0 /usr/lib/gcc/arm-none-eabi/7.3.1/../../../arm-none-eabi/lib/thumb/v7-m/libc_nano.a(lib_a-nano-vfprintf_i.o)
                0x0000000008000978                _printf_common
                0x0000000008000a94                _printf_i
 .text          0x0000000008000d18       0x80 /usr/lib/gcc/arm-none-eabi/7.3.1/../../../arm-none-eabi/lib/thumb/v7-m/libc_nano.a(lib_a-sprintf.o)
                0x0000000008000d18                _siprintf_r
                0x0000000008000d18                _sprintf_r
                0x0000000008000d54                sprintf
                0x0000000008000d54                siprintf
 .text          0x0000000008000d98       0x5c /usr/lib/gcc/arm-none-eabi/7.3.1/../../../arm-none-eabi/lib/thumb/v7-m/libc_nano.a(lib_a-strlen-stub.o)
                0x0000000008000d98                strlen
 .text          0x0000000008000df4       0x94 /usr/lib/gcc/arm-none-eabi/7.3.1/../../../arm-none-eabi/lib/thumb/v7-m/libc_nano.a(lib_a-strncmp.o)
                0x0000000008000df4                strncmp
 .text          0x0000000008000e88     0x1070 /usr/lib/gcc/arm-none-eabi/7.3.1/../../../arm-none-eabi/lib/thumb/v7-m/libc_nano.a(lib_a-strtod.o)
                0x0000000008000e88                _strtod_l
                0x0000000008001d7c                _strtod_r
                0x0000000008001d88                strtod_l
                0x0000000008001da0                strtod
                0x0000000008001dbc                strtof_l
                0x0000000008001e58                strtof
 .text          0x0000000008001ef8      0x13c /usr/lib/gcc/arm-none-eabi/7.3.1/../../../arm-none-eabi/lib/thumb/v7-m/libc_nano.a(lib_a-strtol.o)
                0x0000000008002008                _strtol_r
                0x000000000800200c                strtol_l
                0x0000000008002020                strtol
 *fill*         0x0000000008002034        0x4 
 .text          0x0000000008002038      0xf7c /usr/lib/gcc/arm-none-eabi/7.3.1/../../../arm-none-eabi/lib/thumb/v7-m/libc_nano.a(lib_a-dtoa.o)
                0x000000000800215c                _dtoa_r
 .text          0x0000000008002fb4      0x5d0 /usr/lib/gcc/arm-none-eabi/7.3.1/../../../arm-none-eabi/lib/thumb/v7-m/libc_nano.a(lib_a-gdtoa-gethex.o)
                0x0000000008003064                __gethex
 .text          0x0000000008003584      0x1d0 /usr/lib/gcc/arm-none-eabi/7.3.1/../../../arm-none-eabi/lib/thumb/v7-m/libc_nano.a(lib_a-gdtoa-hexnan.o)
                0x0000000008003584                __match
                0x00000000080035b4                __hexnan
 .text          0x0000000008003754       0x14 /usr/lib/gcc/arm-none-eabi/7.3.1/../../../arm-none-eabi/lib/thumb/v7-m/libc_nano.a(lib_a-localeconv.o)
                0x0000000008003754                __localeconv_l
                0x0000000008003758                _localeconv_r
                0x0000000008003760                localeconv
 .text          0x0000000008003768       0x20 /usr/lib/gcc/arm-none-eabi/7.3.1/../../../arm-none-eabi/lib/thumb/v7-m/libc_nano.a(lib_a-malloc.o)
                0x0000000008003768                malloc
                0x0000000008003778                free
 .text          0x0000000008003788       0x40 /usr/lib/gcc/arm-none-eabi/7.3.1/../../../arm-none-eabi/lib/thumb/v7-m/libc_nano.a(lib_a-mbtowc_r.o)
                0x0000000008003788                _mbtowc_r
                0x000000000800379c                __ascii_mbtowc
 .text          0x00000000080037c8       0x8c /usr/lib/gcc/arm-none-eabi/7.3.1/../../../arm-none-eabi/lib/thumb/v7-m/libc_nano.a(lib_a-memchr-stub.o)
                0x00000000080037c8                memchr
 .text          0x0000000008003854       0xec /usr/lib/gcc/arm-none-eabi/7.3.1/../../../arm-none-eabi/lib/thumb/v7-m/libc_nano.a(lib_a-memcpy.o)
                0x0000000008003854                memcpy
 .text          0x0000000008003940      0x93c /usr/lib/gcc/arm-none-eabi/7.3.1/../../../arm-none-eabi/lib/thumb/v7-m/libc_nano.a(lib_a-mprec.o)
                0x0000000008003940                _Balloc
                0x00000000080039a8                _Bfree
                0x00000000080039e0                __multadd
                0x0000000008003a5c                __s2b
                0x0000000008003af4                __hi0bits
                0x0000000008003b34                __lo0bits
                0x0000000008003b94                __i2b
                0x0000000008003ba8                __multiply
                0x0000000008003cf4                __pow5mult
                0x0000000008003dac                __lshift
                0x0000000008003e64                __mcmp
                0x0000000008003e9c                __mdiff
                0x0000000008003f9c                __ulp
                0x0000000008003fe0                __b2d
                0x00000000080040a0                __d2b
                0x0000000008004150                __ratio
                0x00000000080041a8                _mprec_log10
                0x00000000080041e0                __copybits
                0x0000000008004228                __any_on
 .text          0x000000000800427c       0x1c /usr/lib/gcc/arm-none-eabi/7.3.1/../../../arm-none-eabi/lib/thumb/v7-m/libc_nano.a(lib_a-nano-callocr.o)
                0x000000000800427c                _calloc_r
 .text          0x0000000008004298       0xa8 /usr/lib/gcc/arm-none-eabi/7.3.1/../../../arm-none-eabi/lib/thumb/v7-m/libc_nano.a(lib_a-nano-freer.o)
                0x0000000008004298                _free_r
 .text          0x0000000008004340       0xc8 /usr/lib/gcc/arm-none-eabi/7.3.1/../../../arm-none-eabi/lib/thumb/v7-m/libc_nano.a(lib_a-nano-mallocr.o)
                0x0000000008004340                _malloc_r
 .text          0x0000000008004408      0x440 /usr/lib/gcc/arm-none-eabi/7.3.1/../../../arm-none-eabi/lib/thumb/v7-m/libc_nano.a(lib_a-nano-svfprintf.o)
                0x0000000008004408                __ssputs_r
                0x00000000080044cc                __ssprint_r
                0x00000000080045c0                _svfprintf_r
                0x00000000080045c0                _svfiprintf_r
 .text          0x0000000008004848        0xc /usr/lib/gcc/arm-none-eabi/7.3.1/../../../arm-none-eabi/lib/thumb/v7-m/libc_nano.a(lib_a-s_nan.o)
                0x0000000008004848                nan
 .text          0x0000000008004854       0x24 /usr/lib/gcc/arm-none-eabi/7.3.1/../../../arm-none-eabi/lib/thumb/v7-m/libc_nano.a(lib_a-sbrkr.o)
                0x0000000008004854                _sbrk_r
 .text          0x0000000008004878        0x8 /usr/lib/gcc/arm-none-eabi/7.3.1/../../../arm-none-eabi/lib/thumb/v7-m/libc_nano.a(lib_a-sf_nan.o)
                0x0000000008004878                nanf
 .text          0x0000000008004880       0x2c /usr/lib/gcc/arm-none-eabi/7.3.1/../../../arm-none-eabi/lib/thumb/v7-m/libc_nano.a(lib_a-wctomb_r.o)
                0x0000000008004880                _wctomb_r
                0x0000000008004894                __ascii_wctomb
 .text          0x00000000080048ac       0xc4 /usr/lib/gcc/arm-none-eabi/7.3.1/../../../arm-none-eabi/lib/thumb/v7-m/libc_nano.a(lib_a-memmove.o)
                0x00000000080048ac                memmove
 .text          0x0000000008004970        0x8 /usr/lib/gcc/arm-none-eabi/7.3.1/../../../arm-none-eabi/lib/thumb/v7-m/libc_nano.a(lib_a-mlock.o)
                0x0000000008004970                __malloc_lock
                0x0000000008004974                __malloc_unlock
 .text          0x0000000008004978       0x4c /usr/lib/gcc/arm-none-eabi/7.3.1/../../../arm-none-eabi/lib/thumb/v7-m/libc_nano.a(lib_a-nano-reallocr.o)
                0x0000000008004978                _realloc_r
 .text          0x00000000080049c4       0x10 /usr/lib/gcc/arm-none-eabi/7.3.1/../../../arm-none-eabi/lib/thumb/v7-m/libc_nano.a(lib_a-nano-msizer.o)
                0x00000000080049c4                _malloc_usable_size_r
 .text          0x00000000080049d4       0x9c /usr/lib/gcc/arm-none-eabi/7.3.1/../../../arm-none-eabi/lib/thumb/v7-m/libm.a(lib_a-s_round.o)
                0x00000000080049d4                round
 .text          0x0000000008004a70      0x334 /usr/lib/gcc/arm-none-eabi/7.3.1/../../../arm-none-eabi/lib/thumb/v7-m/libm.a(lib_a-w_pow.o)
                0x0000000008004a70                pow
 *fill*         0x0000000008004da4        0x4 
 .text          0x0000000008004da8      0xae4 /usr/lib/gcc/arm-none-eabi/7.3.1/../../../arm-none-eabi/lib/thumb/v7-m/libm.a(lib_a-e_pow.o)
                0x0000000008004da8                __ieee754_pow
 .text          0x000000000800588c      0x184 /usr/lib/gcc/arm-none-eabi/7.3.1/../../../arm-none-eabi/lib/thumb/v7-m/libm.a(lib_a-e_sqrt.o)
                0x000000000800588c                __ieee754_sqrt
 .text          0x0000000008005a10        0x8 /usr/lib/gcc/arm-none-eabi/7.3.1/../../../arm-none-eabi/lib/thumb/v7-m/libm.a(lib_a-s_fabs.o)
                0x0000000008005a10                fabs
 .text          0x0000000008005a18        0xc /usr/lib/gcc/arm-none-eabi/7.3.1/../../../arm-none-eabi/lib/thumb/v7-m/libm.a(lib_a-s_finite.o)
                0x0000000008005a18                finite
 .text          0x0000000008005a24        0x4 /usr/lib/gcc/arm-none-eabi/7.3.1/../../../arm-none-eabi/lib/thumb/v7-m/libm.a(lib_a-s_matherr.o)
                0x0000000008005a24                matherr
 .text          0x0000000008005a28      0x118 /usr/lib/gcc/arm-none-eabi/7.3.1/../../../arm-none-eabi/lib/thumb/v7-m/libm.a(lib_a-s_rint.o)
                0x0000000008005a28                rint
 .text          0x0000000008005b40       0xf4 /usr/lib/gcc/arm-none-eabi/7.3.1/../../../arm-none-eabi/lib/thumb/v7-m/libm.a(lib_a-s_scalbn.o)
                0x0000000008005b40                scalbn
 .text          0x0000000008005c34       0x1c /usr/lib/gcc/arm-none-eabi/7.3.1/../../../arm-none-eabi/lib/thumb/v7-m/libnosys.a(sbrk.o)
                0x0000000008005c34                _sbrk
 .text          0x0000000008005c50      0x378 /usr/lib/gcc/arm-none-eabi/7.3.1/thumb/v7-m/libgcc.a(_arm_addsubdf3.o)
                0x0000000008005c50                __aeabi_drsub
                0x0000000008005c58                __aeabi_dsub
                0x0000000008005c58                __subdf3
                0x0000000008005c5c                __adddf3
                0x0000000008005c5c                __aeabi_dadd
                0x0000000008005ed4                __aeabi_ui2d
                0x0000000008005ed4                __floatunsidf
                0x0000000008005ef4                __floatsidf
                0x0000000008005ef4                __aeabi_i2d
                0x0000000008005f18                __extendsfdf2
                0x0000000008005f18                __aeabi_f2d
                0x0000000008005f5c                __aeabi_ul2d
                0x0000000008005f5c                __floatundidf
                0x0000000008005f6c                __floatdidf
                0x0000000008005f6c                __aeabi_l2d
 .text          0x0000000008005fc8      0x424 /usr/lib/gcc/arm-none-eabi/7.3.1/thumb/v7-m/libgcc.a(_arm_muldivdf3.o)
                0x0000000008005fc8                __aeabi_dmul
                0x0000000008005fc8                __muldf3
                0x000000000800621c                __aeabi_ddiv
                0x000000000800621c                __divdf3
 .text          0x00000000080063ec      0x110 /usr/lib/gcc/arm-none-eabi/7.3.1/thumb/v7-m/libgcc.a(_arm_cmpdf2.o)
                0x00000000080063ec                __gtdf2
                0x00000000080063ec                __gedf2
                0x00000000080063f4                __ltdf2
                0x00000000080063f4                __ledf2
                0x00000000080063fc                __cmpdf2
                0x00000000080063fc                __eqdf2
                0x00000000080063fc                __nedf2
                0x0000000008006478                __aeabi_cdrcmple
                0x0000000008006488                __aeabi_cdcmple
                0x0000000008006488                __aeabi_cdcmpeq
                0x0000000008006498                __aeabi_dcmpeq
                0x00000000080064ac                __aeabi_dcmplt
                0x00000000080064c0                __aeabi_dcmple
                0x00000000080064d4                __aeabi_dcmpge
                0x00000000080064e8                __aeabi_dcmpgt
 .text          0x00000000080064fc       0x2c /usr/lib/gcc/arm-none-eabi/7.3.1/thumb/v7-m/libgcc.a(_arm_unorddf2.o)
                0x00000000080064fc                __aeabi_dcmpun
                0x00000000080064fc                __unorddf2
 .text          0x0000000008006528       0x50 /usr/lib/gcc/arm-none-eabi/7.3.1/thumb/v7-m/libgcc.a(_arm_fixdfsi.o)
                0x0000000008006528                __fixdfsi
                0x0000000008006528                __aeabi_d2iz
 .text          0x0000000008006578       0x40 /usr/lib/gcc/arm-none-eabi/7.3.1/thumb/v7-m/libgcc.a(_arm_fixunsdfsi.o)
                0x0000000008006578                __fixunsdfsi
                0x0000000008006578                __aeabi_d2uiz
 .text          0x00000000080065b8       0xa0 /usr/lib/gcc/arm-none-eabi/7.3.1/thumb/v7-m/libgcc.a(_arm_truncdfsf2.o)
                0x00000000080065b8                __aeabi_d2f
                0x00000000080065b8                __truncdfsf2
 .text          0x0000000008006658      0x21c /usr/lib/gcc/arm-none-eabi/7.3.1/thumb/v7-m/libgcc.a(_arm_addsubsf3.o)
                0x0000000008006658                __aeabi_frsub
                0x0000000008006660                __subsf3
                0x0000000008006660                __aeabi_fsub
                0x0000000008006664                __aeabi_fadd
                0x0000000008006664                __addsf3
                0x00000000080067c4                __aeabi_ui2f
                0x00000000080067c4                __floatunsisf
                0x00000000080067cc                __aeabi_i2f
                0x00000000080067cc                __floatsisf
                0x00000000080067e8                __floatundisf
                0x00000000080067e8                __aeabi_ul2f
                0x00000000080067f8                __floatdisf
                0x00000000080067f8                __aeabi_l2f
 .text          0x0000000008006874      0x2a0 /usr/lib/gcc/arm-none-eabi/7.3.1/thumb/v7-m/libgcc.a(_arm_muldivsf3.o)
                0x0000000008006874                __mulsf3
                0x0000000008006874                __aeabi_fmul
                0x00000000080069dc                __divsf3
                0x00000000080069dc                __aeabi_fdiv
 .text          0x0000000008006b14       0xec /usr/lib/gcc/arm-none-eabi/7.3.1/thumb/v7-m/libgcc.a(_arm_cmpsf2.o)
                0x0000000008006b14                __gtsf2
                0x0000000008006b14                __gesf2
                0x0000000008006b1c                __lesf2
                0x0000000008006b1c                __ltsf2
                0x0000000008006b24                __nesf2
                0x0000000008006b24                __eqsf2
                0x0000000008006b24                __cmpsf2
                0x0000000008006b84                __aeabi_cfrcmple
                0x0000000008006b8c                __aeabi_cfcmple
                0x0000000008006b8c                __aeabi_cfcmpeq
                0x0000000008006b9c                __aeabi_fcmpeq
                0x0000000008006bb0                __aeabi_fcmplt
                0x0000000008006bc4                __aeabi_fcmple
                0x0000000008006bd8                __aeabi_fcmpge
                0x0000000008006bec                __aeabi_fcmpgt
 .text          0x0000000008006c00       0x2c /usr/lib/gcc/arm-none-eabi/7.3.1/thumb/v7-m/libgcc.a(_arm_unordsf2.o)
                0x0000000008006c00                __aeabi_fcmpun
                0x0000000008006c00                __unordsf2
 .text          0x0000000008006c2c       0x40 /usr/lib/gcc/arm-none-eabi/7.3.1/thumb/v7-m/libgcc.a(_arm_fixunssfsi.o)
                0x0000000008006c2c                __aeabi_f2uiz
                0x0000000008006c2c                __fixunssfsi
 .text          0x0000000008006c6c       0x30 /usr/lib/gcc/arm-none-eabi/7.3.1/thumb/v7-m/libgcc.a(_fixdfdi.o)
                0x0000000008006c6c                __aeabi_d2lz
                0x0000000008006c6c                __fixdfdi
 .text          0x0000000008006c9c       0x44 /usr/lib/gcc/arm-none-eabi/7.3.1/thumb/v7-m/libgcc.a(_fixunsdfdi.o)
                0x0000000008006c9c                __aeabi_d2ulz
                0x0000000008006c9c                __fixunsdfdi
 .text          0x0000000008006ce0        0xc /usr/lib/gcc/arm-none-eabi/7.3.1/../../../arm-none-eabi/lib/thumb/v7-m/libc_nano.a(lib_a-errno.o)
                0x0000000008006ce0                __errno
 *(.text*)
 .text.SystemClock_Config
                0x0000000008006cec       0x70 build/main.o
                0x0000000008006cec                SystemClock_Config
 .text.enumerateUSB
                0x0000000008006d5c       0x48 build/main.o
                0x0000000008006d5c                enumerateUSB
 .text.main     0x0000000008006da4       0x64 build/main.o
                0x0000000008006da4                main
 .text.Error_Handler
                0x0000000008006e08        0x2 build/main.o
                0x0000000008006e08                Error_Handler
 *fill*         0x0000000008006e0a        0x2 
 .text.MX_GPIO_Init
                0x0000000008006e0c      0x118 build/gpio.o
                0x0000000008006e0c                MX_GPIO_Init
 .text.MX_ADC1_Init
                0x0000000008006f24       0x58 build/adc.o
                0x0000000008006f24                MX_ADC1_Init
 .text.HAL_ADC_MspInit
                0x0000000008006f7c       0x60 build/adc.o
                0x0000000008006f7c                HAL_ADC_MspInit
 .text.NMI_Handler
                0x0000000008006fdc        0x2 build/stm32f1xx_it.o
                0x0000000008006fdc                NMI_Handler
 .text.HardFault_Handler
                0x0000000008006fde        0x2 build/stm32f1xx_it.o
                0x0000000008006fde                HardFault_Handler
 .text.MemManage_Handler
                0x0000000008006fe0        0x2 build/stm32f1xx_it.o
                0x0000000008006fe0                MemManage_Handler
 .text.BusFault_Handler
                0x0000000008006fe2        0x2 build/stm32f1xx_it.o
                0x0000000008006fe2                BusFault_Handler
 .text.UsageFault_Handler
                0x0000000008006fe4        0x2 build/stm32f1xx_it.o
                0x0000000008006fe4                UsageFault_Handler
 .text.SVC_Handler
                0x0000000008006fe6        0x2 build/stm32f1xx_it.o
                0x0000000008006fe6                SVC_Handler
 .text.DebugMon_Handler
                0x0000000008006fe8        0x2 build/stm32f1xx_it.o
                0x0000000008006fe8                DebugMon_Handler
 .text.PendSV_Handler
                0x0000000008006fea        0x2 build/stm32f1xx_it.o
                0x0000000008006fea                PendSV_Handler
 .text.SysTick_Handler
                0x0000000008006fec        0x8 build/stm32f1xx_it.o
                0x0000000008006fec                SysTick_Handler
 .text.USB_LP_CAN1_RX0_IRQHandler
                0x0000000008006ff4       0x10 build/stm32f1xx_it.o
                0x0000000008006ff4                USB_LP_CAN1_RX0_IRQHandler
 .text.HAL_MspInit
                0x0000000008007004       0x44 build/stm32f1xx_hal_msp.o
                0x0000000008007004                HAL_MspInit
 .text.HAL_ADC_PollForConversion
                0x0000000008007048      0x170 build/stm32f1xx_hal_adc.o
                0x0000000008007048                HAL_ADC_PollForConversion
 .text.HAL_ADC_GetValue
                0x00000000080071b8        0x6 build/stm32f1xx_hal_adc.o
                0x00000000080071b8                HAL_ADC_GetValue
 *fill*         0x00000000080071be        0x2 
 .text.HAL_ADC_ConfigChannel
                0x00000000080071c0      0x138 build/stm32f1xx_hal_adc.o
                0x00000000080071c0                HAL_ADC_ConfigChannel
 .text.ADC_Enable
                0x00000000080072f8       0x80 build/stm32f1xx_hal_adc.o
                0x00000000080072f8                ADC_Enable
 .text.HAL_ADC_Start
                0x0000000008007378       0xec build/stm32f1xx_hal_adc.o
                0x0000000008007378                HAL_ADC_Start
 .text.ADC_ConversionStop_Disable
                0x0000000008007464       0x4c build/stm32f1xx_hal_adc.o
                0x0000000008007464                ADC_ConversionStop_Disable
 .text.HAL_ADC_Init
                0x00000000080074b0      0x110 build/stm32f1xx_hal_adc.o
                0x00000000080074b0                HAL_ADC_Init
 .text.HAL_InitTick
                0x00000000080075c0       0x4c build/stm32f1xx_hal.o
                0x00000000080075c0                HAL_InitTick
 .text.HAL_Init
                0x000000000800760c       0x24 build/stm32f1xx_hal.o
                0x000000000800760c                HAL_Init
 .text.HAL_IncTick
                0x0000000008007630       0x18 build/stm32f1xx_hal.o
                0x0000000008007630                HAL_IncTick
 .text.HAL_GetTick
                0x0000000008007648        0xc build/stm32f1xx_hal.o
                0x0000000008007648                HAL_GetTick
 .text.HAL_Delay
                0x0000000008007654       0x28 build/stm32f1xx_hal.o
                0x0000000008007654                HAL_Delay
 .text.RCC_Delay
                0x000000000800767c       0x2c build/stm32f1xx_hal_rcc.o
 .text.HAL_RCC_OscConfig
                0x00000000080076a8      0x410 build/stm32f1xx_hal_rcc.o
                0x00000000080076a8                HAL_RCC_OscConfig
 .text.HAL_RCC_GetSysClockFreq
                0x0000000008007ab8       0x70 build/stm32f1xx_hal_rcc.o
                0x0000000008007ab8                HAL_RCC_GetSysClockFreq
 .text.HAL_RCC_ClockConfig
                0x0000000008007b28      0x168 build/stm32f1xx_hal_rcc.o
                0x0000000008007b28                HAL_RCC_ClockConfig
 .text.HAL_RCC_GetHCLKFreq
                0x0000000008007c90        0xc build/stm32f1xx_hal_rcc.o
                0x0000000008007c90                HAL_RCC_GetHCLKFreq
 .text.HAL_RCC_GetPCLK2Freq
                0x0000000008007c9c       0x20 build/stm32f1xx_hal_rcc.o
                0x0000000008007c9c                HAL_RCC_GetPCLK2Freq
 .text.HAL_RCCEx_PeriphCLKConfig
                0x0000000008007cbc      0x114 build/stm32f1xx_hal_rcc_ex.o
                0x0000000008007cbc                HAL_RCCEx_PeriphCLKConfig
 .text.HAL_RCCEx_GetPeriphCLKFreq
                0x0000000008007dd0       0xfc build/stm32f1xx_hal_rcc_ex.o
                0x0000000008007dd0                HAL_RCCEx_GetPeriphCLKFreq
 .text.HAL_GPIO_Init
                0x0000000008007ecc      0x1d8 build/stm32f1xx_hal_gpio.o
                0x0000000008007ecc                HAL_GPIO_Init
 .text.HAL_GPIO_ReadPin
                0x00000000080080a4        0xe build/stm32f1xx_hal_gpio.o
                0x00000000080080a4                HAL_GPIO_ReadPin
 .text.HAL_GPIO_WritePin
                0x00000000080080b2        0xc build/stm32f1xx_hal_gpio.o
                0x00000000080080b2                HAL_GPIO_WritePin
 *fill*         0x00000000080080be        0x2 
 .text.HAL_NVIC_SetPriorityGrouping
                0x00000000080080c0       0x24 build/stm32f1xx_hal_cortex.o
                0x00000000080080c0                HAL_NVIC_SetPriorityGrouping
 .text.HAL_NVIC_SetPriority
                0x00000000080080e4       0x68 build/stm32f1xx_hal_cortex.o
                0x00000000080080e4                HAL_NVIC_SetPriority
 .text.HAL_NVIC_EnableIRQ
                0x000000000800814c       0x1c build/stm32f1xx_hal_cortex.o
                0x000000000800814c                HAL_NVIC_EnableIRQ
 .text.HAL_SYSTICK_Config
                0x0000000008008168       0x2c build/stm32f1xx_hal_cortex.o
                0x0000000008008168                HAL_SYSTICK_Config
 .text.TIM_OC1_SetConfig
                0x0000000008008194       0x5c build/stm32f1xx_hal_tim.o
 .text.TIM_OC3_SetConfig
                0x00000000080081f0       0x64 build/stm32f1xx_hal_tim.o
 .text.TIM_OC4_SetConfig
                0x0000000008008254       0x48 build/stm32f1xx_hal_tim.o
 .text.TIM_Base_SetConfig
                0x000000000800829c       0x74 build/stm32f1xx_hal_tim.o
                0x000000000800829c                TIM_Base_SetConfig
 .text.HAL_TIM_OC_Init
                0x0000000008008310       0x32 build/stm32f1xx_hal_tim.o
                0x0000000008008310                HAL_TIM_OC_Init
 *fill*         0x0000000008008342        0x2 
 .text.TIM_OC2_SetConfig
                0x0000000008008344       0x64 build/stm32f1xx_hal_tim.o
                0x0000000008008344                TIM_OC2_SetConfig
 .text.HAL_TIM_OC_ConfigChannel
                0x00000000080083a8       0x5e build/stm32f1xx_hal_tim.o
                0x00000000080083a8                HAL_TIM_OC_ConfigChannel
 .text.HAL_TIMEx_MasterConfigSynchronization
                0x0000000008008406       0x46 build/stm32f1xx_hal_tim_ex.o
                0x0000000008008406                HAL_TIMEx_MasterConfigSynchronization
 .text.HAL_TIMEx_ConfigBreakDeadTime
                0x000000000800844c       0x52 build/stm32f1xx_hal_tim_ex.o
                0x000000000800844c                HAL_TIMEx_ConfigBreakDeadTime
 .text.HAL_PCD_Init
                0x000000000800849e       0xf4 build/stm32f1xx_hal_pcd.o
                0x000000000800849e                HAL_PCD_Init
 .text.HAL_PCD_Start
                0x0000000008008592       0x2e build/stm32f1xx_hal_pcd.o
                0x0000000008008592                HAL_PCD_Start
 .text.HAL_PCD_SetAddress
                0x00000000080085c0       0x28 build/stm32f1xx_hal_pcd.o
                0x00000000080085c0                HAL_PCD_SetAddress
 .text.HAL_PCD_EP_Open
                0x00000000080085e8       0x70 build/stm32f1xx_hal_pcd.o
                0x00000000080085e8                HAL_PCD_EP_Open
 .text.HAL_PCD_EP_Close
                0x0000000008008658       0x5c build/stm32f1xx_hal_pcd.o
                0x0000000008008658                HAL_PCD_EP_Close
 .text.HAL_PCD_EP_Receive
                0x00000000080086b4       0x3e build/stm32f1xx_hal_pcd.o
                0x00000000080086b4                HAL_PCD_EP_Receive
 .text.HAL_PCD_EP_GetRxCount
                0x00000000080086f2        0xe build/stm32f1xx_hal_pcd.o
                0x00000000080086f2                HAL_PCD_EP_GetRxCount
 .text.HAL_PCD_EP_Transmit
                0x0000000008008700       0x3c build/stm32f1xx_hal_pcd.o
                0x0000000008008700                HAL_PCD_EP_Transmit
 .text.PCD_EP_ISR_Handler
                0x000000000800873c      0x370 build/stm32f1xx_hal_pcd.o
 .text.HAL_PCD_IRQHandler
                0x0000000008008aac      0x172 build/stm32f1xx_hal_pcd.o
                0x0000000008008aac                HAL_PCD_IRQHandler
 .text.HAL_PCD_EP_SetStall
                0x0000000008008c1e       0x6e build/stm32f1xx_hal_pcd.o
                0x0000000008008c1e                HAL_PCD_EP_SetStall
 .text.HAL_PCD_EP_ClrStall
                0x0000000008008c8c       0x6e build/stm32f1xx_hal_pcd.o
                0x0000000008008c8c                HAL_PCD_EP_ClrStall
 .text.HAL_PCDEx_PMAConfig
                0x0000000008008cfa       0x30 build/stm32f1xx_hal_pcd_ex.o
                0x0000000008008cfa                HAL_PCDEx_PMAConfig
 .text.USB_CoreInit
                0x0000000008008d2a        0xe build/stm32f1xx_ll_usb.o
                0x0000000008008d2a                USB_CoreInit
 .text.USB_EnableGlobalInt
                0x0000000008008d38       0x10 build/stm32f1xx_ll_usb.o
                0x0000000008008d38                USB_EnableGlobalInt
 .text.USB_DisableGlobalInt
                0x0000000008008d48       0x14 build/stm32f1xx_ll_usb.o
                0x0000000008008d48                USB_DisableGlobalInt
 .text.USB_SetCurrentMode
                0x0000000008008d5c        0x4 build/stm32f1xx_ll_usb.o
                0x0000000008008d5c                USB_SetCurrentMode
 .text.USB_DevInit
                0x0000000008008d60       0x2c build/stm32f1xx_ll_usb.o
                0x0000000008008d60                USB_DevInit
 .text.USB_ActivateEndpoint
                0x0000000008008d8c      0x368 build/stm32f1xx_ll_usb.o
                0x0000000008008d8c                USB_ActivateEndpoint
 .text.USB_DeactivateEndpoint
                0x00000000080090f4      0x1d4 build/stm32f1xx_ll_usb.o
                0x00000000080090f4                USB_DeactivateEndpoint
 .text.USB_EPSetStall
                0x00000000080092c8       0x4a build/stm32f1xx_ll_usb.o
                0x00000000080092c8                USB_EPSetStall
 .text.USB_EPClearStall
                0x0000000008009312       0xa2 build/stm32f1xx_ll_usb.o
                0x0000000008009312                USB_EPClearStall
 .text.USB_SetDevAddress
                0x00000000080093b4        0xc build/stm32f1xx_ll_usb.o
                0x00000000080093b4                USB_SetDevAddress
 .text.USB_DevConnect
                0x00000000080093c0        0x4 build/stm32f1xx_ll_usb.o
                0x00000000080093c0                USB_DevConnect
 .text.USB_DevDisconnect
                0x00000000080093c4        0x4 build/stm32f1xx_ll_usb.o
                0x00000000080093c4                USB_DevDisconnect
 .text.USB_ReadInterrupts
                0x00000000080093c8        0x6 build/stm32f1xx_ll_usb.o
                0x00000000080093c8                USB_ReadInterrupts
 .text.USB_EP0_OutStart
                0x00000000080093ce        0x4 build/stm32f1xx_ll_usb.o
                0x00000000080093ce                USB_EP0_OutStart
 .text.USB_WritePMA
                0x00000000080093d2       0x2a build/stm32f1xx_ll_usb.o
                0x00000000080093d2                USB_WritePMA
 .text.USB_EPStartXfer
                0x00000000080093fc      0x320 build/stm32f1xx_ll_usb.o
                0x00000000080093fc                USB_EPStartXfer
 .text.USB_ReadPMA
                0x000000000800971c       0x30 build/stm32f1xx_ll_usb.o
                0x000000000800971c                USB_ReadPMA
 .text.SystemInit
                0x000000000800974c       0x4c build/system_stm32f1xx.o
                0x000000000800974c                SystemInit
 .text.MX_USB_DEVICE_Init
                0x0000000008009798       0x54 build/usb_device.o
                0x0000000008009798                MX_USB_DEVICE_Init
 .text.USBD_Get_USB_Status
                0x00000000080097ec       0x12 build/usbd_conf.o
 *fill*         0x00000000080097fe        0x2 
 .text.HAL_PCD_MspInit
                0x0000000008009800       0x40 build/usbd_conf.o
                0x0000000008009800                HAL_PCD_MspInit
 .text.HAL_PCD_SetupStageCallback
                0x0000000008009840       0x10 build/usbd_conf.o
                0x0000000008009840                HAL_PCD_SetupStageCallback
 .text.HAL_PCD_DataOutStageCallback
                0x0000000008009850       0x14 build/usbd_conf.o
                0x0000000008009850                HAL_PCD_DataOutStageCallback
 .text.HAL_PCD_DataInStageCallback
                0x0000000008009864       0x12 build/usbd_conf.o
                0x0000000008009864                HAL_PCD_DataInStageCallback
 .text.HAL_PCD_SOFCallback
                0x0000000008009876        0xc build/usbd_conf.o
                0x0000000008009876                HAL_PCD_SOFCallback
 .text.HAL_PCD_ResetCallback
                0x0000000008009882       0x22 build/usbd_conf.o
                0x0000000008009882                HAL_PCD_ResetCallback
 .text.HAL_PCD_SuspendCallback
                0x00000000080098a4       0x20 build/usbd_conf.o
                0x00000000080098a4                HAL_PCD_SuspendCallback
 .text.HAL_PCD_ResumeCallback
                0x00000000080098c4        0xc build/usbd_conf.o
                0x00000000080098c4                HAL_PCD_ResumeCallback
 .text.USBD_LL_Init
                0x00000000080098d0       0x84 build/usbd_conf.o
                0x00000000080098d0                USBD_LL_Init
 .text.USBD_LL_Start
                0x0000000008009954       0x10 build/usbd_conf.o
                0x0000000008009954                USBD_LL_Start
 .text.USBD_LL_OpenEP
                0x0000000008009964       0x16 build/usbd_conf.o
                0x0000000008009964                USBD_LL_OpenEP
 .text.USBD_LL_CloseEP
                0x000000000800997a       0x10 build/usbd_conf.o
                0x000000000800997a                USBD_LL_CloseEP
 .text.USBD_LL_StallEP
                0x000000000800998a       0x10 build/usbd_conf.o
                0x000000000800998a                USBD_LL_StallEP
 .text.USBD_LL_ClearStallEP
                0x000000000800999a       0x10 build/usbd_conf.o
                0x000000000800999a                USBD_LL_ClearStallEP
 .text.USBD_LL_IsStallEP
                0x00000000080099aa       0x26 build/usbd_conf.o
                0x00000000080099aa                USBD_LL_IsStallEP
 .text.USBD_LL_SetUSBAddress
                0x00000000080099d0       0x10 build/usbd_conf.o
                0x00000000080099d0                USBD_LL_SetUSBAddress
 .text.USBD_LL_Transmit
                0x00000000080099e0       0x10 build/usbd_conf.o
                0x00000000080099e0                USBD_LL_Transmit
 .text.USBD_LL_PrepareReceive
                0x00000000080099f0       0x10 build/usbd_conf.o
                0x00000000080099f0                USBD_LL_PrepareReceive
 .text.USBD_LL_GetRxDataSize
                0x0000000008009a00        0xc build/usbd_conf.o
                0x0000000008009a00                USBD_LL_GetRxDataSize
 .text.USBD_static_malloc
                0x0000000008009a0c        0x8 build/usbd_conf.o
                0x0000000008009a0c                USBD_static_malloc
 .text.USBD_static_free
                0x0000000008009a14        0x2 build/usbd_conf.o
                0x0000000008009a14                USBD_static_free
 .text.HAL_PCDEx_SetConnectionState
                0x0000000008009a16        0x2 build/usbd_conf.o
                0x0000000008009a16                HAL_PCDEx_SetConnectionState
 .text.USBD_FS_DeviceDescriptor
                0x0000000008009a18        0xc build/usbd_desc.o
                0x0000000008009a18                USBD_FS_DeviceDescriptor
 .text.USBD_FS_LangIDStrDescriptor
                0x0000000008009a24        0xc build/usbd_desc.o
                0x0000000008009a24                USBD_FS_LangIDStrDescriptor
 .text.IntToUnicode
                0x0000000008009a30       0x36 build/usbd_desc.o
 *fill*         0x0000000008009a66        0x2 
 .text.Get_SerialNum
                0x0000000008009a68       0x34 build/usbd_desc.o
 .text.USBD_FS_SerialStrDescriptor
                0x0000000008009a9c       0x14 build/usbd_desc.o
                0x0000000008009a9c                USBD_FS_SerialStrDescriptor
 .text.USBD_FS_ProductStrDescriptor
                0x0000000008009ab0       0x24 build/usbd_desc.o
                0x0000000008009ab0                USBD_FS_ProductStrDescriptor
 .text.USBD_FS_ManufacturerStrDescriptor
                0x0000000008009ad4       0x1c build/usbd_desc.o
                0x0000000008009ad4                USBD_FS_ManufacturerStrDescriptor
 .text.USBD_FS_ConfigStrDescriptor
                0x0000000008009af0       0x24 build/usbd_desc.o
                0x0000000008009af0                USBD_FS_ConfigStrDescriptor
 .text.USBD_FS_InterfaceStrDescriptor
                0x0000000008009b14       0x24 build/usbd_desc.o
                0x0000000008009b14                USBD_FS_InterfaceStrDescriptor
 .text.CDC_DeInit_FS
                0x0000000008009b38        0x4 build/usbd_cdc_if.o
 .text.CDC_Control_FS
                0x0000000008009b3c        0x4 build/usbd_cdc_if.o
 .text.CDC_Init_FS
                0x0000000008009b40       0x28 build/usbd_cdc_if.o
 .text.CDC_Transmit_FS
                0x0000000008009b68       0x2c build/usbd_cdc_if.o
                0x0000000008009b68                CDC_Transmit_FS
 .text.printUSB
                0x0000000008009b94       0x3c build/usbd_cdc_if.o
                0x0000000008009b94                printUSB
 .text.CDC_Receive_FS
                0x0000000008009bd0       0x78 build/usbd_cdc_if.o
 .text.scanUSB  0x0000000008009c48       0x4c build/usbd_cdc_if.o
                0x0000000008009c48                scanUSB
 .text.USBD_Init
                0x0000000008009c94       0x2e build/usbd_core.o
                0x0000000008009c94                USBD_Init
 .text.USBD_RegisterClass
                0x0000000008009cc2        0xe build/usbd_core.o
                0x0000000008009cc2                USBD_RegisterClass
 .text.USBD_Start
                0x0000000008009cd0        0xa build/usbd_core.o
                0x0000000008009cd0                USBD_Start
 .text.USBD_SetClassConfig
                0x0000000008009cda       0x1a build/usbd_core.o
                0x0000000008009cda                USBD_SetClassConfig
 .text.USBD_ClrClassConfig
                0x0000000008009cf4        0xe build/usbd_core.o
                0x0000000008009cf4                USBD_ClrClassConfig
 .text.USBD_LL_SetupStage
                0x0000000008009d02       0x5a build/usbd_core.o
                0x0000000008009d02                USBD_LL_SetupStage
 .text.USBD_LL_DataOutStage
                0x0000000008009d5c       0x92 build/usbd_core.o
                0x0000000008009d5c                USBD_LL_DataOutStage
 .text.USBD_LL_DataInStage
                0x0000000008009dee       0xd2 build/usbd_core.o
                0x0000000008009dee                USBD_LL_DataInStage
 .text.USBD_LL_Reset
                0x0000000008009ec0       0x50 build/usbd_core.o
                0x0000000008009ec0                USBD_LL_Reset
 .text.USBD_LL_SetSpeed
                0x0000000008009f10        0x6 build/usbd_core.o
                0x0000000008009f10                USBD_LL_SetSpeed
 .text.USBD_LL_Suspend
                0x0000000008009f16       0x12 build/usbd_core.o
                0x0000000008009f16                USBD_LL_Suspend
 .text.USBD_LL_Resume
                0x0000000008009f28       0x16 build/usbd_core.o
                0x0000000008009f28                USBD_LL_Resume
 .text.USBD_LL_SOF
                0x0000000008009f3e       0x1c build/usbd_core.o
                0x0000000008009f3e                USBD_LL_SOF
 .text.USBD_GetLen
                0x0000000008009f5a       0x14 build/usbd_ctlreq.o
 .text.USBD_SetFeature
                0x0000000008009f6e       0x14 build/usbd_ctlreq.o
 .text.USBD_ParseSetupRequest
                0x0000000008009f82       0x28 build/usbd_ctlreq.o
                0x0000000008009f82                USBD_ParseSetupRequest
 .text.USBD_CtlError
                0x0000000008009faa       0x14 build/usbd_ctlreq.o
                0x0000000008009faa                USBD_CtlError
 .text.USBD_GetDescriptor
                0x0000000008009fbe      0x186 build/usbd_ctlreq.o
 .text.USBD_SetAddress
                0x000000000800a144       0x4e build/usbd_ctlreq.o
 *fill*         0x000000000800a192        0x2 
 .text.USBD_SetConfig
                0x000000000800a194       0xb0 build/usbd_ctlreq.o
 .text.USBD_GetConfig
                0x000000000800a244       0x3c build/usbd_ctlreq.o
 .text.USBD_GetStatus
                0x000000000800a280       0x38 build/usbd_ctlreq.o
 .text.USBD_ClrFeature
                0x000000000800a2b8       0x26 build/usbd_ctlreq.o
 .text.USBD_StdDevReq
                0x000000000800a2de       0x68 build/usbd_ctlreq.o
                0x000000000800a2de                USBD_StdDevReq
 .text.USBD_StdItfReq
                0x000000000800a346       0x60 build/usbd_ctlreq.o
                0x000000000800a346                USBD_StdItfReq
 .text.USBD_StdEPReq
                0x000000000800a3a6      0x20e build/usbd_ctlreq.o
                0x000000000800a3a6                USBD_StdEPReq
 .text.USBD_GetString
                0x000000000800a5b4       0x38 build/usbd_ctlreq.o
                0x000000000800a5b4                USBD_GetString
 .text.USBD_CtlSendData
                0x000000000800a5ec       0x1a build/usbd_ioreq.o
                0x000000000800a5ec                USBD_CtlSendData
 .text.USBD_CtlContinueSendData
                0x000000000800a606       0x10 build/usbd_ioreq.o
                0x000000000800a606                USBD_CtlContinueSendData
 .text.USBD_CtlPrepareRx
                0x000000000800a616       0x1e build/usbd_ioreq.o
                0x000000000800a616                USBD_CtlPrepareRx
 .text.USBD_CtlContinueRx
                0x000000000800a634       0x10 build/usbd_ioreq.o
                0x000000000800a634                USBD_CtlContinueRx
 .text.USBD_CtlSendStatus
                0x000000000800a644       0x16 build/usbd_ioreq.o
                0x000000000800a644                USBD_CtlSendStatus
 .text.USBD_CtlReceiveStatus
                0x000000000800a65a       0x16 build/usbd_ioreq.o
                0x000000000800a65a                USBD_CtlReceiveStatus
 .text.USBD_CDC_EP0_RxReady
                0x000000000800a670       0x28 build/usbd_cdc.o
 .text.USBD_CDC_GetFSCfgDesc
                0x000000000800a698        0xc build/usbd_cdc.o
 .text.USBD_CDC_GetHSCfgDesc
                0x000000000800a6a4        0xc build/usbd_cdc.o
 .text.USBD_CDC_GetOtherSpeedCfgDesc
                0x000000000800a6b0        0xc build/usbd_cdc.o
 .text.USBD_CDC_GetDeviceQualifierDescriptor
                0x000000000800a6bc        0xc build/usbd_cdc.o
                0x000000000800a6bc                USBD_CDC_GetDeviceQualifierDescriptor
 .text.USBD_CDC_DataOut
                0x000000000800a6c8       0x2e build/usbd_cdc.o
 .text.USBD_CDC_DataIn
                0x000000000800a6f6       0x4c build/usbd_cdc.o
 .text.USBD_CDC_Setup
                0x000000000800a742       0xda build/usbd_cdc.o
 .text.USBD_CDC_DeInit
                0x000000000800a81c       0x42 build/usbd_cdc.o
 .text.USBD_CDC_Init
                0x000000000800a85e       0xaa build/usbd_cdc.o
 .text.USBD_CDC_RegisterInterface
                0x000000000800a908        0xe build/usbd_cdc.o
                0x000000000800a908                USBD_CDC_RegisterInterface
 .text.USBD_CDC_SetTxBuffer
                0x000000000800a916       0x10 build/usbd_cdc.o
                0x000000000800a916                USBD_CDC_SetTxBuffer
 .text.USBD_CDC_SetRxBuffer
                0x000000000800a926        0xc build/usbd_cdc.o
                0x000000000800a926                USBD_CDC_SetRxBuffer
 .text.USBD_CDC_TransmitPacket
                0x000000000800a932       0x34 build/usbd_cdc.o
                0x000000000800a932                USBD_CDC_TransmitPacket
 .text.USBD_CDC_ReceivePacket
                0x000000000800a966       0x32 build/usbd_cdc.o
                0x000000000800a966                USBD_CDC_ReceivePacket
 .text.DWT_Delay_Init
                0x000000000800a998       0x44 build/dwt_stm32_delay.o
                0x000000000800a998                DWT_Delay_Init
 .text.HAL_TIM_OC_MspInit
                0x000000000800a9dc       0x2c build/tim.o
                0x000000000800a9dc                HAL_TIM_OC_MspInit
 .text.HAL_TIM_MspPostInit
                0x000000000800aa08       0x50 build/tim.o
                0x000000000800aa08                HAL_TIM_MspPostInit
 .text.MX_TIM1_Init
                0x000000000800aa58       0xdc build/tim.o
                0x000000000800aa58                MX_TIM1_Init
 .text.commandParser
                0x000000000800ab34      0x560 build/commandParser.o
                0x000000000800ab34                commandParser
 .text.max2871RegsInit
                0x000000000800b094       0x20 build/max2871_registers.o
                0x000000000800b094                max2871RegsInit
 .text.max2871GetRegister
                0x000000000800b0b4        0xc build/max2871_registers.o
                0x000000000800b0b4                max2871GetRegister
 .text.max2871Set_INT
                0x000000000800b0c0       0x14 build/max2871_registers.o
                0x000000000800b0c0                max2871Set_INT
 .text.max2871Set_N
                0x000000000800b0d4       0x18 build/max2871_registers.o
                0x000000000800b0d4                max2871Set_N
 .text.max2871Set_FRAC
                0x000000000800b0ec       0x18 build/max2871_registers.o
                0x000000000800b0ec                max2871Set_FRAC
 .text.max2871Set_CPOC
                0x000000000800b104       0x14 build/max2871_registers.o
                0x000000000800b104                max2871Set_CPOC
 .text.max2871Set_CPL
                0x000000000800b118       0x14 build/max2871_registers.o
                0x000000000800b118                max2871Set_CPL
 .text.max2871Set_CPT
                0x000000000800b12c       0x14 build/max2871_registers.o
                0x000000000800b12c                max2871Set_CPT
 .text.max2871Set_P
                0x000000000800b140       0x18 build/max2871_registers.o
                0x000000000800b140                max2871Set_P
 .text.max2871Set_M
                0x000000000800b158       0x18 build/max2871_registers.o
                0x000000000800b158                max2871Set_M
 .text.max2871Set_LDS
                0x000000000800b170       0x14 build/max2871_registers.o
                0x000000000800b170                max2871Set_LDS
 .text.max2871Set_SDN
                0x000000000800b184       0x14 build/max2871_registers.o
                0x000000000800b184                max2871Set_SDN
 .text.max2871Set_MUX
                0x000000000800b198       0x30 build/max2871_registers.o
                0x000000000800b198                max2871Set_MUX
 .text.max2871Set_DBR
                0x000000000800b1c8       0x14 build/max2871_registers.o
                0x000000000800b1c8                max2871Set_DBR
 .text.max2871Set_RDIV2
                0x000000000800b1dc       0x14 build/max2871_registers.o
                0x000000000800b1dc                max2871Set_RDIV2
 .text.max2871Set_R
                0x000000000800b1f0       0x18 build/max2871_registers.o
                0x000000000800b1f0                max2871Set_R
 .text.max2871Set_REG4DB
                0x000000000800b208       0x14 build/max2871_registers.o
                0x000000000800b208                max2871Set_REG4DB
 .text.max2871Set_TRI
                0x000000000800b21c       0x14 build/max2871_registers.o
                0x000000000800b21c                max2871Set_TRI
 .text.max2871Set_LDF
                0x000000000800b230       0x14 build/max2871_registers.o
                0x000000000800b230                max2871Set_LDF
 .text.max2871Set_LDP
                0x000000000800b244       0x14 build/max2871_registers.o
                0x000000000800b244                max2871Set_LDP
 .text.max2871Set_PDP
                0x000000000800b258       0x14 build/max2871_registers.o
                0x000000000800b258                max2871Set_PDP
 .text.max2871Set_SHDN
                0x000000000800b26c       0x14 build/max2871_registers.o
                0x000000000800b26c                max2871Set_SHDN
 .text.max2871Set_CP
                0x000000000800b280       0x14 build/max2871_registers.o
                0x000000000800b280                max2871Set_CP
 .text.max2871Set_RST
                0x000000000800b294       0x14 build/max2871_registers.o
                0x000000000800b294                max2871Set_RST
 .text.max2871Set_VCO
                0x000000000800b2a8       0x14 build/max2871_registers.o
                0x000000000800b2a8                max2871Set_VCO
 .text.max2871Set_VAS_SHDN
                0x000000000800b2bc       0x14 build/max2871_registers.o
                0x000000000800b2bc                max2871Set_VAS_SHDN
 .text.max2871Set_VAS_TEMP
                0x000000000800b2d0       0x20 build/max2871_registers.o
                0x000000000800b2d0                max2871Set_VAS_TEMP
 .text.max2871Set_CSM
                0x000000000800b2f0       0x14 build/max2871_registers.o
                0x000000000800b2f0                max2871Set_CSM
 .text.max2871Set_MUTEDEL
                0x000000000800b304       0x14 build/max2871_registers.o
                0x000000000800b304                max2871Set_MUTEDEL
 .text.max2871Set_CDM
                0x000000000800b318       0x14 build/max2871_registers.o
                0x000000000800b318                max2871Set_CDM
 .text.max2871Set_CDIV
                0x000000000800b32c       0x18 build/max2871_registers.o
                0x000000000800b32c                max2871Set_CDIV
 .text.max2871Set_SDLDO
                0x000000000800b344       0x14 build/max2871_registers.o
                0x000000000800b344                max2871Set_SDLDO
 .text.max2871Set_SDDIV
                0x000000000800b358       0x14 build/max2871_registers.o
                0x000000000800b358                max2871Set_SDDIV
 .text.max2871Set_SDREF
                0x000000000800b36c       0x14 build/max2871_registers.o
                0x000000000800b36c                max2871Set_SDREF
 .text.max2871Set_BS
                0x000000000800b380       0x28 build/max2871_registers.o
                0x000000000800b380                max2871Set_BS
 .text.max2871Set_FB
                0x000000000800b3a8       0x14 build/max2871_registers.o
                0x000000000800b3a8                max2871Set_FB
 .text.max2871Set_DIVA
                0x000000000800b3bc       0x14 build/max2871_registers.o
                0x000000000800b3bc                max2871Set_DIVA
 .text.max2871Set_SDVCO
                0x000000000800b3d0       0x14 build/max2871_registers.o
                0x000000000800b3d0                max2871Set_SDVCO
 .text.max2871Set_MTLD
                0x000000000800b3e4       0x14 build/max2871_registers.o
                0x000000000800b3e4                max2871Set_MTLD
 .text.max2871Set_BDIV
                0x000000000800b3f8       0x14 build/max2871_registers.o
                0x000000000800b3f8                max2871Set_BDIV
 .text.max2871Set_RFB_EN
                0x000000000800b40c       0x14 build/max2871_registers.o
                0x000000000800b40c                max2871Set_RFB_EN
 .text.max2871Set_BPWR
                0x000000000800b420       0x14 build/max2871_registers.o
                0x000000000800b420                max2871Set_BPWR
 .text.max2871Set_RFA_EN
                0x000000000800b434       0x14 build/max2871_registers.o
                0x000000000800b434                max2871Set_RFA_EN
 .text.max2871Set_APWR
                0x000000000800b448       0x14 build/max2871_registers.o
                0x000000000800b448                max2871Set_APWR
 .text.max2871Set_SDPLL
                0x000000000800b45c       0x14 build/max2871_registers.o
                0x000000000800b45c                max2871Set_SDPLL
 .text.max2871Set_F01
                0x000000000800b470       0x14 build/max2871_registers.o
                0x000000000800b470                max2871Set_F01
 .text.max2871Set_LD
                0x000000000800b484       0x14 build/max2871_registers.o
                0x000000000800b484                max2871Set_LD
 .text.max2871Set_Reserved
                0x000000000800b498       0x20 build/max2871_registers.o
                0x000000000800b498                max2871Set_Reserved
 .text.max2871SpiWrite
                0x000000000800b4b8       0xc8 build/max2871.o
                0x000000000800b4b8                max2871SpiWrite
 .text.max2871SpiRead
                0x000000000800b580       0x88 build/max2871.o
                0x000000000800b580                max2871SpiRead
 .text.max2871WriteRegisters
                0x000000000800b608       0x18 build/max2871.o
                0x000000000800b608                max2871WriteRegisters
 .text.max2871SetFrequency
                0x000000000800b620      0x1ec build/max2871.o
                0x000000000800b620                max2871SetFrequency
 .text.max2871ChipEnable
                0x000000000800b80c       0x18 build/max2871.o
                0x000000000800b80c                max2871ChipEnable
 .text.max2871RFEnable
                0x000000000800b824       0x2c build/max2871.o
                0x000000000800b824                max2871RFEnable
 .text.max2871RFDisable
                0x000000000800b850       0x24 build/max2871.o
                0x000000000800b850                max2871RFDisable
 .text.max2871SetPower
                0x000000000800b874       0x48 build/max2871.o
                0x000000000800b874                max2871SetPower
 .text.max2871CheckLD
                0x000000000800b8bc       0x20 build/max2871.o
                0x000000000800b8bc                max2871CheckLD
 .text.max2871Setup
                0x000000000800b8dc      0x1b0 build/max2871.o
                0x000000000800b8dc                max2871Setup
 .text.max2871PrintRegisters
                0x000000000800ba8c       0x54 build/max2871.o
                0x000000000800ba8c                max2871PrintRegisters
 .text.max2871PrintStatus
                0x000000000800bae0       0xd8 build/max2871.o
                0x000000000800bae0                max2871PrintStatus
 .text.setAttenuation
                0x000000000800bbb8      0x108 build/txChain.o
                0x000000000800bbb8                setAttenuation
 .text.readAD8319
                0x000000000800bcc0       0x9c build/txChain.o
                0x000000000800bcc0                readAD8319
 .text.setOutputPower
                0x000000000800bd5c      0x170 build/txChain.o
                0x000000000800bd5c                setOutputPower
 .text.enablePA
                0x000000000800becc       0x1c build/txChain.o
                0x000000000800becc                enablePA
 .text.sigGen   0x000000000800bee8       0x40 build/txChain.o
                0x000000000800bee8                sigGen
 .text.sweep    0x000000000800bf28       0x8c build/txChain.o
                0x000000000800bf28                sweep
 .text.disablePA
                0x000000000800bfb4       0x1c build/txChain.o
                0x000000000800bfb4                disablePA
 .text.txChainInit
                0x000000000800bfd0       0x24 build/txChain.o
                0x000000000800bfd0                txChainInit
 .text.txChainPrintStatus
                0x000000000800bff4       0xc0 build/txChain.o
                0x000000000800bff4                txChainPrintStatus
 .text.freqToLed
                0x000000000800c0b4       0xa8 build/STP08CP05.o
                0x000000000800c0b4                freqToLed
 .text.stpSpiTx
                0x000000000800c15c       0x74 build/STP08CP05.o
                0x000000000800c15c                stpSpiTx
 .text.rainbow  0x000000000800c1d0       0x54 build/STP08CP05.o
                0x000000000800c1d0                rainbow
 .text.kitt     0x000000000800c224       0x5c build/STP08CP05.o
                0x000000000800c224                kitt
 .text.binary   0x000000000800c280       0x2c build/STP08CP05.o
                0x000000000800c280                binary
 .text.Reset_Handler
                0x000000000800c2ac       0x48 build/startup_stm32f103xb.o
                0x000000000800c2ac                Reset_Handler
 .text.Default_Handler
                0x000000000800c2f4        0x2 build/startup_stm32f103xb.o
                0x000000000800c2f4                RTC_Alarm_IRQHandler
                0x000000000800c2f4                EXTI2_IRQHandler
                0x000000000800c2f4                TIM1_CC_IRQHandler
                0x000000000800c2f4                PVD_IRQHandler
                0x000000000800c2f4                EXTI3_IRQHandler
                0x000000000800c2f4                EXTI0_IRQHandler
                0x000000000800c2f4                I2C2_EV_IRQHandler
                0x000000000800c2f4                ADC1_2_IRQHandler
                0x000000000800c2f4                SPI1_IRQHandler
                0x000000000800c2f4                TAMPER_IRQHandler
                0x000000000800c2f4                DMA1_Channel4_IRQHandler
                0x000000000800c2f4                USART3_IRQHandler
                0x000000000800c2f4                RTC_IRQHandler
                0x000000000800c2f4                DMA1_Channel7_IRQHandler
                0x000000000800c2f4                CAN1_RX1_IRQHandler
                0x000000000800c2f4                TIM4_IRQHandler
                0x000000000800c2f4                I2C1_EV_IRQHandler
                0x000000000800c2f4                DMA1_Channel6_IRQHandler
                0x000000000800c2f4                TIM3_IRQHandler
                0x000000000800c2f4                RCC_IRQHandler
                0x000000000800c2f4                TIM1_TRG_COM_IRQHandler
                0x000000000800c2f4                DMA1_Channel1_IRQHandler
                0x000000000800c2f4                Default_Handler
                0x000000000800c2f4                EXTI15_10_IRQHandler
                0x000000000800c2f4                EXTI9_5_IRQHandler
                0x000000000800c2f4                SPI2_IRQHandler
                0x000000000800c2f4                DMA1_Channel5_IRQHandler
                0x000000000800c2f4                EXTI4_IRQHandler
                0x000000000800c2f4                USB_HP_CAN1_TX_IRQHandler
                0x000000000800c2f4                DMA1_Channel3_IRQHandler
                0x000000000800c2f4                TIM1_UP_IRQHandler
                0x000000000800c2f4                WWDG_IRQHandler
                0x000000000800c2f4                TIM2_IRQHandler
                0x000000000800c2f4                TIM1_BRK_IRQHandler
                0x000000000800c2f4                EXTI1_IRQHandler
                0x000000000800c2f4                USART2_IRQHandler
                0x000000000800c2f4                I2C2_ER_IRQHandler
                0x000000000800c2f4                DMA1_Channel2_IRQHandler
                0x000000000800c2f4                CAN1_SCE_IRQHandler
                0x000000000800c2f4                FLASH_IRQHandler
                0x000000000800c2f4                USART1_IRQHandler
                0x000000000800c2f4                I2C1_ER_IRQHandler
                0x000000000800c2f4                USBWakeUp_IRQHandler
 .text.unlikely
                0x000000000800c2f6       0x42 /usr/lib/gcc/arm-none-eabi/7.3.1/../../../arm-none-eabi/lib/thumb/v7-m/libc_nano.a(lib_a-strtod.o)
 *(.glue_7)
 .glue_7        0x000000000800c338        0x0 linker stubs
 *(.glue_7t)
 .glue_7t       0x000000000800c338        0x0 linker stubs
 *(.eh_frame)
 .eh_frame      0x000000000800c338        0x0 /usr/lib/gcc/arm-none-eabi/7.3.1/thumb/v7-m/crtbegin.o
 *(.init)
 .init          0x000000000800c338        0x4 /usr/lib/gcc/arm-none-eabi/7.3.1/thumb/v7-m/crti.o
                0x000000000800c338                _init
 .init          0x000000000800c33c        0x8 /usr/lib/gcc/arm-none-eabi/7.3.1/thumb/v7-m/crtn.o
 *(.fini)
 .fini          0x000000000800c344        0x4 /usr/lib/gcc/arm-none-eabi/7.3.1/thumb/v7-m/crti.o
                0x000000000800c344                _fini
 .fini          0x000000000800c348        0x8 /usr/lib/gcc/arm-none-eabi/7.3.1/thumb/v7-m/crtn.o
                0x000000000800c350                . = ALIGN (0x4)
                0x000000000800c350                _etext = .

.vfp11_veneer   0x000000000800c350        0x0
 .vfp11_veneer  0x000000000800c350        0x0 linker stubs

.v4_bx          0x000000000800c350        0x0
 .v4_bx         0x000000000800c350        0x0 linker stubs

.iplt           0x000000000800c350        0x0
 .iplt          0x000000000800c350        0x0 /usr/lib/gcc/arm-none-eabi/7.3.1/thumb/v7-m/crtbegin.o

.rodata         0x000000000800c350      0xa64
                0x000000000800c350                . = ALIGN (0x4)
 *(.rodata)
 .rodata        0x000000000800c350       0x12 build/stm32f1xx_hal_rcc.o
 *fill*         0x000000000800c362        0x2 
 .rodata        0x000000000800c364       0x12 build/stm32f1xx_hal_rcc_ex.o
 *fill*         0x000000000800c376        0x2 
 .rodata        0x000000000800c378        0x4 build/commandParser.o
 .rodata        0x000000000800c37c        0x4 build/max2871.o
 .rodata        0x000000000800c380       0x50 /usr/lib/gcc/arm-none-eabi/7.3.1/../../../arm-none-eabi/lib/thumb/v7-m/libc_nano.a(lib_a-strtod.o)
 .rodata        0x000000000800c3d0      0x101 /usr/lib/gcc/arm-none-eabi/7.3.1/../../../arm-none-eabi/lib/thumb/v7-m/libc_nano.a(lib_a-ctype_.o)
                0x000000000800c3d0                _ctype_
 *fill*         0x000000000800c4d1        0x3 
 .rodata        0x000000000800c4d4      0x100 /usr/lib/gcc/arm-none-eabi/7.3.1/../../../arm-none-eabi/lib/thumb/v7-m/libc_nano.a(lib_a-gdtoa-gethex.o)
                0x000000000800c4d4                __hexdig
 .rodata        0x000000000800c5d4        0xc /usr/lib/gcc/arm-none-eabi/7.3.1/../../../arm-none-eabi/lib/thumb/v7-m/libc_nano.a(lib_a-lnumeric.o)
                0x000000000800c5d4                _C_numeric_locale
 .rodata        0x000000000800c5e0      0x128 /usr/lib/gcc/arm-none-eabi/7.3.1/../../../arm-none-eabi/lib/thumb/v7-m/libc_nano.a(lib_a-mprec.o)
                0x000000000800c5f0                __mprec_tens
                0x000000000800c6b8                __mprec_tinytens
                0x000000000800c6e0                __mprec_bigtens
 .rodata        0x000000000800c708       0x10 /usr/lib/gcc/arm-none-eabi/7.3.1/../../../arm-none-eabi/lib/thumb/v7-m/libm.a(lib_a-s_rint.o)
 *(.rodata*)
 .rodata.AHBPrescTable
                0x000000000800c718       0x10 build/system_stm32f1xx.o
                0x000000000800c718                AHBPrescTable
 .rodata.APBPrescTable
                0x000000000800c728        0x8 build/system_stm32f1xx.o
                0x000000000800c728                APBPrescTable
 .rodata.USBD_FS_ConfigStrDescriptor.str1.4
                0x000000000800c730        0xb build/usbd_desc.o
 *fill*         0x000000000800c73b        0x1 
 .rodata.USBD_FS_InterfaceStrDescriptor.str1.4
                0x000000000800c73c        0xe build/usbd_desc.o
 *fill*         0x000000000800c74a        0x2 
 .rodata.USBD_FS_ManufacturerStrDescriptor.str1.4
                0x000000000800c74c        0xd build/usbd_desc.o
 *fill*         0x000000000800c759        0x3 
 .rodata.USBD_FS_ProductStrDescriptor.str1.4
                0x000000000800c75c       0x14 build/usbd_desc.o
 .rodata.CDC_Receive_FS.str1.4
                0x000000000800c770       0x13 build/usbd_cdc_if.o
 *fill*         0x000000000800c783        0x1 
 .rodata.commandParser.str1.4
                0x000000000800c784      0x3ba build/commandParser.o
                                        0x3be (size before relaxing)
 *fill*         0x000000000800cb3e        0x2 
 .rodata.max2871PrintRegisters.str1.4
                0x000000000800cb40       0x2d build/max2871.o
 *fill*         0x000000000800cb6d        0x3 
 .rodata.max2871PrintStatus.str1.4
                0x000000000800cb70       0xb9 build/max2871.o
 *fill*         0x000000000800cc29        0x3 
 .rodata.max2871SetFrequency.str1.4
                0x000000000800cc2c       0x2f build/max2871.o
 *fill*         0x000000000800cc5b        0x1 
 .rodata.max2871SetPower.str1.4
                0x000000000800cc5c       0x25 build/max2871.o
 *fill*         0x000000000800cc81        0x3 
 .rodata.setOutputPower.str1.4
                0x000000000800cc84       0x1c build/txChain.o
 .rodata.txChainPrintStatus.str1.4
                0x000000000800cca0       0x8d build/txChain.o
                                         0xad (size before relaxing)
 *fill*         0x000000000800cd2d        0x3 
 .rodata.str1.4
                0x000000000800cd30       0x12 /usr/lib/gcc/arm-none-eabi/7.3.1/../../../arm-none-eabi/lib/thumb/v7-m/libc_nano.a(lib_a-nano-vfprintf_float.o)
 *fill*         0x000000000800cd42        0x2 
 .rodata.str1.4
                0x000000000800cd44       0x25 /usr/lib/gcc/arm-none-eabi/7.3.1/../../../arm-none-eabi/lib/thumb/v7-m/libc_nano.a(lib_a-nano-vfprintf_i.o)
 *fill*         0x000000000800cd69        0x3 
 .rodata.str1.4
                0x000000000800cd6c        0xf /usr/lib/gcc/arm-none-eabi/7.3.1/../../../arm-none-eabi/lib/thumb/v7-m/libc_nano.a(lib_a-strtod.o)
                                         0x11 (size before relaxing)
 *fill*         0x000000000800cd7b        0x1 
 .rodata.str1.4
                0x000000000800cd7c       0x10 /usr/lib/gcc/arm-none-eabi/7.3.1/../../../arm-none-eabi/lib/thumb/v7-m/libc_nano.a(lib_a-dtoa.o)
                                         0x12 (size before relaxing)
 .rodata.str1.4
                0x000000000800cd8c        0x2 /usr/lib/gcc/arm-none-eabi/7.3.1/../../../arm-none-eabi/lib/thumb/v7-m/libc_nano.a(lib_a-lnumeric.o)
                                          0x5 (size before relaxing)
 *fill*         0x000000000800cd8e        0x2 
 .rodata.str1.4
                0x000000000800cd90        0xa /usr/lib/gcc/arm-none-eabi/7.3.1/../../../arm-none-eabi/lib/thumb/v7-m/libc_nano.a(lib_a-locale.o)
                                         0x12 (size before relaxing)
 *fill*         0x000000000800cd9a        0x2 
 .rodata.str1.4
                0x000000000800cd9c       0x13 /usr/lib/gcc/arm-none-eabi/7.3.1/../../../arm-none-eabi/lib/thumb/v7-m/libc_nano.a(lib_a-nano-svfprintf.o)
 *fill*         0x000000000800cdaf        0x1 
 .rodata.str1.4
                0x000000000800cdb0        0x4 /usr/lib/gcc/arm-none-eabi/7.3.1/../../../arm-none-eabi/lib/thumb/v7-m/libm.a(lib_a-w_pow.o)
 .rodata.str1.4
                0x000000000800cdb4        0x1 /usr/lib/gcc/arm-none-eabi/7.3.1/../../../arm-none-eabi/lib/thumb/v7-m/libm.a(lib_a-e_pow.o)
                0x000000000800cdb8                . = ALIGN (0x4)

.rel.dyn        0x000000000800cdb4        0x0
 .rel.iplt      0x000000000800cdb4        0x0 /usr/lib/gcc/arm-none-eabi/7.3.1/thumb/v7-m/crtbegin.o

.ARM.extab
 *(.ARM.extab* .gnu.linkonce.armextab.*)

.ARM            0x000000000800cdb4        0x0
                0x000000000800cdb4                __exidx_start = .
 *(.ARM.exidx*)
                0x000000000800cdb4                __exidx_end = .

.preinit_array  0x000000000800cdb4        0x0
                0x000000000800cdb4                PROVIDE (__preinit_array_start = .)
 *(.preinit_array*)
                0x000000000800cdb4                PROVIDE (__preinit_array_end = .)

.init_array     0x000000000800cdb4        0x4
                0x000000000800cdb4                PROVIDE (__init_array_start = .)
 *(SORT_BY_NAME(.init_array.*))
 *(.init_array*)
 .init_array    0x000000000800cdb4        0x4 /usr/lib/gcc/arm-none-eabi/7.3.1/thumb/v7-m/crtbegin.o
                0x000000000800cdb8                PROVIDE (__init_array_end = .)

.fini_array     0x000000000800cdb8        0x4
                0x000000000800cdb8                PROVIDE (__fini_array_start = .)
 *(SORT_BY_NAME(.fini_array.*))
 *(.fini_array*)
 .fini_array    0x000000000800cdb8        0x4 /usr/lib/gcc/arm-none-eabi/7.3.1/thumb/v7-m/crtbegin.o
                0x000000000800cdbc                PROVIDE (__fini_array_end = .)
                0x000000000800cdbc                _sidata = LOADADDR (.data)

.data           0x0000000020000000      0x350 load address 0x000000000800cdbc
                0x0000000020000000                . = ALIGN (0x4)
                0x0000000020000000                _sdata = .
 *(.data)
 .data          0x0000000020000000       0x64 /usr/lib/gcc/arm-none-eabi/7.3.1/../../../arm-none-eabi/lib/thumb/v7-m/libc_nano.a(lib_a-impure.o)
                0x0000000020000000                _impure_ptr
 .data          0x0000000020000064        0x2 /usr/lib/gcc/arm-none-eabi/7.3.1/../../../arm-none-eabi/lib/thumb/v7-m/libc_nano.a(lib_a-lnumeric.o)
 *fill*         0x0000000020000066        0x2 
 .data          0x0000000020000068      0x16c /usr/lib/gcc/arm-none-eabi/7.3.1/../../../arm-none-eabi/lib/thumb/v7-m/libc_nano.a(lib_a-locale.o)
                0x0000000020000068                __global_locale
 .data          0x00000000200001d4        0x1 /usr/lib/gcc/arm-none-eabi/7.3.1/../../../arm-none-eabi/lib/thumb/v7-m/libm.a(lib_a-s_lib_ver.o)
                0x00000000200001d4                __fdlib_version
 *(.data*)
 .data.uwTickFreq
                0x00000000200001d5        0x1 build/stm32f1xx_hal.o
                0x00000000200001d5                uwTickFreq
 *fill*         0x00000000200001d6        0x2 
 .data.uwTickPrio
                0x00000000200001d8        0x4 build/stm32f1xx_hal.o
                0x00000000200001d8                uwTickPrio
 .data.SystemCoreClock
                0x00000000200001dc        0x4 build/system_stm32f1xx.o
                0x00000000200001dc                SystemCoreClock
 .data.FS_Desc  0x00000000200001e0       0x1c build/usbd_desc.o
                0x00000000200001e0                FS_Desc
 .data.USBD_FS_DeviceDesc
                0x00000000200001fc       0x12 build/usbd_desc.o
                0x00000000200001fc                USBD_FS_DeviceDesc
 *fill*         0x000000002000020e        0x2 
 .data.USBD_LangIDDesc
                0x0000000020000210        0x4 build/usbd_desc.o
                0x0000000020000210                USBD_LangIDDesc
 .data.USBD_StringSerial
                0x0000000020000214       0x1a build/usbd_desc.o
                0x0000000020000214                USBD_StringSerial
 *fill*         0x000000002000022e        0x2 
 .data.USBD_Interface_fops_FS
                0x0000000020000230       0x10 build/usbd_cdc_if.o
                0x0000000020000230                USBD_Interface_fops_FS
 .data.USBD_CDC
                0x0000000020000240       0x38 build/usbd_cdc.o
                0x0000000020000240                USBD_CDC
 .data.USBD_CDC_CfgFSDesc
                0x0000000020000278       0x43 build/usbd_cdc.o
                0x0000000020000278                USBD_CDC_CfgFSDesc
 *fill*         0x00000000200002bb        0x1 
 .data.USBD_CDC_CfgHSDesc
                0x00000000200002bc       0x43 build/usbd_cdc.o
                0x00000000200002bc                USBD_CDC_CfgHSDesc
 *fill*         0x00000000200002ff        0x1 
 .data.USBD_CDC_DeviceQualifierDesc
                0x0000000020000300        0xa build/usbd_cdc.o
 *fill*         0x000000002000030a        0x2 
 .data.USBD_CDC_OtherSpeedCfgDesc
                0x000000002000030c       0x43 build/usbd_cdc.o
                0x000000002000030c                USBD_CDC_OtherSpeedCfgDesc
                0x0000000020000350                . = ALIGN (0x4)
 *fill*         0x000000002000034f        0x1 
                0x0000000020000350                _edata = .

.tm_clone_table
                0x0000000020000350        0x0 load address 0x000000000800d10c
 .tm_clone_table
                0x0000000020000350        0x0 /usr/lib/gcc/arm-none-eabi/7.3.1/thumb/v7-m/crtbegin.o
 .tm_clone_table
                0x0000000020000350        0x0 /usr/lib/gcc/arm-none-eabi/7.3.1/thumb/v7-m/crtend.o

.igot.plt       0x0000000020000350        0x0 load address 0x000000000800d10c
 .igot.plt      0x0000000020000350        0x0 /usr/lib/gcc/arm-none-eabi/7.3.1/thumb/v7-m/crtbegin.o
                0x0000000020000350                . = ALIGN (0x4)

.bss            0x0000000020000350     0x1404 load address 0x000000000800d10c
                0x0000000020000350                _sbss = .
                0x0000000020000350                __bss_start__ = _sbss
 *(.bss)
 .bss           0x0000000020000350       0x1c /usr/lib/gcc/arm-none-eabi/7.3.1/thumb/v7-m/crtbegin.o
 .bss           0x000000002000036c        0x8 /usr/lib/gcc/arm-none-eabi/7.3.1/../../../arm-none-eabi/lib/thumb/v7-m/libc_nano.a(lib_a-nano-mallocr.o)
                0x000000002000036c                __malloc_free_list
                0x0000000020000370                __malloc_sbrk_start
 .bss           0x0000000020000374        0x4 /usr/lib/gcc/arm-none-eabi/7.3.1/../../../arm-none-eabi/lib/thumb/v7-m/libnosys.a(sbrk.o)
 *(.bss*)
 .bss.RX_FIFO   0x0000000020000378      0x10c build/main.o
                0x0000000020000378                RX_FIFO
 .bss.mem.8322  0x0000000020000484      0x220 build/usbd_conf.o
 .bss.cfgidx.8257
                0x00000000200006a4        0x1 build/usbd_ctlreq.o
 *fill*         0x00000000200006a5        0x3 
 .bss.txStr     0x00000000200006a8       0x80 build/commandParser.o
                0x00000000200006a8                txStr
 .bss.registers
                0x0000000020000728       0x18 build/max2871_registers.o
 .bss.str1      0x0000000020000740       0x80 build/max2871.o
                0x0000000020000740                str1
 *(COMMON)
 COMMON         0x00000000200007c0       0x30 build/adc.o
                0x00000000200007c0                hadc1
 COMMON         0x00000000200007f0        0x4 build/stm32f1xx_hal.o
                0x00000000200007f0                uwTick
 COMMON         0x00000000200007f4      0x2c4 build/usb_device.o
                0x00000000200007f4                hUsbDeviceFS
 COMMON         0x0000000020000ab8      0x26c build/usbd_conf.o
                0x0000000020000ab8                hpcd_USB_FS
 COMMON         0x0000000020000d24      0x200 build/usbd_desc.o
                0x0000000020000d24                USBD_StrDesc
 COMMON         0x0000000020000f24      0x7d0 build/usbd_cdc_if.o
                0x0000000020000f24                UserRxBufferFS
                0x000000002000130c                UserTxBufferFS
 COMMON         0x00000000200016f4       0x40 build/tim.o
                0x00000000200016f4                htim1
 COMMON         0x0000000020001734        0xc build/max2871.o
                0x0000000020001734                max2871Status
 COMMON         0x0000000020001740       0x10 build/txChain.o
                0x0000000020001740                txStatus
 COMMON         0x0000000020001750        0x4 /usr/lib/gcc/arm-none-eabi/7.3.1/../../../arm-none-eabi/lib/thumb/v7-m/libc_nano.a(lib_a-reent.o)
                0x0000000020001750                errno
                0x0000000020001754                . = ALIGN (0x4)
                0x0000000020001754                _ebss = .
                0x0000000020001754                __bss_end__ = _ebss

._user_heap_stack
                0x0000000020001754      0x604 load address 0x000000000800d10c
                0x0000000020001758                . = ALIGN (0x8)
 *fill*         0x0000000020001754        0x4 
                0x0000000020001758                PROVIDE (end = .)
                [!provide]                        PROVIDE (_end = .)
                0x0000000020001958                . = (. + _Min_Heap_Size)
 *fill*         0x0000000020001758      0x200 
                0x0000000020001d58                . = (. + _Min_Stack_Size)
 *fill*         0x0000000020001958      0x400 
                0x0000000020001d58                . = ALIGN (0x8)

/DISCARD/
 libc.a(*)
 libm.a(*)
 libgcc.a(*)

.ARM.attributes
                0x0000000000000000       0x29
 *(.ARM.attributes)
 .ARM.attributes
                0x0000000000000000       0x1d /usr/lib/gcc/arm-none-eabi/7.3.1/thumb/v7-m/crti.o
 .ARM.attributes
                0x000000000000001d       0x2d /usr/lib/gcc/arm-none-eabi/7.3.1/thumb/v7-m/crtbegin.o
 .ARM.attributes
                0x000000000000004a       0x33 build/main.o
 .ARM.attributes
                0x000000000000007d       0x33 build/gpio.o
 .ARM.attributes
                0x00000000000000b0       0x33 build/adc.o
 .ARM.attributes
                0x00000000000000e3       0x33 build/stm32f1xx_it.o
 .ARM.attributes
                0x0000000000000116       0x33 build/stm32f1xx_hal_msp.o
 .ARM.attributes
                0x0000000000000149       0x33 build/stm32f1xx_hal_adc.o
 .ARM.attributes
                0x000000000000017c       0x33 build/stm32f1xx_hal.o
 .ARM.attributes
                0x00000000000001af       0x33 build/stm32f1xx_hal_rcc.o
 .ARM.attributes
                0x00000000000001e2       0x33 build/stm32f1xx_hal_rcc_ex.o
 .ARM.attributes
                0x0000000000000215       0x33 build/stm32f1xx_hal_gpio.o
 .ARM.attributes
                0x0000000000000248       0x33 build/stm32f1xx_hal_cortex.o
 .ARM.attributes
                0x000000000000027b       0x33 build/stm32f1xx_hal_tim.o
 .ARM.attributes
                0x00000000000002ae       0x33 build/stm32f1xx_hal_tim_ex.o
 .ARM.attributes
                0x00000000000002e1       0x33 build/stm32f1xx_hal_pcd.o
 .ARM.attributes
                0x0000000000000314       0x33 build/stm32f1xx_hal_pcd_ex.o
 .ARM.attributes
                0x0000000000000347       0x33 build/stm32f1xx_ll_usb.o
 .ARM.attributes
                0x000000000000037a       0x33 build/system_stm32f1xx.o
 .ARM.attributes
                0x00000000000003ad       0x33 build/usb_device.o
 .ARM.attributes
                0x00000000000003e0       0x33 build/usbd_conf.o
 .ARM.attributes
                0x0000000000000413       0x33 build/usbd_desc.o
 .ARM.attributes
                0x0000000000000446       0x33 build/usbd_cdc_if.o
 .ARM.attributes
                0x0000000000000479       0x33 build/usbd_core.o
 .ARM.attributes
                0x00000000000004ac       0x33 build/usbd_ctlreq.o
 .ARM.attributes
                0x00000000000004df       0x33 build/usbd_ioreq.o
 .ARM.attributes
                0x0000000000000512       0x33 build/usbd_cdc.o
 .ARM.attributes
                0x0000000000000545       0x33 build/dwt_stm32_delay.o
 .ARM.attributes
                0x0000000000000578       0x33 build/tim.o
 .ARM.attributes
                0x00000000000005ab       0x33 build/commandParser.o
 .ARM.attributes
                0x00000000000005de       0x33 build/max2871_registers.o
 .ARM.attributes
                0x0000000000000611       0x33 build/max2871.o
 .ARM.attributes
                0x0000000000000644       0x33 build/txChain.o
 .ARM.attributes
                0x0000000000000677       0x33 build/STP08CP05.o
 .ARM.attributes
                0x00000000000006aa       0x21 build/startup_stm32f103xb.o
 .ARM.attributes
                0x00000000000006cb       0x2d /usr/lib/gcc/arm-none-eabi/7.3.1/../../../arm-none-eabi/lib/thumb/v7-m/libc_nano.a(lib_a-atof.o)
 .ARM.attributes
                0x00000000000006f8       0x2d /usr/lib/gcc/arm-none-eabi/7.3.1/../../../arm-none-eabi/lib/thumb/v7-m/libc_nano.a(lib_a-atoi.o)
 .ARM.attributes
                0x0000000000000725       0x2d /usr/lib/gcc/arm-none-eabi/7.3.1/../../../arm-none-eabi/lib/thumb/v7-m/libc_nano.a(lib_a-impure.o)
 .ARM.attributes
                0x0000000000000752       0x2d /usr/lib/gcc/arm-none-eabi/7.3.1/../../../arm-none-eabi/lib/thumb/v7-m/libc_nano.a(lib_a-init.o)
 .ARM.attributes
                0x000000000000077f       0x2d /usr/lib/gcc/arm-none-eabi/7.3.1/../../../arm-none-eabi/lib/thumb/v7-m/libc_nano.a(lib_a-memset.o)
 .ARM.attributes
                0x00000000000007ac       0x2d /usr/lib/gcc/arm-none-eabi/7.3.1/../../../arm-none-eabi/lib/thumb/v7-m/libc_nano.a(lib_a-nano-vfprintf_float.o)
 .ARM.attributes
                0x00000000000007d9       0x2d /usr/lib/gcc/arm-none-eabi/7.3.1/../../../arm-none-eabi/lib/thumb/v7-m/libc_nano.a(lib_a-nano-vfprintf_i.o)
 .ARM.attributes
                0x0000000000000806       0x2d /usr/lib/gcc/arm-none-eabi/7.3.1/../../../arm-none-eabi/lib/thumb/v7-m/libc_nano.a(lib_a-sprintf.o)
 .ARM.attributes
                0x0000000000000833       0x2d /usr/lib/gcc/arm-none-eabi/7.3.1/../../../arm-none-eabi/lib/thumb/v7-m/libc_nano.a(lib_a-strlen-stub.o)
 .ARM.attributes
                0x0000000000000860       0x2d /usr/lib/gcc/arm-none-eabi/7.3.1/../../../arm-none-eabi/lib/thumb/v7-m/libc_nano.a(lib_a-strncmp.o)
 .ARM.attributes
                0x000000000000088d       0x2d /usr/lib/gcc/arm-none-eabi/7.3.1/../../../arm-none-eabi/lib/thumb/v7-m/libc_nano.a(lib_a-strtod.o)
 .ARM.attributes
                0x00000000000008ba       0x2d /usr/lib/gcc/arm-none-eabi/7.3.1/../../../arm-none-eabi/lib/thumb/v7-m/libc_nano.a(lib_a-strtol.o)
 .ARM.attributes
                0x00000000000008e7       0x2d /usr/lib/gcc/arm-none-eabi/7.3.1/../../../arm-none-eabi/lib/thumb/v7-m/libc_nano.a(lib_a-ctype_.o)
 .ARM.attributes
                0x0000000000000914       0x2d /usr/lib/gcc/arm-none-eabi/7.3.1/../../../arm-none-eabi/lib/thumb/v7-m/libc_nano.a(lib_a-dtoa.o)
 .ARM.attributes
                0x0000000000000941       0x2d /usr/lib/gcc/arm-none-eabi/7.3.1/../../../arm-none-eabi/lib/thumb/v7-m/libc_nano.a(lib_a-gdtoa-gethex.o)
 .ARM.attributes
                0x000000000000096e       0x2d /usr/lib/gcc/arm-none-eabi/7.3.1/../../../arm-none-eabi/lib/thumb/v7-m/libc_nano.a(lib_a-gdtoa-hexnan.o)
 .ARM.attributes
                0x000000000000099b       0x2d /usr/lib/gcc/arm-none-eabi/7.3.1/../../../arm-none-eabi/lib/thumb/v7-m/libc_nano.a(lib_a-lnumeric.o)
 .ARM.attributes
                0x00000000000009c8       0x2d /usr/lib/gcc/arm-none-eabi/7.3.1/../../../arm-none-eabi/lib/thumb/v7-m/libc_nano.a(lib_a-locale.o)
 .ARM.attributes
                0x00000000000009f5       0x2d /usr/lib/gcc/arm-none-eabi/7.3.1/../../../arm-none-eabi/lib/thumb/v7-m/libc_nano.a(lib_a-localeconv.o)
 .ARM.attributes
                0x0000000000000a22       0x2d /usr/lib/gcc/arm-none-eabi/7.3.1/../../../arm-none-eabi/lib/thumb/v7-m/libc_nano.a(lib_a-malloc.o)
 .ARM.attributes
                0x0000000000000a4f       0x2d /usr/lib/gcc/arm-none-eabi/7.3.1/../../../arm-none-eabi/lib/thumb/v7-m/libc_nano.a(lib_a-mbtowc_r.o)
 .ARM.attributes
                0x0000000000000a7c       0x2d /usr/lib/gcc/arm-none-eabi/7.3.1/../../../arm-none-eabi/lib/thumb/v7-m/libc_nano.a(lib_a-memchr-stub.o)
 .ARM.attributes
                0x0000000000000aa9       0x1b /usr/lib/gcc/arm-none-eabi/7.3.1/../../../arm-none-eabi/lib/thumb/v7-m/libc_nano.a(lib_a-memcpy.o)
 .ARM.attributes
                0x0000000000000ac4       0x2d /usr/lib/gcc/arm-none-eabi/7.3.1/../../../arm-none-eabi/lib/thumb/v7-m/libc_nano.a(lib_a-mprec.o)
 .ARM.attributes
                0x0000000000000af1       0x2d /usr/lib/gcc/arm-none-eabi/7.3.1/../../../arm-none-eabi/lib/thumb/v7-m/libc_nano.a(lib_a-nano-callocr.o)
 .ARM.attributes
                0x0000000000000b1e       0x2d /usr/lib/gcc/arm-none-eabi/7.3.1/../../../arm-none-eabi/lib/thumb/v7-m/libc_nano.a(lib_a-nano-freer.o)
 .ARM.attributes
                0x0000000000000b4b       0x2d /usr/lib/gcc/arm-none-eabi/7.3.1/../../../arm-none-eabi/lib/thumb/v7-m/libc_nano.a(lib_a-nano-mallocr.o)
 .ARM.attributes
                0x0000000000000b78       0x2d /usr/lib/gcc/arm-none-eabi/7.3.1/../../../arm-none-eabi/lib/thumb/v7-m/libc_nano.a(lib_a-nano-svfprintf.o)
 .ARM.attributes
                0x0000000000000ba5       0x2d /usr/lib/gcc/arm-none-eabi/7.3.1/../../../arm-none-eabi/lib/thumb/v7-m/libc_nano.a(lib_a-s_nan.o)
 .ARM.attributes
                0x0000000000000bd2       0x2d /usr/lib/gcc/arm-none-eabi/7.3.1/../../../arm-none-eabi/lib/thumb/v7-m/libc_nano.a(lib_a-sbrkr.o)
 .ARM.attributes
                0x0000000000000bff       0x2d /usr/lib/gcc/arm-none-eabi/7.3.1/../../../arm-none-eabi/lib/thumb/v7-m/libc_nano.a(lib_a-sf_nan.o)
 .ARM.attributes
                0x0000000000000c2c       0x2d /usr/lib/gcc/arm-none-eabi/7.3.1/../../../arm-none-eabi/lib/thumb/v7-m/libc_nano.a(lib_a-wctomb_r.o)
 .ARM.attributes
                0x0000000000000c59       0x2d /usr/lib/gcc/arm-none-eabi/7.3.1/../../../arm-none-eabi/lib/thumb/v7-m/libc_nano.a(lib_a-memmove.o)
 .ARM.attributes
                0x0000000000000c86       0x2d /usr/lib/gcc/arm-none-eabi/7.3.1/../../../arm-none-eabi/lib/thumb/v7-m/libc_nano.a(lib_a-mlock.o)
 .ARM.attributes
                0x0000000000000cb3       0x2d /usr/lib/gcc/arm-none-eabi/7.3.1/../../../arm-none-eabi/lib/thumb/v7-m/libc_nano.a(lib_a-nano-reallocr.o)
 .ARM.attributes
                0x0000000000000ce0       0x2d /usr/lib/gcc/arm-none-eabi/7.3.1/../../../arm-none-eabi/lib/thumb/v7-m/libc_nano.a(lib_a-reent.o)
 .ARM.attributes
                0x0000000000000d0d       0x2d /usr/lib/gcc/arm-none-eabi/7.3.1/../../../arm-none-eabi/lib/thumb/v7-m/libc_nano.a(lib_a-nano-msizer.o)
 .ARM.attributes
                0x0000000000000d3a       0x2d /usr/lib/gcc/arm-none-eabi/7.3.1/../../../arm-none-eabi/lib/thumb/v7-m/libm.a(lib_a-s_round.o)
 .ARM.attributes
                0x0000000000000d67       0x2d /usr/lib/gcc/arm-none-eabi/7.3.1/../../../arm-none-eabi/lib/thumb/v7-m/libm.a(lib_a-w_pow.o)
 .ARM.attributes
                0x0000000000000d94       0x2d /usr/lib/gcc/arm-none-eabi/7.3.1/../../../arm-none-eabi/lib/thumb/v7-m/libm.a(lib_a-e_pow.o)
 .ARM.attributes
                0x0000000000000dc1       0x2d /usr/lib/gcc/arm-none-eabi/7.3.1/../../../arm-none-eabi/lib/thumb/v7-m/libm.a(lib_a-e_sqrt.o)
 .ARM.attributes
                0x0000000000000dee       0x2d /usr/lib/gcc/arm-none-eabi/7.3.1/../../../arm-none-eabi/lib/thumb/v7-m/libm.a(lib_a-s_fabs.o)
 .ARM.attributes
                0x0000000000000e1b       0x2d /usr/lib/gcc/arm-none-eabi/7.3.1/../../../arm-none-eabi/lib/thumb/v7-m/libm.a(lib_a-s_finite.o)
 .ARM.attributes
                0x0000000000000e48       0x2d /usr/lib/gcc/arm-none-eabi/7.3.1/../../../arm-none-eabi/lib/thumb/v7-m/libm.a(lib_a-s_lib_ver.o)
 .ARM.attributes
                0x0000000000000e75       0x2d /usr/lib/gcc/arm-none-eabi/7.3.1/../../../arm-none-eabi/lib/thumb/v7-m/libm.a(lib_a-s_matherr.o)
 .ARM.attributes
                0x0000000000000ea2       0x2d /usr/lib/gcc/arm-none-eabi/7.3.1/../../../arm-none-eabi/lib/thumb/v7-m/libm.a(lib_a-s_rint.o)
 .ARM.attributes
                0x0000000000000ecf       0x2d /usr/lib/gcc/arm-none-eabi/7.3.1/../../../arm-none-eabi/lib/thumb/v7-m/libm.a(lib_a-s_scalbn.o)
 .ARM.attributes
                0x0000000000000efc       0x2d /usr/lib/gcc/arm-none-eabi/7.3.1/../../../arm-none-eabi/lib/thumb/v7-m/libnosys.a(sbrk.o)
 .ARM.attributes
                0x0000000000000f29       0x1d /usr/lib/gcc/arm-none-eabi/7.3.1/thumb/v7-m/libgcc.a(_arm_addsubdf3.o)
 .ARM.attributes
                0x0000000000000f46       0x1d /usr/lib/gcc/arm-none-eabi/7.3.1/thumb/v7-m/libgcc.a(_arm_muldivdf3.o)
 .ARM.attributes
                0x0000000000000f63       0x1d /usr/lib/gcc/arm-none-eabi/7.3.1/thumb/v7-m/libgcc.a(_arm_cmpdf2.o)
 .ARM.attributes
                0x0000000000000f80       0x1d /usr/lib/gcc/arm-none-eabi/7.3.1/thumb/v7-m/libgcc.a(_arm_unorddf2.o)
 .ARM.attributes
                0x0000000000000f9d       0x1d /usr/lib/gcc/arm-none-eabi/7.3.1/thumb/v7-m/libgcc.a(_arm_fixdfsi.o)
 .ARM.attributes
                0x0000000000000fba       0x1d /usr/lib/gcc/arm-none-eabi/7.3.1/thumb/v7-m/libgcc.a(_arm_fixunsdfsi.o)
 .ARM.attributes
                0x0000000000000fd7       0x1d /usr/lib/gcc/arm-none-eabi/7.3.1/thumb/v7-m/libgcc.a(_arm_truncdfsf2.o)
 .ARM.attributes
                0x0000000000000ff4       0x1d /usr/lib/gcc/arm-none-eabi/7.3.1/thumb/v7-m/libgcc.a(_arm_addsubsf3.o)
 .ARM.attributes
                0x0000000000001011       0x1d /usr/lib/gcc/arm-none-eabi/7.3.1/thumb/v7-m/libgcc.a(_arm_muldivsf3.o)
 .ARM.attributes
                0x000000000000102e       0x1d /usr/lib/gcc/arm-none-eabi/7.3.1/thumb/v7-m/libgcc.a(_arm_cmpsf2.o)
 .ARM.attributes
                0x000000000000104b       0x1d /usr/lib/gcc/arm-none-eabi/7.3.1/thumb/v7-m/libgcc.a(_arm_unordsf2.o)
 .ARM.attributes
                0x0000000000001068       0x1d /usr/lib/gcc/arm-none-eabi/7.3.1/thumb/v7-m/libgcc.a(_arm_fixunssfsi.o)
 .ARM.attributes
                0x0000000000001085       0x2d /usr/lib/gcc/arm-none-eabi/7.3.1/thumb/v7-m/libgcc.a(_fixdfdi.o)
 .ARM.attributes
                0x00000000000010b2       0x2d /usr/lib/gcc/arm-none-eabi/7.3.1/thumb/v7-m/libgcc.a(_fixunsdfdi.o)
 .ARM.attributes
                0x00000000000010df       0x2d /usr/lib/gcc/arm-none-eabi/7.3.1/../../../arm-none-eabi/lib/thumb/v7-m/libc_nano.a(lib_a-errno.o)
 .ARM.attributes
                0x000000000000110c       0x2d /usr/lib/gcc/arm-none-eabi/7.3.1/thumb/v7-m/crtend.o
 .ARM.attributes
                0x0000000000001139       0x1d /usr/lib/gcc/arm-none-eabi/7.3.1/thumb/v7-m/crtn.o
OUTPUT(build/rf-sig-gen.elf elf32-littlearm)

.comment        0x0000000000000000       0xae
 .comment       0x0000000000000000       0x57 /usr/lib/gcc/arm-none-eabi/7.3.1/thumb/v7-m/crtbegin.o
                                         0x58 (size before relaxing)
 .comment       0x0000000000000057       0x58 build/main.o
 .comment       0x0000000000000057       0x58 build/gpio.o
 .comment       0x0000000000000057       0x58 build/adc.o
 .comment       0x0000000000000057       0x58 build/stm32f1xx_it.o
 .comment       0x0000000000000057       0x58 build/stm32f1xx_hal_msp.o
 .comment       0x0000000000000057       0x58 build/stm32f1xx_hal_adc.o
 .comment       0x0000000000000057       0x58 build/stm32f1xx_hal.o
 .comment       0x0000000000000057       0x58 build/stm32f1xx_hal_rcc.o
 .comment       0x0000000000000057       0x58 build/stm32f1xx_hal_rcc_ex.o
 .comment       0x0000000000000057       0x58 build/stm32f1xx_hal_gpio.o
 .comment       0x0000000000000057       0x58 build/stm32f1xx_hal_cortex.o
 .comment       0x0000000000000057       0x58 build/stm32f1xx_hal_tim.o
 .comment       0x0000000000000057       0x58 build/stm32f1xx_hal_tim_ex.o
 .comment       0x0000000000000057       0x58 build/stm32f1xx_hal_pcd.o
 .comment       0x0000000000000057       0x58 build/stm32f1xx_hal_pcd_ex.o
 .comment       0x0000000000000057       0x58 build/stm32f1xx_ll_usb.o
 .comment       0x0000000000000057       0x58 build/system_stm32f1xx.o
 .comment       0x0000000000000057       0x58 build/usb_device.o
 .comment       0x0000000000000057       0x58 build/usbd_conf.o
 .comment       0x0000000000000057       0x58 build/usbd_desc.o
 .comment       0x0000000000000057       0x58 build/usbd_cdc_if.o
 .comment       0x0000000000000057       0x58 build/usbd_core.o
 .comment       0x0000000000000057       0x58 build/usbd_ctlreq.o
 .comment       0x0000000000000057       0x58 build/usbd_ioreq.o
 .comment       0x0000000000000057       0x58 build/usbd_cdc.o
 .comment       0x0000000000000057       0x58 build/dwt_stm32_delay.o
 .comment       0x0000000000000057       0x58 build/tim.o
 .comment       0x0000000000000057       0x58 build/commandParser.o
 .comment       0x0000000000000057       0x58 build/max2871_registers.o